Archive member included to satisfy reference by file (symbol)

c:/nxp/mcuxpressoide_11.6.0_8187/ide/plugins/com.nxp.mcuxpresso.tools.win32_11.6.0.202112161359/tools/bin/../lib/gcc/arm-none-eabi/10.3.1/../../../../arm-none-eabi/lib/thumb/v6-m/nofp\libcr_semihost_nf.a(__ciob.o)
                              ./source/Command_Processor.o (__Ciob)
c:/nxp/mcuxpressoide_11.6.0_8187/ide/plugins/com.nxp.mcuxpresso.tools.win32_11.6.0.202112161359/tools/bin/../lib/gcc/arm-none-eabi/10.3.1/../../../../arm-none-eabi/lib/thumb/v6-m/nofp\libcr_semihost_nf.a(_cr__main.o)
                              ./startup/startup_mkl25z4.o (__main)
c:/nxp/mcuxpressoide_11.6.0_8187/ide/plugins/com.nxp.mcuxpresso.tools.win32_11.6.0.202112161359/tools/bin/../lib/gcc/arm-none-eabi/10.3.1/../../../../arm-none-eabi/lib/thumb/v6-m/nofp\libcr_semihost_nf.a(_cr_assert.o)
                              ./drivers/fsl_clock.o (__assertion_failed)
c:/nxp/mcuxpressoide_11.6.0_8187/ide/plugins/com.nxp.mcuxpresso.tools.win32_11.6.0.202112161359/tools/bin/../lib/gcc/arm-none-eabi/10.3.1/../../../../arm-none-eabi/lib/thumb/v6-m/nofp\libcr_semihost_nf.a(__sys_appexit.o)
                              c:/nxp/mcuxpressoide_11.6.0_8187/ide/plugins/com.nxp.mcuxpresso.tools.win32_11.6.0.202112161359/tools/bin/../lib/gcc/arm-none-eabi/10.3.1/../../../../arm-none-eabi/lib/thumb/v6-m/nofp\libcr_semihost_nf.a(_cr_assert.o) (__sys_appexit)
c:/nxp/mcuxpressoide_11.6.0_8187/ide/plugins/com.nxp.mcuxpresso.tools.win32_11.6.0.202112161359/tools/bin/../lib/gcc/arm-none-eabi/10.3.1/../../../../arm-none-eabi/lib/thumb/v6-m/nofp\libcr_c.a(memcpy.o)
                              ./source/test_cases.o (memcpy)
c:/nxp/mcuxpressoide_11.6.0_8187/ide/plugins/com.nxp.mcuxpresso.tools.win32_11.6.0.202112161359/tools/bin/../lib/gcc/arm-none-eabi/10.3.1/../../../../arm-none-eabi/lib/thumb/v6-m/nofp\libcr_c.a(memset.o)
                              ./source/Command_Processor.o (memset)
c:/nxp/mcuxpressoide_11.6.0_8187/ide/plugins/com.nxp.mcuxpresso.tools.win32_11.6.0.202112161359/tools/bin/../lib/gcc/arm-none-eabi/10.3.1/../../../../arm-none-eabi/lib/thumb/v6-m/nofp\libcr_c.a(__fillbuf.o)
                              ./source/Command_Processor.o (__filbuf)
c:/nxp/mcuxpressoide_11.6.0_8187/ide/plugins/com.nxp.mcuxpresso.tools.win32_11.6.0.202112161359/tools/bin/../lib/gcc/arm-none-eabi/10.3.1/../../../../arm-none-eabi/lib/thumb/v6-m/nofp\libcr_c.a(_deferredlazyseek.o)
                              c:/nxp/mcuxpressoide_11.6.0_8187/ide/plugins/com.nxp.mcuxpresso.tools.win32_11.6.0.202112161359/tools/bin/../lib/gcc/arm-none-eabi/10.3.1/../../../../arm-none-eabi/lib/thumb/v6-m/nofp\libcr_c.a(__fillbuf.o) (_deferredlazyseek)
c:/nxp/mcuxpressoide_11.6.0_8187/ide/plugins/com.nxp.mcuxpresso.tools.win32_11.6.0.202112161359/tools/bin/../lib/gcc/arm-none-eabi/10.3.1/../../../../arm-none-eabi/lib/thumb/v6-m/nofp\libcr_c.a(_fflush.o)
                              c:/nxp/mcuxpressoide_11.6.0_8187/ide/plugins/com.nxp.mcuxpresso.tools.win32_11.6.0.202112161359/tools/bin/../lib/gcc/arm-none-eabi/10.3.1/../../../../arm-none-eabi/lib/thumb/v6-m/nofp\libcr_c.a(__fillbuf.o) (_fflush)
c:/nxp/mcuxpressoide_11.6.0_8187/ide/plugins/com.nxp.mcuxpresso.tools.win32_11.6.0.202112161359/tools/bin/../lib/gcc/arm-none-eabi/10.3.1/../../../../arm-none-eabi/lib/thumb/v6-m/nofp\libcr_c.a(_writebuf.o)
                              c:/nxp/mcuxpressoide_11.6.0_8187/ide/plugins/com.nxp.mcuxpresso.tools.win32_11.6.0.202112161359/tools/bin/../lib/gcc/arm-none-eabi/10.3.1/../../../../arm-none-eabi/lib/thumb/v6-m/nofp\libcr_c.a(_deferredlazyseek.o) (_Cwritebuf)
c:/nxp/mcuxpressoide_11.6.0_8187/ide/plugins/com.nxp.mcuxpresso.tools.win32_11.6.0.202112161359/tools/bin/../lib/gcc/arm-none-eabi/10.3.1/../../../../arm-none-eabi/lib/thumb/v6-m/nofp\libcr_c.a(alloc.o)
                              c:/nxp/mcuxpressoide_11.6.0_8187/ide/plugins/com.nxp.mcuxpresso.tools.win32_11.6.0.202112161359/tools/bin/../lib/gcc/arm-none-eabi/10.3.1/../../../../arm-none-eabi/lib/thumb/v6-m/nofp\libcr_c.a(__fillbuf.o) (_Csys_alloc)
c:/nxp/mcuxpressoide_11.6.0_8187/ide/plugins/com.nxp.mcuxpresso.tools.win32_11.6.0.202112161359/tools/bin/../lib/gcc/arm-none-eabi/10.3.1/../../../../arm-none-eabi/lib/thumb/v6-m/nofp\libcr_c.a(atan2.o)
                              ./source/accelerometer.o (atan2)
c:/nxp/mcuxpressoide_11.6.0_8187/ide/plugins/com.nxp.mcuxpresso.tools.win32_11.6.0.202112161359/tools/bin/../lib/gcc/arm-none-eabi/10.3.1/../../../../arm-none-eabi/lib/thumb/v6-m/nofp\libcr_c.a(errno.o)
                              c:/nxp/mcuxpressoide_11.6.0_8187/ide/plugins/com.nxp.mcuxpresso.tools.win32_11.6.0.202112161359/tools/bin/../lib/gcc/arm-none-eabi/10.3.1/../../../../arm-none-eabi/lib/thumb/v6-m/nofp\libcr_c.a(atan2.o) (errno)
c:/nxp/mcuxpressoide_11.6.0_8187/ide/plugins/com.nxp.mcuxpresso.tools.win32_11.6.0.202112161359/tools/bin/../lib/gcc/arm-none-eabi/10.3.1/../../../../arm-none-eabi/lib/thumb/v6-m/nofp\libcr_c.a(fabs.o)
[...]
Memory Configuration

Name             Origin             Length             Attributes
PROGRAM_FLASH    0x00000000         0x00020000         xr
SRAM             0x1ffff000         0x00004000         xrw
*default*        0x00000000         0xffffffff

Linker script and memory map

LOAD ./utilities/fsl_debug_console.o
LOAD ./startup/startup_mkl25z4.o
LOAD ./source/Command_Processor.o
LOAD ./source/PES_Final_Project.o
LOAD ./source/PWM.o
LOAD ./source/Systick.o
LOAD ./source/TSI.o
LOAD ./source/UART.o
LOAD ./source/accelerometer.o
LOAD ./source/cbfifo.o
LOAD ./source/i2c.o
LOAD ./source/mtb.o
LOAD ./source/semihost_hardfault.o
LOAD ./source/test_cases.o
LOAD ./drivers/fsl_clock.o
LOAD ./drivers/fsl_common.o
LOAD ./drivers/fsl_flash.o
LOAD ./drivers/fsl_gpio.o
LOAD ./drivers/fsl_lpsci.o
LOAD ./drivers/fsl_smc.o
LOAD ./drivers/fsl_uart.o
LOAD ./board/board.o
LOAD ./board/clock_config.o
LOAD ./board/peripherals.o
LOAD ./board/pin_mux.o
LOAD ./CMSIS/system_MKL25Z4.o
START GROUP
LOAD c:/nxp/mcuxpressoide_11.6.0_8187/ide/plugins/com.nxp.mcuxpresso.tools.win32_11.6.0.202112161359/tools/bin/../lib/gcc/arm-none-eabi/10.3.1/../../../../arm-none-eabi/lib/thumb/v6-m/nofp\libcr_semihost_nf.a
LOAD c:/nxp/mcuxpressoide_11.6.0_8187/ide/plugins/com.nxp.mcuxpresso.tools.win32_11.6.0.202112161359/tools/bin/../lib/gcc/arm-none-eabi/10.3.1/../../../../arm-none-eabi/lib/thumb/v6-m/nofp\libcr_c.a
LOAD c:/nxp/mcuxpressoide_11.6.0_8187/ide/plugins/com.nxp.mcuxpresso.tools.win32_11.6.0.202112161359/tools/bin/../lib/gcc/arm-none-eabi/10.3.1/thumb/v6-m/nofp\libcr_eabihelpers.a
LOAD c:/nxp/mcuxpressoide_11.6.0_8187/ide/plugins/com.nxp.mcuxpresso.tools.win32_11.6.0.202112161359/tools/bin/../lib/gcc/arm-none-eabi/10.3.1/thumb/v6-m/nofp\libgcc.a
END GROUP
                0x00000000                __base_PROGRAM_FLASH = 0x0
                0x00000000                __base_Flash = 0x0
                0x00020000                __top_PROGRAM_FLASH = 0x20000
                0x00020000                __top_Flash = 0x20000
                0x1ffff000                __base_SRAM = 0x1ffff000
                0x1ffff000                __base_RAM = 0x1ffff000
                0x20003000                __top_SRAM = 0x20003000
                0x20003000                __top_RAM = 0x20003000

.text           0x00000000     0x7f04
 FILL mask 0xff
                0x00000000                __vectors_start__ = ABSOLUTE (.)
 *(SORT_BY_ALIGNMENT(.isr_vector))
 .isr_vector    0x00000000       0xc0 ./startup/startup_mkl25z4.o
                0x00000000                g_pfnVectors
                0x00000000                __Vectors
                0x000000c0                . = ALIGN (0x4)
                0x000000c0                __section_table_start = .
                0x000000c0                __data_section_table = .
                0x000000c0        0x4 LONG 0x7f04 LOADADDR (.data)
                0x000000c4        0x4 LONG 0x1ffff080 ADDR (.data)
                0x000000c8        0x4 LONG 0x8 SIZEOF (.data)
                0x000000cc                __data_section_table_end = .
                0x000000cc                __bss_section_table = .
                0x000000cc        0x4 LONG 0x1ffff088 ADDR (.bss)
                0x000000d0        0x4 LONG 0x434 SIZEOF (.bss)
                0x000000d4                __bss_section_table_end = .
                0x000000d4                __section_table_end = .
 *(SORT_BY_ALIGNMENT(.after_vectors*))
 .after_vectors.reset
                0x000000d4       0x4c ./startup/startup_mkl25z4.o
                0x000000d4                ResetISR
 .after_vectors.init_data
                0x00000120       0x12 ./startup/startup_mkl25z4.o
                0x00000120                data_init
 .after_vectors.init_bss
                0x00000132       0x10 ./startup/startup_mkl25z4.o
                0x00000132                bss_init
 .after_vectors
                0x00000142      0x10c ./startup/startup_mkl25z4.o
                0x00000142                NMI_Handler
                0x00000146                SVC_Handler
                0x00000148                PendSV_Handler
                0x0000014c                SPI1_DriverIRQHandler
                0x0000014c                LPTMR0_DriverIRQHandler
                0x0000014c                DMA0_DriverIRQHandler
                0x0000014c                I2C0_DriverIRQHandler
                0x0000014c                Reserved39_DriverIRQHandler
                0x0000014c                PORTD_DriverIRQHandler
                0x0000014c                DMA2_DriverIRQHandler
                0x0000014c                CMP0_DriverIRQHandler
                0x0000014c                TPM2_DriverIRQHandler
                0x0000014c                ADC0_DriverIRQHandler
                0x0000014c                SPI0_DriverIRQHandler
                0x0000014c                TSI0_DriverIRQHandler
                0x0000014c                RTC_Seconds_DriverIRQHandler
                0x0000014c                I2C1_DriverIRQHandler
                0x0000014c                LLWU_DriverIRQHandler
                0x0000014c                MCG_DriverIRQHandler
                0x0000014c                DMA1_DriverIRQHandler
                0x0000014c                PIT_DriverIRQHandler
                0x0000014c                RTC_DriverIRQHandler
                0x0000014c                FTFA_DriverIRQHandler
                0x0000014c                IntDefaultHandler
                0x0000014c                USB0_DriverIRQHandler
                0x0000014c                DAC0_DriverIRQHandler
                0x0000014c                TPM1_DriverIRQHandler
                0x0000014c                LVD_LVW_DriverIRQHandler
                0x0000014c                TPM0_DriverIRQHandler
                0x0000014c                PORTA_DriverIRQHandler
                0x0000014c                Reserved45_DriverIRQHandler
                0x0000014c                Reserved20_DriverIRQHandler
                0x0000014c                DMA3_DriverIRQHandler
                0x0000014e                DMA0_IRQHandler
                0x00000156                DMA1_IRQHandler
                0x0000015e                DMA2_IRQHandler
                0x00000166                DMA3_IRQHandler
                0x0000016e                Reserved20_IRQHandler
                0x00000176                FTFA_IRQHandler
                0x0000017e                LVD_LVW_IRQHandler
                0x00000186                LLWU_IRQHandler
                0x0000018e                I2C0_IRQHandler
                0x00000196                I2C1_IRQHandler
                0x0000019e                SPI0_IRQHandler
                0x000001a6                SPI1_IRQHandler
                0x000001b6                UART1_IRQHandler
                0x000001be                UART2_IRQHandler
                0x000001c6                ADC0_IRQHandler
                0x000001ce                CMP0_IRQHandler
                0x000001d6                TPM0_IRQHandler
                0x000001de                TPM1_IRQHandler
                0x000001e6                TPM2_IRQHandler
                0x000001ee                RTC_IRQHandler
                0x000001f6                RTC_Seconds_IRQHandler
                0x000001fe                PIT_IRQHandler
                0x00000206                Reserved39_IRQHandler
                0x0000020e                USB0_IRQHandler
                0x00000216                DAC0_IRQHandler
                0x0000021e                TSI0_IRQHandler
                0x00000226                MCG_IRQHandler
                0x0000022e                LPTMR0_IRQHandler
                0x00000236                Reserved45_IRQHandler
                0x0000023e                PORTA_IRQHandler
                0x00000246                PORTD_IRQHandler
                0x00000400                . = 0x400
 *fill*         0x0000024e      0x1b2 ff
                0x00000400                PROVIDE (__FLASH_CONFIG_START__ = .)
 *(SORT_BY_ALIGNMENT(.FlashConfig))
 .FlashConfig   0x00000400       0x10 ./startup/startup_mkl25z4.o
                0x00000400                Flash_Config
                0x00000410                PROVIDE (__FLASH_CONFIG_END__ = .)
                0x00000001                ASSERT (! ((__FLASH_CONFIG_START__ == __FLASH_CONFIG_END__)), Linker Flash Config Support Enabled, but no .FlashConfig section provided within application)
 *(SORT_BY_ALIGNMENT(.text*))
 .text.DbgConsole_Init
                0x00000410       0xf4 ./utilities/fsl_debug_console.o
                0x00000410                DbgConsole_Init
 .text.roll_sp  0x00000504       0x74 ./source/Command_Processor.o
                0x00000504                roll_sp
 .text.pitch_sp
                0x00000578       0x50 ./source/Command_Processor.o
                0x00000578                pitch_sp
 .text.calibrate_roll
                0x000005c8       0x28 ./source/Command_Processor.o
                0x000005c8                calibrate_roll
 .text.calibrate_reset
                0x000005f0       0x2c ./source/Command_Processor.o
                0x000005f0                calibrate_reset
 .text.display_angles
                0x0000061c       0x8c ./source/Command_Processor.o
                0x0000061c                display_angles
 .text.help     0x000006a8       0x4c ./source/Command_Processor.o
                0x000006a8                help
 .text.position_tracking
                0x000006f4      0x468 ./source/Command_Processor.o
                0x000006f4                position_tracking
 .text.process_command
                0x00000b5c      0x194 ./source/Command_Processor.o
                0x00000b5c                process_command
 .text.command_processor
                0x00000cf0      0x140 ./source/Command_Processor.o
                0x00000cf0                command_processor
 .text.main     0x00000e30       0x5c ./source/PES_Final_Project.o
                0x00000e30                main
 .text.Init_RGB_LED_PWM
                0x00000e8c      0x13c ./source/PWM.o
                0x00000e8c                Init_RGB_LED_PWM
 .text.NVIC_SetPriority
                0x00000fc8       0xdc ./source/Systick.o
 .text.Init_SysTick
                0x000010a4       0x30 ./source/Systick.o
                0x000010a4                Init_SysTick
 .text.SysTick_Handler
                0x000010d4       0x18 ./source/Systick.o
                0x000010d4                SysTick_Handler
 .text.reset_timer
                0x000010ec       0x1c ./source/Systick.o
                0x000010ec                reset_timer
 .text.get_timer
                0x00001108       0x1c ./source/Systick.o
                0x00001108                get_timer
 .text.Touch_Init
                0x00001124       0x30 ./source/TSI.o
                0x00001124                Touch_Init
 .text.Touch_Scan_LH
                0x00001154       0x54 ./source/TSI.o
                0x00001154                Touch_Scan_LH
 .text.NVIC_EnableIRQ
                0x000011a8       0x2c ./source/UART.o
 .text.NVIC_ClearPendingIRQ
                0x000011d4       0x30 ./source/UART.o
 .text.NVIC_SetPriority
                0x00001204       0xdc ./source/UART.o
 .text.Init_UART0
                0x000012e0      0x174 ./source/UART.o
                0x000012e0                Init_UART0
 .text.UART0_IRQHandler
                0x00001454       0xb8 ./source/UART.o
                0x00001454                UART0_IRQHandler
 .text.__sys_write
                0x0000150c       0x80 ./source/UART.o
                0x0000150c                __sys_write
 .text.__sys_readc
                0x0000158c       0x3c ./source/UART.o
                0x0000158c                __sys_readc
 .text.read_full_xyz
                0x000015c8       0xd8 ./source/accelerometer.o
                0x000015c8                read_full_xyz
 .text.convert_xyz_to_roll
                0x000016a0       0xbc ./source/accelerometer.o
                0x000016a0                convert_xyz_to_roll
 .text.convert_xyz_to_pitch
                0x0000175c      0x110 ./source/accelerometer.o
                0x0000175c                convert_xyz_to_pitch
 .text.i2c_init
                0x0000186c       0x84 ./source/i2c.o
                0x0000186c                i2c_init
 .text.i2c_busy
                0x000018f0      0x174 ./source/i2c.o
                0x000018f0                i2c_busy
 .text.i2c_wait
                0x00001a64       0x6c ./source/i2c.o
                0x00001a64                i2c_wait
 .text.i2c_start
                0x00001ad0       0x30 ./source/i2c.o
                0x00001ad0                i2c_start
 .text.i2c_read_setup
                0x00001b00       0x68 ./source/i2c.o
                0x00001b00                i2c_read_setup
 .text.i2c_repeated_read
                0x00001b68       0x80 ./source/i2c.o
                0x00001b68                i2c_repeated_read
 .text.i2c_write_byte
                0x00001be8       0x80 ./source/i2c.o
                0x00001be8                i2c_write_byte
 .text.HardFault_Handler
                0x00001c68       0x30 ./source/semihost_hardfault.o
                0x00001c68                HardFault_Handler
 .text.cbfifo_test1
                0x00001c98       0x54 ./source/test_cases.o
                0x00001c98                cbfifo_test1
 .text.cbfifo_test2
                0x00001cec       0x30 ./source/test_cases.o
                0x00001cec                cbfifo_test2
 .text.cbfifo_test3
                0x00001d1c       0x30 ./source/test_cases.o
                0x00001d1c                cbfifo_test3
 .text.cbfifo_test4
                0x00001d4c       0x78 ./source/test_cases.o
                0x00001d4c                cbfifo_test4
 .text.cbfifo_test5
                0x00001dc4       0x74 ./source/test_cases.o
                0x00001dc4                cbfifo_test5
 .text.cbfifo_test6
                0x00001e38       0xac ./source/test_cases.o
                0x00001e38                cbfifo_test6
 .text.cbfifo_test7
                0x00001ee4       0x50 ./source/test_cases.o
                0x00001ee4                cbfifo_test7
 .text.cbfifo_test8
                0x00001f34       0x3c ./source/test_cases.o
                0x00001f34                cbfifo_test8
 .text.cbfifo_test9
                0x00001f70       0x3c ./source/test_cases.o
                0x00001f70                cbfifo_test9
 .text.test_cbfifo
                0x00001fac       0xb4 ./source/test_cases.o
                0x00001fac                test_cbfifo
 .text.test_accelerometer
                0x00002060       0x44 ./source/test_cases.o
                0x00002060                test_accelerometer
 .text.test_systick
                0x000020a4       0x70 ./source/test_cases.o
                0x000020a4                test_systick
 .text.test_TSI
                0x00002114       0x9c ./source/test_cases.o
                0x00002114                test_TSI
 .text.CLOCK_SetEr32kClock
                0x000021b0       0x34 ./drivers/fsl_clock.o
 .text.CLOCK_SetPllFllSelClock
                0x000021e4       0x38 ./drivers/fsl_clock.o
 .text.CLOCK_GetMcgExtClkFreq
                0x0000221c       0x28 ./drivers/fsl_clock.o
 .text.CLOCK_GetFllExtRefClkFreq
                0x00002244       0xa8 ./drivers/fsl_clock.o
 .text.CLOCK_GetFllRefClkFreq
                0x000022ec       0x2c ./drivers/fsl_clock.o
 .text.CLOCK_GetOscRangeFromFreq
                0x00002318       0x4c ./drivers/fsl_clock.o
 .text.CLOCK_GetPllFllSelClkFreq
                0x00002364       0x4c ./drivers/fsl_clock.o
                0x00002364                CLOCK_GetPllFllSelClkFreq
 .text.CLOCK_SetSimConfig
                0x000023b0       0x38 ./drivers/fsl_clock.o
                0x000023b0                CLOCK_SetSimConfig
 .text.CLOCK_GetFllFreq
                0x000023e8       0x84 ./drivers/fsl_clock.o
                0x000023e8                CLOCK_GetFllFreq
 .text.CLOCK_GetPll0Freq
                0x0000246c       0x70 ./drivers/fsl_clock.o
                0x0000246c                CLOCK_GetPll0Freq
 .text.CLOCK_SetInternalRefClkConfig
                0x000024dc      0x124 ./drivers/fsl_clock.o
                0x000024dc                CLOCK_SetInternalRefClkConfig
 .text.CLOCK_EnablePll0
                0x00002600       0x94 ./drivers/fsl_clock.o
                0x00002600                CLOCK_EnablePll0
 .text.CLOCK_InitOsc0
                0x00002694       0x94 ./drivers/fsl_clock.o
                0x00002694                CLOCK_InitOsc0
 .text.CLOCK_SetPbeMode
                0x00002728       0xb0 ./drivers/fsl_clock.o
                0x00002728                CLOCK_SetPbeMode
 .text.CLOCK_BootToPeeMode
                0x000027d8       0x70 ./drivers/fsl_clock.o
                0x000027d8                CLOCK_BootToPeeMode
 .text.CLOCK_EnableClock
                0x00002848       0x34 ./drivers/fsl_lpsci.o
 .text.LPSCI_GetInstance
                0x0000287c       0x48 ./drivers/fsl_lpsci.o
                0x0000287c                LPSCI_GetInstance
 .text.LPSCI_Init
                0x000028c4      0x258 ./drivers/fsl_lpsci.o
                0x000028c4                LPSCI_Init
 .text.LPSCI_GetDefaultConfig
                0x00002b1c       0x44 ./drivers/fsl_lpsci.o
                0x00002b1c                LPSCI_GetDefaultConfig
 .text.LPSCI_ClearStatusFlags
                0x00002b60       0x94 ./drivers/fsl_lpsci.o
                0x00002b60                LPSCI_ClearStatusFlags
 .text.LPSCI_WriteBlocking
                0x00002bf4       0x4c ./drivers/fsl_lpsci.o
                0x00002bf4                LPSCI_WriteBlocking
 .text.LPSCI_ReadBlocking
                0x00002c40       0xc0 ./drivers/fsl_lpsci.o
                0x00002c40                LPSCI_ReadBlocking
 .text.UART0_DriverIRQHandler
                0x00002d00       0x24 ./drivers/fsl_lpsci.o
                0x00002d00                UART0_DriverIRQHandler
 .text.CLOCK_EnableClock
                0x00002d24       0x34 ./drivers/fsl_uart.o
 .text.UART_GetInstance
                0x00002d58       0x54 ./drivers/fsl_uart.o
                0x00002d58                UART_GetInstance
 .text.UART_Init
                0x00002dac      0x1e0 ./drivers/fsl_uart.o
                0x00002dac                UART_Init
 .text.UART_GetDefaultConfig
                0x00002f8c       0x44 ./drivers/fsl_uart.o
                0x00002f8c                UART_GetDefaultConfig
 .text.UART_ReadBlocking
                0x00002fd0       0x98 ./drivers/fsl_uart.o
                0x00002fd0                UART_ReadBlocking
 .text.UART1_DriverIRQHandler
                0x00003068       0x24 ./drivers/fsl_uart.o
                0x00003068                UART1_DriverIRQHandler
 .text.UART2_DriverIRQHandler
                0x0000308c       0x24 ./drivers/fsl_uart.o
                0x0000308c                UART2_DriverIRQHandler
 .text.CLOCK_SetLpsci0Clock
                0x000030b0       0x38 ./board/board.o
 .text.BOARD_InitDebugConsole
                0x000030e8       0x30 ./board/board.o
                0x000030e8                BOARD_InitDebugConsole
 .text.CLOCK_SetSimSafeDivs
                0x00003118       0x20 ./board/clock_config.o
 .text.CLOCK_SetXtal0Freq
                0x00003138       0x1c ./board/clock_config.o
 .text.CLOCK_CONFIG_SetFllExtRefDiv
                0x00003154       0x3c ./board/clock_config.o
 .text.BOARD_BootClockRUN
                0x00003190       0x64 ./board/clock_config.o
                0x00003190                BOARD_BootClockRUN
 .text.CLOCK_EnableClock
                0x000031f4       0x34 ./board/pin_mux.o
 .text.PORT_SetPinMux
                0x00003228       0x40 ./board/pin_mux.o
 .text.BOARD_InitPins
                0x00003268       0x4c ./board/pin_mux.o
                0x00003268                BOARD_InitPins
 .text.SystemInit
                0x000032b4       0x18 ./CMSIS/system_MKL25Z4.o
                0x000032b4                SystemInit
 .text.__assertion_failed
                0x000032cc       0x4c c:/nxp/mcuxpressoide_11.6.0_8187/ide/plugins/com.nxp.mcuxpresso.tools.win32_11.6.0.202112161359/tools/bin/../lib/gcc/arm-none-eabi/10.3.1/../../../../arm-none-eabi/lib/thumb/v6-m/nofp\libcr_semihost_nf.a(_cr_assert.o)
                0x000032cc                __assertion_failed
 .text.__sys_appexit
                0x00003318        0xc c:/nxp/mcuxpressoide_11.6.0_8187/ide/plugins/com.nxp.mcuxpresso.tools.win32_11.6.0.202112161359/tools/bin/../lib/gcc/arm-none-eabi/10.3.1/../../../../arm-none-eabi/lib/thumb/v6-m/nofp\libcr_semihost_nf.a(__sys_appexit.o)
                0x00003318                __sys_appexit
                0x00003318                __exit
 .text.__filbuf
                0x00003324      0x188 c:/nxp/mcuxpressoide_11.6.0_8187/ide/plugins/com.nxp.mcuxpresso.tools.win32_11.6.0.202112161359/tools/bin/../lib/gcc/arm-none-eabi/10.3.1/../../../../arm-none-eabi/lib/thumb/v6-m/nofp\libcr_c.a(__fillbuf.o)
                0x00003324                __filbuf
 .text._deferredlazyseek
                0x000034ac       0x40 c:/nxp/mcuxpressoide_11.6.0_8187/ide/plugins/com.nxp.mcuxpresso.tools.win32_11.6.0.202112161359/tools/bin/../lib/gcc/arm-none-eabi/10.3.1/../../../../arm-none-eabi/lib/thumb/v6-m/nofp\libcr_c.a(_deferredlazyseek.o)
                0x000034ac                _deferredlazyseek
 .text.__flsbuf
                0x000034ec      0x150 c:/nxp/mcuxpressoide_11.6.0_8187/ide/plugins/com.nxp.mcuxpresso.tools.win32_11.6.0.202112161359/tools/bin/../lib/gcc/arm-none-eabi/10.3.1/../../../../arm-none-eabi/lib/thumb/v6-m/nofp\libcr_c.a(_deferredlazyseek.o)
                0x000034ec                __flsbuf
 .text._fflush  0x0000363c       0x60 c:/nxp/mcuxpressoide_11.6.0_8187/ide/plugins/com.nxp.mcuxpresso.tools.win32_11.6.0.202112161359/tools/bin/../lib/gcc/arm-none-eabi/10.3.1/../../../../arm-none-eabi/lib/thumb/v6-m/nofp\libcr_c.a(_fflush.o)
                0x0000363c                _fflush
 .text._Cwritebuf
                0x0000369c       0x68 c:/nxp/mcuxpressoide_11.6.0_8187/ide/plugins/com.nxp.mcuxpresso.tools.win32_11.6.0.202112161359/tools/bin/../lib/gcc/arm-none-eabi/10.3.1/../../../../arm-none-eabi/lib/thumb/v6-m/nofp\libcr_c.a(_writebuf.o)
                0x0000369c                _Cwritebuf
 .text.malloc   0x00003704       0xcc c:/nxp/mcuxpressoide_11.6.0_8187/ide/plugins/com.nxp.mcuxpresso.tools.win32_11.6.0.202112161359/tools/bin/../lib/gcc/arm-none-eabi/10.3.1/../../../../arm-none-eabi/lib/thumb/v6-m/nofp\libcr_c.a(alloc.o)
                0x00003704                malloc
 .text._Csys_alloc
                0x000037d0       0x20 c:/nxp/mcuxpressoide_11.6.0_8187/ide/plugins/com.nxp.mcuxpresso.tools.win32_11.6.0.202112161359/tools/bin/../lib/gcc/arm-none-eabi/10.3.1/../../../../arm-none-eabi/lib/thumb/v6-m/nofp\libcr_c.a(alloc.o)
                0x000037d0                _Csys_alloc
 .text.atan2    0x000037f0      0x108 c:/nxp/mcuxpressoide_11.6.0_8187/ide/plugins/com.nxp.mcuxpresso.tools.win32_11.6.0.202112161359/tools/bin/../lib/gcc/arm-none-eabi/10.3.1/../../../../arm-none-eabi/lib/thumb/v6-m/nofp\libcr_c.a(atan2.o)
                0x000037f0                atan2
 .text.sprintf  0x000038f8       0x6c c:/nxp/mcuxpressoide_11.6.0_8187/ide/plugins/com.nxp.mcuxpresso.tools.win32_11.6.0.202112161359/tools/bin/../lib/gcc/arm-none-eabi/10.3.1/../../../../arm-none-eabi/lib/thumb/v6-m/nofp\libcr_c.a(fpprintf.o)
                0x000038f8                sprintf
 .text.fp_display
                0x00003964      0x97c c:/nxp/mcuxpressoide_11.6.0_8187/ide/plugins/com.nxp.mcuxpresso.tools.win32_11.6.0.202112161359/tools/bin/../lib/gcc/arm-none-eabi/10.3.1/../../../../arm-none-eabi/lib/thumb/v6-m/nofp\libcr_c.a(fpprintf.o)
 .text.vsnprintf
                0x000042e0       0x70 c:/nxp/mcuxpressoide_11.6.0_8187/ide/plugins/com.nxp.mcuxpresso.tools.win32_11.6.0.202112161359/tools/bin/../lib/gcc/arm-none-eabi/10.3.1/../../../../arm-none-eabi/lib/thumb/v6-m/nofp\libcr_c.a(fpprintf.o)
                0x000042e0                vsnprintf
 .text.printf   0x00004350       0x50 c:/nxp/mcuxpressoide_11.6.0_8187/ide/plugins/com.nxp.mcuxpresso.tools.win32_11.6.0.202112161359/tools/bin/../lib/gcc/arm-none-eabi/10.3.1/../../../../arm-none-eabi/lib/thumb/v6-m/nofp\libcr_c.a(fpprintf.o)
                0x00004350                printf
 .text.fseek    0x000043a0       0xf0 c:/nxp/mcuxpressoide_11.6.0_8187/ide/plugins/com.nxp.mcuxpresso.tools.win32_11.6.0.202112161359/tools/bin/../lib/gcc/arm-none-eabi/10.3.1/../../../../arm-none-eabi/lib/thumb/v6-m/nofp\libcr_c.a(fseek.o)
                0x000043a0                fseek
 .text.ftell    0x00004490       0x48 c:/nxp/mcuxpressoide_11.6.0_8187/ide/plugins/com.nxp.mcuxpresso.tools.win32_11.6.0.202112161359/tools/bin/../lib/gcc/arm-none-eabi/10.3.1/../../../../arm-none-eabi/lib/thumb/v6-m/nofp\libcr_c.a(ftell.o)
                0x00004490                ftell
 .text._initio  0x000044d8       0x7c c:/nxp/mcuxpressoide_11.6.0_8187/ide/plugins/com.nxp.mcuxpresso.tools.win32_11.6.0.202112161359/tools/bin/../lib/gcc/arm-none-eabi/10.3.1/../../../../arm-none-eabi/lib/thumb/v6-m/nofp\libcr_c.a(initio.o)
                0x000044d8                _initio
 .text.__vfprintf
                0x00004554      0xd40 c:/nxp/mcuxpressoide_11.6.0_8187/ide/plugins/com.nxp.mcuxpresso.tools.win32_11.6.0.202112161359/tools/bin/../lib/gcc/arm-none-eabi/10.3.1/../../../../arm-none-eabi/lib/thumb/v6-m/nofp\libcr_c.a(printf.o)
                0x00004554                __vfprintf
 .text.ch_val   0x00005294       0x30 c:/nxp/mcuxpressoide_11.6.0_8187/ide/plugins/com.nxp.mcuxpresso.tools.win32_11.6.0.202112161359/tools/bin/../lib/gcc/arm-none-eabi/10.3.1/../../../../arm-none-eabi/lib/thumb/v6-m/nofp\libcr_c.a(scanf.o)
 .text._strtoul
                0x000052c4       0xcc c:/nxp/mcuxpressoide_11.6.0_8187/ide/plugins/com.nxp.mcuxpresso.tools.win32_11.6.0.202112161359/tools/bin/../lib/gcc/arm-none-eabi/10.3.1/../../../../arm-none-eabi/lib/thumb/v6-m/nofp\libcr_c.a(scanf.o)
 .text.strtol   0x00005390       0x8c c:/nxp/mcuxpressoide_11.6.0_8187/ide/plugins/com.nxp.mcuxpresso.tools.win32_11.6.0.202112161359/tools/bin/../lib/gcc/arm-none-eabi/10.3.1/../../../../arm-none-eabi/lib/thumb/v6-m/nofp\libcr_c.a(scanf.o)
                0x00005390                strtol
 .text.atoi     0x0000541c       0x18 c:/nxp/mcuxpressoide_11.6.0_8187/ide/plugins/com.nxp.mcuxpresso.tools.win32_11.6.0.202112161359/tools/bin/../lib/gcc/arm-none-eabi/10.3.1/../../../../arm-none-eabi/lib/thumb/v6-m/nofp\libcr_c.a(scanf.o)
                0x0000541c                atoi
 .text.setvbuf  0x00005434       0x4c c:/nxp/mcuxpressoide_11.6.0_8187/ide/plugins/com.nxp.mcuxpresso.tools.win32_11.6.0.202112161359/tools/bin/../lib/gcc/arm-none-eabi/10.3.1/../../../../arm-none-eabi/lib/thumb/v6-m/nofp\libcr_c.a(setvbuf.o)
                0x00005434                setvbuf
 .text.sqrt     0x00005480      0x134 c:/nxp/mcuxpressoide_11.6.0_8187/ide/plugins/com.nxp.mcuxpresso.tools.win32_11.6.0.202112161359/tools/bin/../lib/gcc/arm-none-eabi/10.3.1/../../../../arm-none-eabi/lib/thumb/v6-m/nofp\libcr_c.a(sqrt.o)
                0x00005480                sqrt
 .text.strlen   0x000055b4       0x58 c:/nxp/mcuxpressoide_11.6.0_8187/ide/plugins/com.nxp.mcuxpresso.tools.win32_11.6.0.202112161359/tools/bin/../lib/gcc/arm-none-eabi/10.3.1/../../../../arm-none-eabi/lib/thumb/v6-m/nofp\libcr_c.a(strlen.o)
                0x000055b4                strlen
 .text._sbrk    0x0000560c       0x44 c:/nxp/mcuxpressoide_11.6.0_8187/ide/plugins/com.nxp.mcuxpresso.tools.win32_11.6.0.202112161359/tools/bin/../lib/gcc/arm-none-eabi/10.3.1/../../../../arm-none-eabi/lib/thumb/v6-m/nofp\libcr_c.a(_cr_sbrk.o)
                0x0000560c                _sbrk
 .text._fdopen  0x00005650       0x74 c:/nxp/mcuxpressoide_11.6.0_8187/ide/plugins/com.nxp.mcuxpresso.tools.win32_11.6.0.202112161359/tools/bin/../lib/gcc/arm-none-eabi/10.3.1/../../../../arm-none-eabi/lib/thumb/v6-m/nofp\libcr_c.a(_fdopen.o)
                0x00005650                _fdopen
 .text._frexpl  0x000056c4       0x80 c:/nxp/mcuxpressoide_11.6.0_8187/ide/plugins/com.nxp.mcuxpresso.tools.win32_11.6.0.202112161359/tools/bin/../lib/gcc/arm-none-eabi/10.3.1/../../../../arm-none-eabi/lib/thumb/v6-m/nofp\libcr_c.a(_frexpl.o)
                0x000056c4                _frexpl
 .text._ldexpl  0x00005744       0x58 c:/nxp/mcuxpressoide_11.6.0_8187/ide/plugins/com.nxp.mcuxpresso.tools.win32_11.6.0.202112161359/tools/bin/../lib/gcc/arm-none-eabi/10.3.1/../../../../arm-none-eabi/lib/thumb/v6-m/nofp\libcr_c.a(_ldexpl.o)
                0x00005744                _ldexpl
 .text.atan     0x0000579c      0x204 c:/nxp/mcuxpressoide_11.6.0_8187/ide/plugins/com.nxp.mcuxpresso.tools.win32_11.6.0.202112161359/tools/bin/../lib/gcc/arm-none-eabi/10.3.1/../../../../arm-none-eabi/lib/thumb/v6-m/nofp\libcr_c.a(atan.o)
                0x0000579c                atan
 .text.tolower  0x000059a0       0x14 c:/nxp/mcuxpressoide_11.6.0_8187/ide/plugins/com.nxp.mcuxpresso.tools.win32_11.6.0.202112161359/tools/bin/../lib/gcc/arm-none-eabi/10.3.1/../../../../arm-none-eabi/lib/thumb/v6-m/nofp\libcr_c.a(ctype.o)
                0x000059a0                tolower
 .text.fclose   0x000059b4       0x5c c:/nxp/mcuxpressoide_11.6.0_8187/ide/plugins/com.nxp.mcuxpresso.tools.win32_11.6.0.202112161359/tools/bin/../lib/gcc/arm-none-eabi/10.3.1/../../../../arm-none-eabi/lib/thumb/v6-m/nofp\libcr_c.a(fclose.o)
                0x000059b4                fclose
 .text.fflush   0x00005a10       0x44 c:/nxp/mcuxpressoide_11.6.0_8187/ide/plugins/com.nxp.mcuxpresso.tools.win32_11.6.0.202112161359/tools/bin/../lib/gcc/arm-none-eabi/10.3.1/../../../../arm-none-eabi/lib/thumb/v6-m/nofp\libcr_c.a(fflush.o)
                0x00005a10                fflush
 .text.__check_heap_overflow
                0x00005a54       0x18 c:/nxp/mcuxpressoide_11.6.0_8187/ide/plugins/com.nxp.mcuxpresso.tools.win32_11.6.0.202112161359/tools/bin/../lib/gcc/arm-none-eabi/10.3.1/../../../../arm-none-eabi/lib/thumb/v6-m/nofp\libcr_c.a(_cr_check_heap.o)
                0x00005a54                __check_heap_overflow
 .text._do_fflush
                0x00005a6c       0x48 c:/nxp/mcuxpressoide_11.6.0_8187/ide/plugins/com.nxp.mcuxpresso.tools.win32_11.6.0.202112161359/tools/bin/../lib/gcc/arm-none-eabi/10.3.1/../../../../arm-none-eabi/lib/thumb/v6-m/nofp\libcr_c.a(_do_fflush.o)
                0x00005a6c                _do_fflush
 .text.__aeabi_dmul
                0x00005ab4      0x184 c:/nxp/mcuxpressoide_11.6.0_8187/ide/plugins/com.nxp.mcuxpresso.tools.win32_11.6.0.202112161359/tools/bin/../lib/gcc/arm-none-eabi/10.3.1/thumb/v6-m/nofp\libcr_eabihelpers.a(double.o)
                0x00005ab4                __aeabi_dmul
 .text.__aeabi_ddiv
                0x00005c38      0x14c c:/nxp/mcuxpressoide_11.6.0_8187/ide/plugins/com.nxp.mcuxpresso.tools.win32_11.6.0.202112161359/tools/bin/../lib/gcc/arm-none-eabi/10.3.1/thumb/v6-m/nofp\libcr_eabihelpers.a(double.o)
                0x00005c38                __aeabi_ddiv
 .text.__aeabi_dsub
                0x00005d84      0x1c0 c:/nxp/mcuxpressoide_11.6.0_8187/ide/plugins/com.nxp.mcuxpresso.tools.win32_11.6.0.202112161359/tools/bin/../lib/gcc/arm-none-eabi/10.3.1/thumb/v6-m/nofp\libcr_eabihelpers.a(double.o)
                0x00005d84                __aeabi_dsub
 .text.__aeabi_dadd
                0x00005f44      0x134 c:/nxp/mcuxpressoide_11.6.0_8187/ide/plugins/com.nxp.mcuxpresso.tools.win32_11.6.0.202112161359/tools/bin/../lib/gcc/arm-none-eabi/10.3.1/thumb/v6-m/nofp\libcr_eabihelpers.a(double.o)
                0x00005f44                __aeabi_dadd
 .text.__aeabi_d2f
                0x00006078       0x60 c:/nxp/mcuxpressoide_11.6.0_8187/ide/plugins/com.nxp.mcuxpresso.tools.win32_11.6.0.202112161359/tools/bin/../lib/gcc/arm-none-eabi/10.3.1/thumb/v6-m/nofp\libcr_eabihelpers.a(double.o)
                0x00006078                __aeabi_d2f
 .text.__aeabi_d2iz
                0x000060d8       0x50 c:/nxp/mcuxpressoide_11.6.0_8187/ide/plugins/com.nxp.mcuxpresso.tools.win32_11.6.0.202112161359/tools/bin/../lib/gcc/arm-none-eabi/10.3.1/thumb/v6-m/nofp\libcr_eabihelpers.a(double.o)
                0x000060d8                __aeabi_d2iz
 .text.__aeabi_d2uiz
                0x00006128       0x38 c:/nxp/mcuxpressoide_11.6.0_8187/ide/plugins/com.nxp.mcuxpresso.tools.win32_11.6.0.202112161359/tools/bin/../lib/gcc/arm-none-eabi/10.3.1/thumb/v6-m/nofp\libcr_eabihelpers.a(double.o)
                0x00006128                __aeabi_d2uiz
 .text.__aeabi_dcmpeq
                0x00006160       0x30 c:/nxp/mcuxpressoide_11.6.0_8187/ide/plugins/com.nxp.mcuxpresso.tools.win32_11.6.0.202112161359/tools/bin/../lib/gcc/arm-none-eabi/10.3.1/thumb/v6-m/nofp\libcr_eabihelpers.a(double.o)
                0x00006160                __aeabi_dcmpeq
 .text.__aeabi_dcmplt
                0x00006190       0x60 c:/nxp/mcuxpressoide_11.6.0_8187/ide/plugins/com.nxp.mcuxpresso.tools.win32_11.6.0.202112161359/tools/bin/../lib/gcc/arm-none-eabi/10.3.1/thumb/v6-m/nofp\libcr_eabihelpers.a(double.o)
                0x00006190                __aeabi_dcmplt
 .text.__aeabi_dcmpgt
                0x000061f0       0x5c c:/nxp/mcuxpressoide_11.6.0_8187/ide/plugins/com.nxp.mcuxpresso.tools.win32_11.6.0.202112161359/tools/bin/../lib/gcc/arm-none-eabi/10.3.1/thumb/v6-m/nofp\libcr_eabihelpers.a(double.o)
                0x000061f0                __aeabi_dcmpgt
 .text.__aeabi_dcmple
                0x0000624c       0x5c c:/nxp/mcuxpressoide_11.6.0_8187/ide/plugins/com.nxp.mcuxpresso.tools.win32_11.6.0.202112161359/tools/bin/../lib/gcc/arm-none-eabi/10.3.1/thumb/v6-m/nofp\libcr_eabihelpers.a(double.o)
                0x0000624c                __aeabi_dcmple
 .text.__aeabi_dcmpge
                0x000062a8       0x5c c:/nxp/mcuxpressoide_11.6.0_8187/ide/plugins/com.nxp.mcuxpresso.tools.win32_11.6.0.202112161359/tools/bin/../lib/gcc/arm-none-eabi/10.3.1/thumb/v6-m/nofp\libcr_eabihelpers.a(double.o)
                0x000062a8                __aeabi_dcmpge
 .text.__aeabi_fmul
                0x00006304       0xc0 c:/nxp/mcuxpressoide_11.6.0_8187/ide/plugins/com.nxp.mcuxpresso.tools.win32_11.6.0.202112161359/tools/bin/../lib/gcc/arm-none-eabi/10.3.1/thumb/v6-m/nofp\libcr_eabihelpers.a(float.o)
                0x00006304                __aeabi_fmul
 .text.__aeabi_fsub
                0x000063c4      0x128 c:/nxp/mcuxpressoide_11.6.0_8187/ide/plugins/com.nxp.mcuxpresso.tools.win32_11.6.0.202112161359/tools/bin/../lib/gcc/arm-none-eabi/10.3.1/thumb/v6-m/nofp\libcr_eabihelpers.a(float.o)
                0x000063c4                __aeabi_fsub
 .text.__aeabi_fadd
                0x000064ec       0xac c:/nxp/mcuxpressoide_11.6.0_8187/ide/plugins/com.nxp.mcuxpresso.tools.win32_11.6.0.202112161359/tools/bin/../lib/gcc/arm-none-eabi/10.3.1/thumb/v6-m/nofp\libcr_eabihelpers.a(float.o)
                0x000064ec                __aeabi_fadd
 .text.__aeabi_f2d
                0x00006598       0x40 c:/nxp/mcuxpressoide_11.6.0_8187/ide/plugins/com.nxp.mcuxpresso.tools.win32_11.6.0.202112161359/tools/bin/../lib/gcc/arm-none-eabi/10.3.1/thumb/v6-m/nofp\libcr_eabihelpers.a(float.o)
                0x00006598                __aeabi_f2d
 .text.UART_EnableTx
                0x000065d8       0x40 ./utilities/fsl_debug_console.o
 .text.UART_EnableRx
                0x00006618       0x40 ./utilities/fsl_debug_console.o
 .text.LPSCI_EnableTx
                0x00006658       0x40 ./utilities/fsl_debug_console.o
 .text.LPSCI_EnableRx
                0x00006698       0x40 ./utilities/fsl_debug_console.o
 .text.Delay    0x000066d8       0x30 ./source/accelerometer.o
                0x000066d8                Delay
 .text.init_mma
                0x00006708       0x16 ./source/accelerometer.o
                0x00006708                init_mma
 .text.cbfifo_init
                0x0000671e       0x36 ./source/cbfifo.o
                0x0000671e                cbfifo_init
 .text.cbfifo_empty
                0x00006754       0x1a ./source/cbfifo.o
                0x00006754                cbfifo_empty
 .text.cbfifo_enqueue
                0x0000676e      0x25a ./source/cbfifo.o
                0x0000676e                cbfifo_enqueue
 .text.cbfifo_dequeue
                0x000069c8      0x122 ./source/cbfifo.o
                0x000069c8                cbfifo_dequeue
 .text.cbfifo_length
                0x00006aea       0x14 ./source/cbfifo.o
                0x00006aea                cbfifo_length
 .text.OSC_SetExtRefClkConfig
                0x00006afe       0x3e ./drivers/fsl_clock.o
 .text.OSC_SetCapLoad
                0x00006b3c       0x42 ./drivers/fsl_clock.o
 .text.CLOCK_GetPll0RefFreq
                0x00006b7e       0x10 ./drivers/fsl_clock.o
 .text.CLOCK_SetExternalRefClkConfig
                0x00006b8e       0x16 ./drivers/fsl_clock.o
                0x00006b8e                CLOCK_SetExternalRefClkConfig
 .text.LPSCI_GetStatusFlags
                0x00006ba4       0x26 ./drivers/fsl_lpsci.o
                0x00006ba4                LPSCI_GetStatusFlags
 .text.UART_GetStatusFlags
                0x00006bca       0x26 ./drivers/fsl_uart.o
                0x00006bca                UART_GetStatusFlags
 .text.UART_WriteBlocking
                0x00006bf0       0x3c ./drivers/fsl_uart.o
                0x00006bf0                UART_WriteBlocking
 .text.BOARD_InitBootClocks
                0x00006c2c        0xe ./board/clock_config.o
                0x00006c2c                BOARD_InitBootClocks
 .text.BOARD_InitBootPeripherals
                0x00006c3a        0xa ./board/peripherals.o
                0x00006c3a                BOARD_InitBootPeripherals
 .text.BOARD_InitBootPins
                0x00006c44        0xe ./board/pin_mux.o
                0x00006c44                BOARD_InitBootPins
 .text.__main   0x00006c52        0xc c:/nxp/mcuxpressoide_11.6.0_8187/ide/plugins/com.nxp.mcuxpresso.tools.win32_11.6.0.202112161359/tools/bin/../lib/gcc/arm-none-eabi/10.3.1/../../../../arm-none-eabi/lib/thumb/v6-m/nofp\libcr_semihost_nf.a(_cr__main.o)
                0x00006c52                __CR_SEMIHOST
                0x00006c52                __main
 .text.memcpy   0x00006c5e        0x8 c:/nxp/mcuxpressoide_11.6.0_8187/ide/plugins/com.nxp.mcuxpresso.tools.win32_11.6.0.202112161359/tools/bin/../lib/gcc/arm-none-eabi/10.3.1/../../../../arm-none-eabi/lib/thumb/v6-m/nofp\libcr_c.a(memcpy.o)
                0x00006c5e                memcpy
 .text.memset   0x00006c66        0x8 c:/nxp/mcuxpressoide_11.6.0_8187/ide/plugins/com.nxp.mcuxpresso.tools.win32_11.6.0.202112161359/tools/bin/../lib/gcc/arm-none-eabi/10.3.1/../../../../arm-none-eabi/lib/thumb/v6-m/nofp\libcr_c.a(memset.o)
                0x00006c66                memset
 .text._Csys_read_
                0x00006c6e       0x24 c:/nxp/mcuxpressoide_11.6.0_8187/ide/plugins/com.nxp.mcuxpresso.tools.win32_11.6.0.202112161359/tools/bin/../lib/gcc/arm-none-eabi/10.3.1/../../../../arm-none-eabi/lib/thumb/v6-m/nofp\libcr_c.a(__fillbuf.o)
                0x00006c6e                _Csys_read_
 .text.free     0x00006c92       0x2c c:/nxp/mcuxpressoide_11.6.0_8187/ide/plugins/com.nxp.mcuxpresso.tools.win32_11.6.0.202112161359/tools/bin/../lib/gcc/arm-none-eabi/10.3.1/../../../../arm-none-eabi/lib/thumb/v6-m/nofp\libcr_c.a(alloc.o)
                0x00006c92                free
 .text.fabs     0x00006cbe       0x22 c:/nxp/mcuxpressoide_11.6.0_8187/ide/plugins/com.nxp.mcuxpresso.tools.win32_11.6.0.202112161359/tools/bin/../lib/gcc/arm-none-eabi/10.3.1/../../../../arm-none-eabi/lib/thumb/v6-m/nofp\libcr_c.a(fabs.o)
                0x00006cbe                fabs
 .text.fp_round
                0x00006ce0       0x4a c:/nxp/mcuxpressoide_11.6.0_8187/ide/plugins/com.nxp.mcuxpresso.tools.win32_11.6.0.202112161359/tools/bin/../lib/gcc/arm-none-eabi/10.3.1/../../../../arm-none-eabi/lib/thumb/v6-m/nofp\libcr_c.a(fpprintf.o)
 .text.pr_dec.constprop.0
                0x00006d2a       0x30 c:/nxp/mcuxpressoide_11.6.0_8187/ide/plugins/com.nxp.mcuxpresso.tools.win32_11.6.0.202112161359/tools/bin/../lib/gcc/arm-none-eabi/10.3.1/../../../../arm-none-eabi/lib/thumb/v6-m/nofp\libcr_c.a(fpprintf.o)
 .text.fputs    0x00006d5a       0x2e c:/nxp/mcuxpressoide_11.6.0_8187/ide/plugins/com.nxp.mcuxpresso.tools.win32_11.6.0.202112161359/tools/bin/../lib/gcc/arm-none-eabi/10.3.1/../../../../arm-none-eabi/lib/thumb/v6-m/nofp\libcr_c.a(fputs.o)
                0x00006d5a                fputs
 .text.strcasecmp
                0x00006d88       0x32 c:/nxp/mcuxpressoide_11.6.0_8187/ide/plugins/com.nxp.mcuxpresso.tools.win32_11.6.0.202112161359/tools/bin/../lib/gcc/arm-none-eabi/10.3.1/../../../../arm-none-eabi/lib/thumb/v6-m/nofp\libcr_c.a(strcasecmp.o)
                0x00006d88                strcasecmp
 .text.remove   0x00006dba       0x12 c:/nxp/mcuxpressoide_11.6.0_8187/ide/plugins/com.nxp.mcuxpresso.tools.win32_11.6.0.202112161359/tools/bin/../lib/gcc/arm-none-eabi/10.3.1/../../../../arm-none-eabi/lib/thumb/v6-m/nofp\libcr_c.a(remove.o)
                0x00006dba                remove
 .text.__aeabi_division_idivmod
                0x00006dcc       0x78 c:/nxp/mcuxpressoide_11.6.0_8187/ide/plugins/com.nxp.mcuxpresso.tools.win32_11.6.0.202112161359/tools/bin/../lib/gcc/arm-none-eabi/10.3.1/thumb/v6-m/nofp\libcr_eabihelpers.a(division_32.o)
                0x00006dcc                __aeabi_idivmod
                0x00006dcc                __aeabi_idiv
                0x00006dd2                __aeabi_uidivmod
                0x00006dd2                __aeabi_uidiv
 .text.__aeabi_division_idiv0
                0x00006e44        0x2 c:/nxp/mcuxpressoide_11.6.0_8187/ide/plugins/com.nxp.mcuxpresso.tools.win32_11.6.0.202112161359/tools/bin/../lib/gcc/arm-none-eabi/10.3.1/thumb/v6-m/nofp\libcr_eabihelpers.a(division_idiv0.o)
                0x00006e44                __aeabi_idiv0
 .text.__bhs_ui2d
                0x00006e46       0x5e c:/nxp/mcuxpressoide_11.6.0_8187/ide/plugins/com.nxp.mcuxpresso.tools.win32_11.6.0.202112161359/tools/bin/../lib/gcc/arm-none-eabi/10.3.1/thumb/v6-m/nofp\libcr_eabihelpers.a(double.o)
                0x00006e46                __bhs_ui2d
 .text.__aeabi_i2d
                0x00006ea4       0x18 c:/nxp/mcuxpressoide_11.6.0_8187/ide/plugins/com.nxp.mcuxpresso.tools.win32_11.6.0.202112161359/tools/bin/../lib/gcc/arm-none-eabi/10.3.1/thumb/v6-m/nofp\libcr_eabihelpers.a(double.o)
                0x00006ea4                __aeabi_i2d
 .text.__aeabi_ui2d
                0x00006ebc        0xc c:/nxp/mcuxpressoide_11.6.0_8187/ide/plugins/com.nxp.mcuxpresso.tools.win32_11.6.0.202112161359/tools/bin/../lib/gcc/arm-none-eabi/10.3.1/thumb/v6-m/nofp\libcr_eabihelpers.a(double.o)
                0x00006ebc                __aeabi_ui2d
 .text.__bhs_ui2f
                0x00006ec8       0x60 c:/nxp/mcuxpressoide_11.6.0_8187/ide/plugins/com.nxp.mcuxpresso.tools.win32_11.6.0.202112161359/tools/bin/../lib/gcc/arm-none-eabi/10.3.1/thumb/v6-m/nofp\libcr_eabihelpers.a(float.o)
                0x00006ec8                __bhs_ui2f
 .text.__aeabi_i2f
                0x00006f28       0x18 c:/nxp/mcuxpressoide_11.6.0_8187/ide/plugins/com.nxp.mcuxpresso.tools.win32_11.6.0.202112161359/tools/bin/../lib/gcc/arm-none-eabi/10.3.1/thumb/v6-m/nofp\libcr_eabihelpers.a(float.o)
                0x00006f28                __aeabi_i2f
 .text.__aeabi_fcmpeq
                0x00006f40       0x20 c:/nxp/mcuxpressoide_11.6.0_8187/ide/plugins/com.nxp.mcuxpresso.tools.win32_11.6.0.202112161359/tools/bin/../lib/gcc/arm-none-eabi/10.3.1/thumb/v6-m/nofp\libcr_eabihelpers.a(float.o)
                0x00006f40                __aeabi_fcmpeq
 .text.__aeabi_fcmple
                0x00006f60       0x44 c:/nxp/mcuxpressoide_11.6.0_8187/ide/plugins/com.nxp.mcuxpresso.tools.win32_11.6.0.202112161359/tools/bin/../lib/gcc/arm-none-eabi/10.3.1/thumb/v6-m/nofp\libcr_eabihelpers.a(float.o)
                0x00006f60                __aeabi_fcmple
 .text.__aeabi_llong_lmul
                0x00006fa4       0x2e c:/nxp/mcuxpressoide_11.6.0_8187/ide/plugins/com.nxp.mcuxpresso.tools.win32_11.6.0.202112161359/tools/bin/../lib/gcc/arm-none-eabi/10.3.1/thumb/v6-m/nofp\libcr_eabihelpers.a(llong.o)
                0x00006fa4                __aeabi_lmul
 .text.__aeabi_memcpy
                0x00006fd2       0x2c c:/nxp/mcuxpressoide_11.6.0_8187/ide/plugins/com.nxp.mcuxpresso.tools.win32_11.6.0.202112161359/tools/bin/../lib/gcc/arm-none-eabi/10.3.1/thumb/v6-m/nofp\libcr_eabihelpers.a(memcpy.o)
                0x00006fd2                __aeabi_memcpy4
                0x00006fd2                __aeabi_memcpy8
                0x00006fd2                __aeabi_memcpy
 .text.__aeabi_memset_lowlevel
                0x00006ffe       0x2a c:/nxp/mcuxpressoide_11.6.0_8187/ide/plugins/com.nxp.mcuxpresso.tools.win32_11.6.0.202112161359/tools/bin/../lib/gcc/arm-none-eabi/10.3.1/thumb/v6-m/nofp\libcr_eabihelpers.a(memcpy.o)
                0x00006ffe                __aeabi_lowlevel_memset
 .text.__gnu_thumb1_case_shi
                0x00007028       0x10 c:/nxp/mcuxpressoide_11.6.0_8187/ide/plugins/com.nxp.mcuxpresso.tools.win32_11.6.0.202112161359/tools/bin/../lib/gcc/arm-none-eabi/10.3.1/thumb/v6-m/nofp\libcr_eabihelpers.a(thumb1_switch_helpers.o)
                0x00007028                __gnu_thumb1_case_shi
 .text.__sys_close
                0x00007038        0xc c:/nxp/mcuxpressoide_11.6.0_8187/ide/plugins/com.nxp.mcuxpresso.tools.win32_11.6.0.202112161359/tools/bin/../lib/gcc/arm-none-eabi/10.3.1/../../../../arm-none-eabi/lib/thumb/v6-m/nofp\libcr_semihost_nf.a(__sys_close.o)
                0x00007038                __sys_close
 .text.__sys_flen
                0x00007044        0xc c:/nxp/mcuxpressoide_11.6.0_8187/ide/plugins/com.nxp.mcuxpresso.tools.win32_11.6.0.202112161359/tools/bin/../lib/gcc/arm-none-eabi/10.3.1/../../../../arm-none-eabi/lib/thumb/v6-m/nofp\libcr_semihost_nf.a(__sys_flen.o)
                0x00007044                __sys_flen
 .text.__sys_istty
                0x00007050        0xc c:/nxp/mcuxpressoide_11.6.0_8187/ide/plugins/com.nxp.mcuxpresso.tools.win32_11.6.0.202112161359/tools/bin/../lib/gcc/arm-none-eabi/10.3.1/../../../../arm-none-eabi/lib/thumb/v6-m/nofp\libcr_semihost_nf.a(__sys_istty.o)
                0x00007050                __sys_istty
 .text.__sys_read
                0x0000705c        0xc c:/nxp/mcuxpressoide_11.6.0_8187/ide/plugins/com.nxp.mcuxpresso.tools.win32_11.6.0.202112161359/tools/bin/../lib/gcc/arm-none-eabi/10.3.1/../../../../arm-none-eabi/lib/thumb/v6-m/nofp\libcr_semihost_nf.a(__sys_read.o)
                0x0000705c                __sys_read
 .text.__sys_remove
                0x00007068        0xc c:/nxp/mcuxpressoide_11.6.0_8187/ide/plugins/com.nxp.mcuxpresso.tools.win32_11.6.0.202112161359/tools/bin/../lib/gcc/arm-none-eabi/10.3.1/../../../../arm-none-eabi/lib/thumb/v6-m/nofp\libcr_semihost_nf.a(__sys_remove.o)
                0x00007068                __sys_remove
 .text.__sys_seek
                0x00007074        0xc c:/nxp/mcuxpressoide_11.6.0_8187/ide/plugins/com.nxp.mcuxpresso.tools.win32_11.6.0.202112161359/tools/bin/../lib/gcc/arm-none-eabi/10.3.1/../../../../arm-none-eabi/lib/thumb/v6-m/nofp\libcr_semihost_nf.a(__sys_seek.o)
                0x00007074                __sys_seek
 .text.__sys_tmpnam
                0x00007080        0xc c:/nxp/mcuxpressoide_11.6.0_8187/ide/plugins/com.nxp.mcuxpresso.tools.win32_11.6.0.202112161359/tools/bin/../lib/gcc/arm-none-eabi/10.3.1/../../../../arm-none-eabi/lib/thumb/v6-m/nofp\libcr_semihost_nf.a(__sys_tmpnam.o)
                0x00007080                __sys_tmpnam
 *(SORT_BY_ALIGNMENT(.rodata) SORT_BY_ALIGNMENT(.rodata.*) SORT_BY_ALIGNMENT(.constdata) SORT_BY_ALIGNMENT(.constdata.*))
 *fill*         0x0000708c        0x4 ff
 .rodata.a.0    0x00007090       0x20 c:/nxp/mcuxpressoide_11.6.0_8187/ide/plugins/com.nxp.mcuxpresso.tools.win32_11.6.0.202112161359/tools/bin/../lib/gcc/arm-none-eabi/10.3.1/../../../../arm-none-eabi/lib/thumb/v6-m/nofp\libcr_c.a(atan.o)
 .rodata.roll_sp.str1.4
                0x000070b0       0x20 ./source/Command_Processor.o
 .rodata.pitch_sp.str1.4
                0x000070d0       0x21 ./source/Command_Processor.o
 *fill*         0x000070f1        0x3 ff
 .rodata.calibrate_reset.str1.4
                0x000070f4       0x36 ./source/Command_Processor.o
 *fill*         0x0000712a        0x2 ff
 .rodata.display_angles.str1.4
                0x0000712c       0x81 ./source/Command_Processor.o
 *fill*         0x000071ad        0x3 ff
 .rodata.str1.4
                0x000071b0      0x2b9 ./source/Command_Processor.o
 *fill*         0x00007469        0x3 ff
 .rodata.commands
                0x0000746c       0x48 ./source/Command_Processor.o
 .rodata.help.str1.4
                0x000074b4        0x3 ./source/Command_Processor.o
 *fill*         0x000074b7        0x1 ff
 .rodata.position_tracking.str1.4
                0x000074b8      0x191 ./source/Command_Processor.o
 *fill*         0x00007649        0x3 ff
 .rodata.process_command.str1.4
                0x0000764c       0x17 ./source/Command_Processor.o
                                 0x1b (size before relaxing)
 *fill*         0x00007663        0x1 ff
 .rodata.command_processor.str1.4
                0x00007664       0x37 ./source/Command_Processor.o
 *fill*         0x0000769b        0x1 ff
 .rodata.main.str1.4
                0x0000769c       0x2b ./source/PES_Final_Project.o
 *fill*         0x000076c7        0x1 ff
 .rodata.cbfifo_test1.str1.4
                0x000076c8       0x1d ./source/test_cases.o
 .rodata.cbfifo_test4.str1.4
                0x000076e5       0x1d ./source/test_cases.o
 *fill*         0x000076e5        0x3 ff
 .rodata.cbfifo_test5.str1.4
                0x000076e8      0x101 ./source/test_cases.o
 *fill*         0x000077e9        0x3 ff
 .rodata.cbfifo_test6.str1.4
                0x000077ec       0x38 ./source/test_cases.o
 .rodata.test_cbfifo.str1.4
                0x00007824       0x6e ./source/test_cases.o
 *fill*         0x00007892        0x2 ff
 .rodata.test_accelerometer.str1.4
                0x00007894       0x86 ./source/test_cases.o
 *fill*         0x0000791a        0x2 ff
 .rodata.test_systick.str1.4
                0x0000791c       0x85 ./source/test_cases.o
 *fill*         0x000079a1        0x3 ff
 .rodata.test_TSI.str1.4
                0x000079a4      0x10c ./source/test_cases.o
 .rodata.CLOCK_GetMcgExtClkFreq.str1.4
                0x00007ab0       0x1e ./drivers/fsl_clock.o
 *fill*         0x00007ace        0x2 ff
 .rodata.CLOCK_GetPll0Freq.str1.4
                0x00007ad0       0x1d ./drivers/fsl_clock.o
 *fill*         0x00007aed        0x3 ff
 .rodata.CLOCK_EnablePll0.str1.4
                0x00007af0       0x19 ./drivers/fsl_clock.o
 *fill*         0x00007b09        0x3 ff
 .rodata.CLOCK_SetPbeMode.str1.4
                0x00007b0c       0x1a ./drivers/fsl_clock.o
 *fill*         0x00007b26        0x2 ff
 .rodata.CLOCK_BootToPeeMode.str1.4
                0x00007b28       0x1a ./drivers/fsl_clock.o
 *fill*         0x00007b42        0x2 ff
 .rodata.fllFactorTable.1
                0x00007b44       0x10 ./drivers/fsl_clock.o
 .rodata.LPSCI_GetInstance.str1.4
                0x00007b54       0x36 ./drivers/fsl_lpsci.o
 *fill*         0x00007b8a        0x2 ff
 .rodata.LPSCI_Init.str1.4
                0x00007b8c       0x43 ./drivers/fsl_lpsci.o
 *fill*         0x00007bcf        0x1 ff
 .rodata.LPSCI_GetDefaultConfig.str1.4
                0x00007bd0       0x19 ./drivers/fsl_lpsci.o
 *fill*         0x00007be9        0x3 ff
 .rodata.LPSCI_WriteBlocking.str1.4
                0x00007bec       0x17 ./drivers/fsl_lpsci.o
 *fill*         0x00007c03        0x1 ff
 .rodata.LPSCI_ReadBlocking.str1.4
                0x00007c04       0x17 ./drivers/fsl_lpsci.o
 *fill*         0x00007c1b        0x1 ff
 .rodata.s_uartBases
                0x00007c1c        0xc ./drivers/fsl_uart.o
 .rodata.s_uartClock
                0x00007c28        0xc ./drivers/fsl_uart.o
 .rodata.UART_GetInstance.str1.4
                0x00007c34       0x2b ./drivers/fsl_uart.o
 *fill*         0x00007c5f        0x1 ff
 .rodata.UART_Init.str1.4
                0x00007c60       0x3e ./drivers/fsl_uart.o
 *fill*         0x00007c9e        0x2 ff
 .rodata.UART_GetDefaultConfig.str1.4
                0x00007ca0       0x18 ./drivers/fsl_uart.o
 .rodata.UART_ReadBlocking.str1.4
                0x00007cb8       0x16 ./drivers/fsl_uart.o
 *fill*         0x00007cce        0x2 ff
 .rodata.mcgConfig_BOARD_BootClockRUN
                0x00007cd0        0xa ./board/clock_config.o
                0x00007cd0                mcgConfig_BOARD_BootClockRUN
 *fill*         0x00007cda        0x2 ff
 .rodata.simConfig_BOARD_BootClockRUN
                0x00007cdc        0x8 ./board/clock_config.o
                0x00007cdc                simConfig_BOARD_BootClockRUN
 .rodata.oscConfig_BOARD_BootClockRUN
                0x00007ce4        0x8 ./board/clock_config.o
                0x00007ce4                oscConfig_BOARD_BootClockRUN
 .rodata.__num_Ciob_streams
                0x00007cec        0x4 c:/nxp/mcuxpressoide_11.6.0_8187/ide/plugins/com.nxp.mcuxpresso.tools.win32_11.6.0.202112161359/tools/bin/../lib/gcc/arm-none-eabi/10.3.1/../../../../arm-none-eabi/lib/thumb/v6-m/nofp\libcr_semihost_nf.a(__ciob.o)
                0x00007cec                __num_Ciob_streams
 .rodata.__assertion_failed.str1.1
                0x00007cf0       0x15 c:/nxp/mcuxpressoide_11.6.0_8187/ide/plugins/com.nxp.mcuxpresso.tools.win32_11.6.0.202112161359/tools/bin/../lib/gcc/arm-none-eabi/10.3.1/../../../../arm-none-eabi/lib/thumb/v6-m/nofp\libcr_semihost_nf.a(_cr_assert.o)
 .rodata._Csys_alloc.str1.1
                0x00007d05       0x18 c:/nxp/mcuxpressoide_11.6.0_8187/ide/plugins/com.nxp.mcuxpresso.tools.win32_11.6.0.202112161359/tools/bin/../lib/gcc/arm-none-eabi/10.3.1/../../../../arm-none-eabi/lib/thumb/v6-m/nofp\libcr_c.a(alloc.o)
 .rodata.fp_display.str1.1
                0x00007d1d       0x32 c:/nxp/mcuxpressoide_11.6.0_8187/ide/plugins/com.nxp.mcuxpresso.tools.win32_11.6.0.202112161359/tools/bin/../lib/gcc/arm-none-eabi/10.3.1/../../../../arm-none-eabi/lib/thumb/v6-m/nofp\libcr_c.a(fpprintf.o)
                                 0x35 (size before relaxing)
 .rodata._initio.str1.1
                0x00007d4f        0x4 c:/nxp/mcuxpressoide_11.6.0_8187/ide/plugins/com.nxp.mcuxpresso.tools.win32_11.6.0.202112161359/tools/bin/../lib/gcc/arm-none-eabi/10.3.1/../../../../arm-none-eabi/lib/thumb/v6-m/nofp\libcr_c.a(initio.o)
 .rodata.__vfprintf.str1.1
                0x00007d53       0x31 c:/nxp/mcuxpressoide_11.6.0_8187/ide/plugins/com.nxp.mcuxpresso.tools.win32_11.6.0.202112161359/tools/bin/../lib/gcc/arm-none-eabi/10.3.1/../../../../arm-none-eabi/lib/thumb/v6-m/nofp\libcr_c.a(printf.o)
                                 0x38 (size before relaxing)
 .rodata.__ctype
                0x00007d84      0x180 c:/nxp/mcuxpressoide_11.6.0_8187/ide/plugins/com.nxp.mcuxpresso.tools.win32_11.6.0.202112161359/tools/bin/../lib/gcc/arm-none-eabi/10.3.1/../../../../arm-none-eabi/lib/thumb/v6-m/nofp\libcr_c.a(ctype.o)
                0x00007d84                __ctype
                0x00007f04                . = ALIGN (0x4)
                0x00007f04                _etext = .

.glue_7         0x00007f04        0x0
 .glue_7        0x00007f04        0x0 linker stubs

.glue_7t        0x00007f04        0x0
 .glue_7t       0x00007f04        0x0 linker stubs

.vfp11_veneer   0x00007f04        0x0
 .vfp11_veneer  0x00007f04        0x0 linker stubs

.v4_bx          0x00007f04        0x0
 .v4_bx         0x00007f04        0x0 linker stubs

.iplt           0x00007f04        0x0
 .iplt          0x00007f04        0x0 ./utilities/fsl_debug_console.o

.rel.dyn        0x00007f04        0x0
 .rel.iplt      0x00007f04        0x0 ./utilities/fsl_debug_console.o

.m_usb_data
 *(SORT_BY_ALIGNMENT(m_usb_bdt))

.mtb_buffer_default
                0x1ffff000       0x80
 *(SORT_BY_ALIGNMENT(.mtb*))
 .mtb.$RAM1     0x1ffff000       0x80 ./source/mtb.o
                0x1ffff000                __mtb_buffer__

.uninit_RESERVED
                0x1ffff080        0x0
                0x1ffff080                _start_uninit_RESERVED = .
 *(SORT_BY_ALIGNMENT(.bss.$RESERVED*))
                0x1ffff080                . = ALIGN (0x4)
                0x1ffff080                _end_uninit_RESERVED = .

.data           0x1ffff080        0x8 load address 0x00007f04
 FILL mask 0xff
                0x1ffff080                _data = .
                [!provide]                PROVIDE (__start_data_RAM = .)
                [!provide]                PROVIDE (__start_data_SRAM = .)
 *(SORT_BY_ALIGNMENT(vtable))
 *(SORT_BY_ALIGNMENT(.ramfunc*))
 *(SORT_BY_ALIGNMENT(CodeQuickAccess))
 *(SORT_BY_ALIGNMENT(DataQuickAccess))
 *(SORT_BY_ALIGNMENT(RamFunction))
 *(SORT_BY_ALIGNMENT(.data*))
 .data.s_slowIrcFreq
                0x1ffff080        0x4 ./drivers/fsl_clock.o
 .data.SystemCoreClock
                0x1ffff084        0x4 ./CMSIS/system_MKL25Z4.o
                0x1ffff084                SystemCoreClock
                0x1ffff088                . = ALIGN (0x4)
                0x1ffff088                _edata = .
                [!provide]                PROVIDE (__end_data_RAM = .)
                [!provide]                PROVIDE (__end_data_SRAM = .)

.igot.plt       0x1ffff088        0x0 load address 0x00007f0c
 .igot.plt      0x1ffff088        0x0 ./utilities/fsl_debug_console.o

.bss            0x1ffff088      0x434
                0x1ffff088                _bss = .
                [!provide]                PROVIDE (__start_bss_RAM = .)
                [!provide]                PROVIDE (__start_bss_SRAM = .)
 *(SORT_BY_ALIGNMENT(.bss*))
 .bss.s_debugConsole
                0x1ffff088       0x10 ./utilities/fsl_debug_console.o
 .bss.roll_calibr
                0x1ffff098        0x4 ./source/Command_Processor.o
                0x1ffff098                roll_calibr
 .bss.TimerMS_62_5
                0x1ffff09c        0x4 ./source/Systick.o
                0x1ffff09c                TimerMS_62_5
 .bss.Start_Timer
                0x1ffff0a0        0x4 ./source/Systick.o
                0x1ffff0a0                Start_Timer
 .bss.TxQ       0x1ffff0a4      0x10c ./source/UART.o
                0x1ffff0a4                TxQ
 .bss.RxQ       0x1ffff1b0      0x10c ./source/UART.o
                0x1ffff1b0                RxQ
 .bss.roll      0x1ffff2bc        0x4 ./source/accelerometer.o
                0x1ffff2bc                roll
 .bss.pitch     0x1ffff2c0        0x4 ./source/accelerometer.o
                0x1ffff2c0                pitch
 .bss.lock_detect
                0x1ffff2c4        0x4 ./source/i2c.o
                0x1ffff2c4                lock_detect
 .bss.i2c_lock  0x1ffff2c8        0x4 ./source/i2c.o
                0x1ffff2c8                i2c_lock
 .bss.RX        0x1ffff2cc      0x10c ./source/test_cases.o
                0x1ffff2cc                RX
 .bss.g_xtal0Freq
                0x1ffff3d8        0x4 ./drivers/fsl_clock.o
                0x1ffff3d8                g_xtal0Freq
 .bss.s_lpsciHandle
                0x1ffff3dc        0x4 ./drivers/fsl_lpsci.o
 .bss.s_lpsciIsr
                0x1ffff3e0        0x4 ./drivers/fsl_lpsci.o
 .bss.s_uartHandle
                0x1ffff3e4        0xc ./drivers/fsl_uart.o
 .bss.s_uartIsr
                0x1ffff3f0        0x4 ./drivers/fsl_uart.o
 .bss.__Ciob    0x1ffff3f4       0xb4 c:/nxp/mcuxpressoide_11.6.0_8187/ide/plugins/com.nxp.mcuxpresso.tools.win32_11.6.0.202112161359/tools/bin/../lib/gcc/arm-none-eabi/10.3.1/../../../../arm-none-eabi/lib/thumb/v6-m/nofp\libcr_semihost_nf.a(__ciob.o)
                0x1ffff3f4                __Ciob
 .bss.errno     0x1ffff4a8        0x4 c:/nxp/mcuxpressoide_11.6.0_8187/ide/plugins/com.nxp.mcuxpresso.tools.win32_11.6.0.202112161359/tools/bin/../lib/gcc/arm-none-eabi/10.3.1/../../../../arm-none-eabi/lib/thumb/v6-m/nofp\libcr_c.a(errno.o)
                0x1ffff4a8                errno
 .bss.__end_of_heap
                0x1ffff4ac        0x4 c:/nxp/mcuxpressoide_11.6.0_8187/ide/plugins/com.nxp.mcuxpresso.tools.win32_11.6.0.202112161359/tools/bin/../lib/gcc/arm-none-eabi/10.3.1/../../../../arm-none-eabi/lib/thumb/v6-m/nofp\libcr_c.a(__init_alloc.o)
                0x1ffff4ac                __end_of_heap
 .bss.__heaps   0x1ffff4b0        0x4 c:/nxp/mcuxpressoide_11.6.0_8187/ide/plugins/com.nxp.mcuxpresso.tools.win32_11.6.0.202112161359/tools/bin/../lib/gcc/arm-none-eabi/10.3.1/../../../../arm-none-eabi/lib/thumb/v6-m/nofp\libcr_c.a(__init_alloc.o)
                0x1ffff4b0                __heaps
 .bss.acc_X     0x1ffff4b4        0x2 ./source/accelerometer.o
                0x1ffff4b4                acc_X
 .bss.acc_Y     0x1ffff4b6        0x2 ./source/accelerometer.o
                0x1ffff4b6                acc_Y
 .bss.acc_Z     0x1ffff4b8        0x2 ./source/accelerometer.o
                0x1ffff4b8                acc_Z
 *(SORT_BY_ALIGNMENT(COMMON))
                0x1ffff4bc                . = ALIGN (0x4)
 *fill*         0x1ffff4ba        0x2 
                0x1ffff4bc                _ebss = .
                [!provide]                PROVIDE (__end_bss_RAM = .)
                [!provide]                PROVIDE (__end_bss_SRAM = .)
                [!provide]                PROVIDE (end = .)

.noinit         0x1ffff4bc        0x0
                0x1ffff4bc                _noinit = .
                [!provide]                PROVIDE (__start_noinit_RAM = .)
                [!provide]                PROVIDE (__start_noinit_SRAM = .)
 *(SORT_BY_ALIGNMENT(.noinit*))
                0x1ffff4bc                . = ALIGN (0x4)
                0x1ffff4bc                _end_noinit = .
                [!provide]                PROVIDE (__end_noinit_RAM = .)
                [!provide]                PROVIDE (__end_noinit_SRAM = .)

.ARM.extab
 *(SORT_BY_ALIGNMENT(.ARM.extab*) SORT_BY_ALIGNMENT(.gnu.linkonce.armextab.*))

.ARM.exidx      0x00007f0c        0x0
                0x00007f0c                __exidx_start = .
 *(SORT_BY_ALIGNMENT(.ARM.exidx*) SORT_BY_ALIGNMENT(.gnu.linkonce.armexidx.*))
                0x00007f0c                __exidx_end = .
                0x00000400                _HeapSize = 0x400

.heap           0x1ffff4bc      0x400
                0x1ffff4bc                _pvHeapStart = .
                0x1ffff8bc                . = (. + _HeapSize)
 *fill*         0x1ffff4bc      0x400 
                0x1ffff8bc                . = ALIGN (0x4)
                0x1ffff8bc                _pvHeapLimit = .
                0x00000400                _StackSize = 0x400

.heap2stackfill
                0x1ffff8bc      0x400
                0x1ffffcbc                . = (. + _StackSize)
 *fill*         0x1ffff8bc      0x400 

.stack          0x20002c00        0x0
                0x20002c00                _vStackBase = .
                0x20002c00                . = ALIGN (0x4)
                0x20003000                _vStackTop = (. + _StackSize)
                0x00000000                _image_start = LOADADDR (.text)
                0x00007f0c                _image_end = (LOADADDR (.data) + SIZEOF (.data))
                0x00007f0c                _image_size = (_image_end - _image_start)
OUTPUT(PES_Final_Project.axf elf32-littlearm)
LOAD linker stubs

.debug_info     0x00000000     0x9505
 .debug_info    0x00000000      0x84f ./utilities/fsl_debug_console.o
 .debug_info    0x0000084f      0x4eb ./startup/startup_mkl25z4.o
 .debug_info    0x00000d3a      0x6f6 ./source/Command_Processor.o
 .debug_info    0x00001430       0x94 ./source/PES_Final_Project.o
 .debug_info    0x000014c4      0x41d ./source/PWM.o
 .debug_info    0x000018e1      0x435 ./source/Systick.o
 .debug_info    0x00001d16      0x30c ./source/TSI.o
 .debug_info    0x00002022      0x86f ./source/UART.o
 .debug_info    0x00002891      0x21d ./source/accelerometer.o
 .debug_info    0x00002aae      0x48e ./source/cbfifo.o
 .debug_info    0x00002f3c      0x531 ./source/i2c.o
 .debug_info    0x0000346d       0x53 ./source/mtb.o
 .debug_info    0x000034c0       0x3c ./source/semihost_hardfault.o
 .debug_info    0x000034fc      0x619 ./source/test_cases.o
 .debug_info    0x00003b15     0x1a5a ./drivers/fsl_clock.o
 .debug_info    0x0000556f     0x140d ./drivers/fsl_lpsci.o
 .debug_info    0x0000697c     0x13ae ./drivers/fsl_uart.o
 .debug_info    0x00007d2a      0x39b ./board/board.o
 .debug_info    0x000080c5      0xabc ./board/clock_config.o
 .debug_info    0x00008b81       0x3c ./board/peripherals.o
 .debug_info    0x00008bbd      0x547 ./board/pin_mux.o
 .debug_info    0x00009104      0x401 ./CMSIS/system_MKL25Z4.o

.debug_abbrev   0x00000000     0x2067
 .debug_abbrev  0x00000000      0x1d7 ./utilities/fsl_debug_console.o
 .debug_abbrev  0x000001d7      0x198 ./startup/startup_mkl25z4.o
 .debug_abbrev  0x0000036f      0x226 ./source/Command_Processor.o
 .debug_abbrev  0x00000595       0x49 ./source/PES_Final_Project.o
 .debug_abbrev  0x000005de       0xf0 ./source/PWM.o
 .debug_abbrev  0x000006ce      0x180 ./source/Systick.o
 .debug_abbrev  0x0000084e       0xfd ./source/TSI.o
 .debug_abbrev  0x0000094b      0x1f8 ./source/UART.o
 .debug_abbrev  0x00000b43      0x10b ./source/accelerometer.o
 .debug_abbrev  0x00000c4e      0x1a9 ./source/cbfifo.o
 .debug_abbrev  0x00000df7      0x179 ./source/i2c.o
 .debug_abbrev  0x00000f70       0x46 ./source/mtb.o
 .debug_abbrev  0x00000fb6       0x31 ./source/semihost_hardfault.o
 .debug_abbrev  0x00000fe7      0x15d ./source/test_cases.o
 .debug_abbrev  0x00001144      0x357 ./drivers/fsl_clock.o
 .debug_abbrev  0x0000149b      0x2d7 ./drivers/fsl_lpsci.o
 .debug_abbrev  0x00001772      0x2f1 ./drivers/fsl_uart.o
 .debug_abbrev  0x00001a63      0x11b ./board/board.o
 .debug_abbrev  0x00001b7e      0x201 ./board/clock_config.o
 .debug_abbrev  0x00001d7f       0x31 ./board/peripherals.o
 .debug_abbrev  0x00001db0      0x189 ./board/pin_mux.o
 .debug_abbrev  0x00001f39      0x12e ./CMSIS/system_MKL25Z4.o

.debug_aranges  0x00000000      0x9b8
 .debug_aranges
                0x00000000       0x48 ./utilities/fsl_debug_console.o
 .debug_aranges
                0x00000048      0x160 ./startup/startup_mkl25z4.o
 .debug_aranges
                0x000001a8       0x60 ./source/Command_Processor.o
 .debug_aranges
                0x00000208       0x20 ./source/PES_Final_Project.o
 .debug_aranges
                0x00000228       0x20 ./source/PWM.o
 .debug_aranges
                0x00000248       0x40 ./source/Systick.o
 .debug_aranges
                0x00000288       0x28 ./source/TSI.o
 .debug_aranges
                0x000002b0       0x50 ./source/UART.o
 .debug_aranges
                0x00000300       0x40 ./source/accelerometer.o
 .debug_aranges
                0x00000340       0x48 ./source/cbfifo.o
 .debug_aranges
                0x00000388       0x58 ./source/i2c.o
 .debug_aranges
                0x000003e0       0x18 ./source/mtb.o
 .debug_aranges
                0x000003f8       0x20 ./source/semihost_hardfault.o
 .debug_aranges
                0x00000418       0x80 ./source/test_cases.o
 .debug_aranges
                0x00000498      0x1d8 ./drivers/fsl_clock.o
 .debug_aranges
                0x00000670      0x118 ./drivers/fsl_lpsci.o
 .debug_aranges
                0x00000788      0x130 ./drivers/fsl_uart.o
 .debug_aranges
                0x000008b8       0x28 ./board/board.o
 .debug_aranges
                0x000008e0       0x58 ./board/clock_config.o
 .debug_aranges
                0x00000938       0x20 ./board/peripherals.o
 .debug_aranges
                0x00000958       0x38 ./board/pin_mux.o
 .debug_aranges
                0x00000990       0x28 ./CMSIS/system_MKL25Z4.o

.debug_ranges   0x00000000      0x850
 .debug_ranges  0x00000000       0x38 ./utilities/fsl_debug_console.o
 .debug_ranges  0x00000038      0x150 ./startup/startup_mkl25z4.o
 .debug_ranges  0x00000188       0x50 ./source/Command_Processor.o
 .debug_ranges  0x000001d8       0x10 ./source/PES_Final_Project.o
 .debug_ranges  0x000001e8       0x10 ./source/PWM.o
 .debug_ranges  0x000001f8       0x30 ./source/Systick.o
 .debug_ranges  0x00000228       0x18 ./source/TSI.o
 .debug_ranges  0x00000240       0x40 ./source/UART.o
 .debug_ranges  0x00000280       0x30 ./source/accelerometer.o
 .debug_ranges  0x000002b0       0x38 ./source/cbfifo.o
 .debug_ranges  0x000002e8       0x48 ./source/i2c.o
 .debug_ranges  0x00000330       0x10 ./source/semihost_hardfault.o
 .debug_ranges  0x00000340       0x70 ./source/test_cases.o
 .debug_ranges  0x000003b0      0x1c8 ./drivers/fsl_clock.o
 .debug_ranges  0x00000578      0x108 ./drivers/fsl_lpsci.o
 .debug_ranges  0x00000680      0x120 ./drivers/fsl_uart.o
 .debug_ranges  0x000007a0       0x18 ./board/board.o
 .debug_ranges  0x000007b8       0x48 ./board/clock_config.o
 .debug_ranges  0x00000800       0x10 ./board/peripherals.o
 .debug_ranges  0x00000810       0x28 ./board/pin_mux.o
 .debug_ranges  0x00000838       0x18 ./CMSIS/system_MKL25Z4.o

.debug_macro    0x00000000     0xe5ca
 .debug_macro   0x00000000      0x13a ./utilities/fsl_debug_console.o
 .debug_macro   0x0000013a      0xa7e ./utilities/fsl_debug_console.o
 .debug_macro   0x00000bb8       0x10 ./utilities/fsl_debug_console.o
 .debug_macro   0x00000bc8       0x16 ./utilities/fsl_debug_console.o
 .debug_macro   0x00000bde       0x10 ./utilities/fsl_debug_console.o
 .debug_macro   0x00000bee      0x12e ./utilities/fsl_debug_console.o
 .debug_macro   0x00000d1c       0x28 ./utilities/fsl_debug_console.o
 .debug_macro   0x00000d44       0xc4 ./utilities/fsl_debug_console.o
 .debug_macro   0x00000e08       0x16 ./utilities/fsl_debug_console.o
 .debug_macro   0x00000e1e       0x22 ./utilities/fsl_debug_console.o
 .debug_macro   0x00000e40      0x5b3 ./utilities/fsl_debug_console.o
 .debug_macro   0x000013f3       0x10 ./utilities/fsl_debug_console.o
 .debug_macro   0x00001403       0x3f ./utilities/fsl_debug_console.o
 .debug_macro   0x00001442       0x3a ./utilities/fsl_debug_console.o
 .debug_macro   0x0000147c       0x26 ./utilities/fsl_debug_console.o
 .debug_macro   0x000014a2      0x329 ./utilities/fsl_debug_console.o
 .debug_macro   0x000017cb       0x30 ./utilities/fsl_debug_console.o
 .debug_macro   0x000017fb     0x51e2 ./utilities/fsl_debug_console.o
 .debug_macro   0x000069dd     0x1352 ./utilities/fsl_debug_console.o
 .debug_macro   0x00007d2f       0x3a ./utilities/fsl_debug_console.o
 .debug_macro   0x00007d69       0xf4 ./utilities/fsl_debug_console.o
 .debug_macro   0x00007e5d       0x35 ./utilities/fsl_debug_console.o
 .debug_macro   0x00007e92       0x9a ./utilities/fsl_debug_console.o
 .debug_macro   0x00007f2c       0x2e ./utilities/fsl_debug_console.o
 .debug_macro   0x00007f5a       0x10 ./utilities/fsl_debug_console.o
 .debug_macro   0x00007f6a       0x10 ./utilities/fsl_debug_console.o
 .debug_macro   0x00007f7a       0x29 ./startup/startup_mkl25z4.o
 .debug_macro   0x00007fa3      0x15c ./source/Command_Processor.o
 .debug_macro   0x000080ff       0x3f ./source/Command_Processor.o
 .debug_macro   0x0000813e       0x34 ./source/Command_Processor.o
 .debug_macro   0x00008172     0x51e2 ./source/Command_Processor.o
 .debug_macro   0x0000d354       0xa0 ./source/Command_Processor.o
 .debug_macro   0x0000d3f4       0x22 ./source/Command_Processor.o
 .debug_macro   0x0000d416      0x19f ./source/PES_Final_Project.o
 .debug_macro   0x0000d5b5       0x1c ./source/PES_Final_Project.o
 .debug_macro   0x0000d5d1       0x16 ./source/PES_Final_Project.o
 .debug_macro   0x0000d5e7       0x10 ./source/PES_Final_Project.o
 .debug_macro   0x0000d5f7      0x112 ./source/PES_Final_Project.o
 .debug_macro   0x0000d709       0x10 ./source/PES_Final_Project.o
 .debug_macro   0x0000d719       0xa4 ./source/PWM.o
 .debug_macro   0x0000d7bd       0x9e ./source/Systick.o
 .debug_macro   0x0000d85b       0x9e ./source/TSI.o
 .debug_macro   0x0000d8f9       0xea ./source/UART.o
 .debug_macro   0x0000d9e3       0xf9 ./source/accelerometer.o
 .debug_macro   0x0000dadc       0xd8 ./source/cbfifo.o
 .debug_macro   0x0000dbb4       0xc8 ./source/i2c.o
 .debug_macro   0x0000dc7c       0x2f ./source/mtb.o
 .debug_macro   0x0000dcab       0x82 ./source/mtb.o
 .debug_macro   0x0000dd2d       0x10 ./source/mtb.o
 .debug_macro   0x0000dd3d       0x11 ./source/semihost_hardfault.o
 .debug_macro   0x0000dd4e       0xf4 ./source/test_cases.o
 .debug_macro   0x0000de42      0x196 ./drivers/fsl_clock.o
 .debug_macro   0x0000dfd8       0xec ./drivers/fsl_lpsci.o
 .debug_macro   0x0000e0c4       0xf2 ./drivers/fsl_uart.o
 .debug_macro   0x0000e1b6      0x12b ./board/board.o
 .debug_macro   0x0000e2e1      0x123 ./board/clock_config.o
 .debug_macro   0x0000e404       0x1b ./board/peripherals.o
 .debug_macro   0x0000e41f      0x107 ./board/pin_mux.o
 .debug_macro   0x0000e526       0x10 ./board/pin_mux.o
 .debug_macro   0x0000e536       0x94 ./CMSIS/system_MKL25Z4.o

.debug_line     0x00000000     0x71cc
 .debug_line    0x00000000      0x4ac ./utilities/fsl_debug_console.o
 .debug_line    0x000004ac      0x1ed ./startup/startup_mkl25z4.o
 .debug_line    0x00000699      0x77b ./source/Command_Processor.o
 .debug_line    0x00000e14      0x4c8 ./source/PES_Final_Project.o
 .debug_line    0x000012dc      0x29f ./source/PWM.o
 .debug_line    0x0000157b      0x31b ./source/Systick.o
 .debug_line    0x00001896      0x287 ./source/TSI.o
 .debug_line    0x00001b1d      0x46e ./source/UART.o
 .debug_line    0x00001f8b      0x3b2 ./source/accelerometer.o
 .debug_line    0x0000233d      0x6fb ./source/cbfifo.o
 .debug_line    0x00002a38      0x3dd ./source/i2c.o
 .debug_line    0x00002e15       0xd1 ./source/mtb.o
 .debug_line    0x00002ee6       0x59 ./source/semihost_hardfault.o
 .debug_line    0x00002f3f      0x56d ./source/test_cases.o
 .debug_line    0x000034ac     0x130a ./drivers/fsl_clock.o
 .debug_line    0x000047b6      0xd83 ./drivers/fsl_lpsci.o
 .debug_line    0x00005539      0xd72 ./drivers/fsl_uart.o
 .debug_line    0x000062ab      0x3e1 ./board/board.o
 .debug_line    0x0000668c      0x415 ./board/clock_config.o
 .debug_line    0x00006aa1       0x5c ./board/peripherals.o
 .debug_line    0x00006afd      0x39c ./board/pin_mux.o
 .debug_line    0x00006e99      0x333 ./CMSIS/system_MKL25Z4.o

.debug_str      0x00000000    0x36498
 .debug_str     0x00000000    0x31350 ./utilities/fsl_debug_console.o
                              0x31598 (size before relaxing)
 .debug_str     0x00031350      0x3cd ./startup/startup_mkl25z4.o
                               0x30cf (size before relaxing)
 .debug_str     0x0003171d      0x336 ./source/Command_Processor.o
                              0x2979d (size before relaxing)
 .debug_str     0x00031a53      0xa57 ./source/PES_Final_Project.o
                              0x31611 (size before relaxing)
 .debug_str     0x000324aa      0x141 ./source/PWM.o
                              0x28d83 (size before relaxing)
 .debug_str     0x000325eb      0x2c4 ./source/Systick.o
                              0x28f16 (size before relaxing)
 .debug_str     0x000328af       0x7a ./source/TSI.o
                              0x28d5b (size before relaxing)
 .debug_str     0x00032929      0x117 ./source/UART.o
                              0x29168 (size before relaxing)
 .debug_str     0x00032a40      0x13f ./source/accelerometer.o
                              0x2928b (size before relaxing)
 .debug_str     0x00032b7f       0xcd ./source/cbfifo.o
                              0x29007 (size before relaxing)
 .debug_str     0x00032c4c      0x1df ./source/i2c.o
                              0x28ede (size before relaxing)
 .debug_str     0x00032e2b      0x532 ./source/mtb.o
                               0x31ef (size before relaxing)
 .debug_str     0x0003335d       0x1f ./source/semihost_hardfault.o
                               0x2cdc (size before relaxing)
 .debug_str     0x0003337c      0x194 ./source/test_cases.o
                              0x2914b (size before relaxing)
 .debug_str     0x00033510     0x178e ./drivers/fsl_clock.o
                              0x321a4 (size before relaxing)
 .debug_str     0x00034c9e      0x95a ./drivers/fsl_lpsci.o
                              0x31793 (size before relaxing)
 .debug_str     0x000355f8      0x832 ./drivers/fsl_uart.o
                              0x317b6 (size before relaxing)
 .debug_str     0x00035e2a       0x4c ./board/board.o
                              0x31176 (size before relaxing)
 .debug_str     0x00035e76      0x3c1 ./board/clock_config.o
                              0x310d5 (size before relaxing)
 .debug_str     0x00036237       0x31 ./board/peripherals.o
                               0x2ced (size before relaxing)
 .debug_str     0x00036268      0x1e1 ./board/pin_mux.o
                              0x3081c (size before relaxing)
 .debug_str     0x00036449       0x4f ./CMSIS/system_MKL25Z4.o
                              0x2fb1e (size before relaxing)

.comment        0x00000000       0x49
 .comment       0x00000000       0x49 ./utilities/fsl_debug_console.o
                                 0x4a (size before relaxing)
 .comment       0x00000049       0x4a ./startup/startup_mkl25z4.o
 .comment       0x00000049       0x4a ./source/Command_Processor.o
 .comment       0x00000049       0x4a ./source/PES_Final_Project.o
 .comment       0x00000049       0x4a ./source/PWM.o
 .comment       0x00000049       0x4a ./source/Systick.o
 .comment       0x00000049       0x4a ./source/TSI.o
 .comment       0x00000049       0x4a ./source/UART.o
 .comment       0x00000049       0x4a ./source/accelerometer.o
 .comment       0x00000049       0x4a ./source/cbfifo.o
 .comment       0x00000049       0x4a ./source/i2c.o
 .comment       0x00000049       0x4a ./source/mtb.o
 .comment       0x00000049       0x4a ./source/semihost_hardfault.o
 .comment       0x00000049       0x4a ./source/test_cases.o
 .comment       0x00000049       0x4a ./drivers/fsl_clock.o
 .comment       0x00000049       0x4a ./drivers/fsl_lpsci.o
 .comment       0x00000049       0x4a ./drivers/fsl_uart.o
 .comment       0x00000049       0x4a ./board/board.o
 .comment       0x00000049       0x4a ./board/clock_config.o
 .comment       0x00000049       0x4a ./board/peripherals.o
 .comment       0x00000049       0x4a ./board/pin_mux.o
 .comment       0x00000049       0x4a ./CMSIS/system_MKL25Z4.o
 .comment       0x00000049       0x4a c:/nxp/mcuxpressoide_11.6.0_8187/ide/plugins/com.nxp.mcuxpresso.tools.win32_11.6.0.202112161359/tools/bin/../lib/gcc/arm-none-eabi/10.3.1/../../../../arm-none-eabi/lib/thumb/v6-m/nofp\libcr_semihost_nf.a(__ciob.o)
 .comment       0x00000049       0x4a c:/nxp/mcuxpressoide_11.6.0_8187/ide/plugins/com.nxp.mcuxpresso.tools.win32_11.6.0.202112161359/tools/bin/../lib/gcc/arm-none-eabi/10.3.1/../../../../arm-none-eabi/lib/thumb/v6-m/nofp\libcr_semihost_nf.a(_cr__main.o)
 .comment       0x00000049       0x4a c:/nxp/mcuxpressoide_11.6.0_8187/ide/plugins/com.nxp.mcuxpresso.tools.win32_11.6.0.202112161359/tools/bin/../lib/gcc/arm-none-eabi/10.3.1/../../../../arm-none-eabi/lib/thumb/v6-m/nofp\libcr_semihost_nf.a(_cr_assert.o)
 .comment       0x00000049       0x4a c:/nxp/mcuxpressoide_11.6.0_8187/ide/plugins/com.nxp.mcuxpresso.tools.win32_11.6.0.202112161359/tools/bin/../lib/gcc/arm-none-eabi/10.3.1/../../../../arm-none-eabi/lib/thumb/v6-m/nofp\libcr_c.a(memcpy.o)
 .comment       0x00000049       0x4a c:/nxp/mcuxpressoide_11.6.0_8187/ide/plugins/com.nxp.mcuxpresso.tools.win32_11.6.0.202112161359/tools/bin/../lib/gcc/arm-none-eabi/10.3.1/../../../../arm-none-eabi/lib/thumb/v6-m/nofp\libcr_c.a(memset.o)
 .comment       0x00000049       0x4a c:/nxp/mcuxpressoide_11.6.0_8187/ide/plugins/com.nxp.mcuxpresso.tools.win32_11.6.0.202112161359/tools/bin/../lib/gcc/arm-none-eabi/10.3.1/../../../../arm-none-eabi/lib/thumb/v6-m/nofp\libcr_c.a(__fillbuf.o)
 .comment       0x00000049       0x4a c:/nxp/mcuxpressoide_11.6.0_8187/ide/plugins/com.nxp.mcuxpresso.tools.win32_11.6.0.202112161359/tools/bin/../lib/gcc/arm-none-eabi/10.3.1/../../../../arm-none-eabi/lib/thumb/v6-m/nofp\libcr_c.a(_deferredlazyseek.o)
 .comment       0x00000049       0x4a c:/nxp/mcuxpressoide_11.6.0_8187/ide/plugins/com.nxp.mcuxpresso.tools.win32_11.6.0.202112161359/tools/bin/../lib/gcc/arm-none-eabi/10.3.1/../../../../arm-none-eabi/lib/thumb/v6-m/nofp\libcr_c.a(_fflush.o)
 .comment       0x00000049       0x4a c:/nxp/mcuxpressoide_11.6.0_8187/ide/plugins/com.nxp.mcuxpresso.tools.win32_11.6.0.202112161359/tools/bin/../lib/gcc/arm-none-eabi/10.3.1/../../../../arm-none-eabi/lib/thumb/v6-m/nofp\libcr_c.a(_writebuf.o)
 .comment       0x00000049       0x4a c:/nxp/mcuxpressoide_11.6.0_8187/ide/plugins/com.nxp.mcuxpresso.tools.win32_11.6.0.202112161359/tools/bin/../lib/gcc/arm-none-eabi/10.3.1/../../../../arm-none-eabi/lib/thumb/v6-m/nofp\libcr_c.a(alloc.o)
 .comment       0x00000049       0x4a c:/nxp/mcuxpressoide_11.6.0_8187/ide/plugins/com.nxp.mcuxpresso.tools.win32_11.6.0.202112161359/tools/bin/../lib/gcc/arm-none-eabi/10.3.1/../../../../arm-none-eabi/lib/thumb/v6-m/nofp\libcr_c.a(atan2.o)
 .comment       0x00000049       0x4a c:/nxp/mcuxpressoide_11.6.0_8187/ide/plugins/com.nxp.mcuxpresso.tools.win32_11.6.0.202112161359/tools/bin/../lib/gcc/arm-none-eabi/10.3.1/../../../../arm-none-eabi/lib/thumb/v6-m/nofp\libcr_c.a(errno.o)
 .comment       0x00000049       0x4a c:/nxp/mcuxpressoide_11.6.0_8187/ide/plugins/com.nxp.mcuxpresso.tools.win32_11.6.0.202112161359/tools/bin/../lib/gcc/arm-none-eabi/10.3.1/../../../../arm-none-eabi/lib/thumb/v6-m/nofp\libcr_c.a(fabs.o)
 .comment       0x00000049       0x4a c:/nxp/mcuxpressoide_11.6.0_8187/ide/plugins/com.nxp.mcuxpresso.tools.win32_11.6.0.202112161359/tools/bin/../lib/gcc/arm-none-eabi/10.3.1/../../../../arm-none-eabi/lib/thumb/v6-m/nofp\libcr_c.a(fpprintf.o)
 .comment       0x00000049       0x4a c:/nxp/mcuxpressoide_11.6.0_8187/ide/plugins/com.nxp.mcuxpresso.tools.win32_11.6.0.202112161359/tools/bin/../lib/gcc/arm-none-eabi/10.3.1/../../../../arm-none-eabi/lib/thumb/v6-m/nofp\libcr_c.a(fputs.o)
 .comment       0x00000049       0x4a c:/nxp/mcuxpressoide_11.6.0_8187/ide/plugins/com.nxp.mcuxpresso.tools.win32_11.6.0.202112161359/tools/bin/../lib/gcc/arm-none-eabi/10.3.1/../../../../arm-none-eabi/lib/thumb/v6-m/nofp\libcr_c.a(fseek.o)
 .comment       0x00000049       0x4a c:/nxp/mcuxpressoide_11.6.0_8187/ide/plugins/com.nxp.mcuxpresso.tools.win32_11.6.0.202112161359/tools/bin/../lib/gcc/arm-none-eabi/10.3.1/../../../../arm-none-eabi/lib/thumb/v6-m/nofp\libcr_c.a(ftell.o)
 .comment       0x00000049       0x4a c:/nxp/mcuxpressoide_11.6.0_8187/ide/plugins/com.nxp.mcuxpresso.tools.win32_11.6.0.202112161359/tools/bin/../lib/gcc/arm-none-eabi/10.3.1/../../../../arm-none-eabi/lib/thumb/v6-m/nofp\libcr_c.a(initio.o)
 .comment       0x00000049       0x4a c:/nxp/mcuxpressoide_11.6.0_8187/ide/plugins/com.nxp.mcuxpresso.tools.win32_11.6.0.202112161359/tools/bin/../lib/gcc/arm-none-eabi/10.3.1/../../../../arm-none-eabi/lib/thumb/v6-m/nofp\libcr_c.a(printf.o)
 .comment       0x00000049       0x4a c:/nxp/mcuxpressoide_11.6.0_8187/ide/plugins/com.nxp.mcuxpresso.tools.win32_11.6.0.202112161359/tools/bin/../lib/gcc/arm-none-eabi/10.3.1/../../../../arm-none-eabi/lib/thumb/v6-m/nofp\libcr_c.a(scanf.o)
 .comment       0x00000049       0x4a c:/nxp/mcuxpressoide_11.6.0_8187/ide/plugins/com.nxp.mcuxpresso.tools.win32_11.6.0.202112161359/tools/bin/../lib/gcc/arm-none-eabi/10.3.1/../../../../arm-none-eabi/lib/thumb/v6-m/nofp\libcr_c.a(setvbuf.o)
 .comment       0x00000049       0x4a c:/nxp/mcuxpressoide_11.6.0_8187/ide/plugins/com.nxp.mcuxpresso.tools.win32_11.6.0.202112161359/tools/bin/../lib/gcc/arm-none-eabi/10.3.1/../../../../arm-none-eabi/lib/thumb/v6-m/nofp\libcr_c.a(sqrt.o)
 .comment       0x00000049       0x4a c:/nxp/mcuxpressoide_11.6.0_8187/ide/plugins/com.nxp.mcuxpresso.tools.win32_11.6.0.202112161359/tools/bin/../lib/gcc/arm-none-eabi/10.3.1/../../../../arm-none-eabi/lib/thumb/v6-m/nofp\libcr_c.a(strcasecmp.o)
 .comment       0x00000049       0x4a c:/nxp/mcuxpressoide_11.6.0_8187/ide/plugins/com.nxp.mcuxpresso.tools.win32_11.6.0.202112161359/tools/bin/../lib/gcc/arm-none-eabi/10.3.1/../../../../arm-none-eabi/lib/thumb/v6-m/nofp\libcr_c.a(strlen.o)
 .comment       0x00000049       0x4a c:/nxp/mcuxpressoide_11.6.0_8187/ide/plugins/com.nxp.mcuxpresso.tools.win32_11.6.0.202112161359/tools/bin/../lib/gcc/arm-none-eabi/10.3.1/../../../../arm-none-eabi/lib/thumb/v6-m/nofp\libcr_c.a(__init_alloc.o)
 .comment       0x00000049       0x4a c:/nxp/mcuxpressoide_11.6.0_8187/ide/plugins/com.nxp.mcuxpresso.tools.win32_11.6.0.202112161359/tools/bin/../lib/gcc/arm-none-eabi/10.3.1/../../../../arm-none-eabi/lib/thumb/v6-m/nofp\libcr_c.a(_cr_sbrk.o)
 .comment       0x00000049       0x4a c:/nxp/mcuxpressoide_11.6.0_8187/ide/plugins/com.nxp.mcuxpresso.tools.win32_11.6.0.202112161359/tools/bin/../lib/gcc/arm-none-eabi/10.3.1/../../../../arm-none-eabi/lib/thumb/v6-m/nofp\libcr_c.a(_fdopen.o)
 .comment       0x00000049       0x4a c:/nxp/mcuxpressoide_11.6.0_8187/ide/plugins/com.nxp.mcuxpresso.tools.win32_11.6.0.202112161359/tools/bin/../lib/gcc/arm-none-eabi/10.3.1/../../../../arm-none-eabi/lib/thumb/v6-m/nofp\libcr_c.a(_frexpl.o)
 .comment       0x00000049       0x4a c:/nxp/mcuxpressoide_11.6.0_8187/ide/plugins/com.nxp.mcuxpresso.tools.win32_11.6.0.202112161359/tools/bin/../lib/gcc/arm-none-eabi/10.3.1/../../../../arm-none-eabi/lib/thumb/v6-m/nofp\libcr_c.a(_ldexpl.o)
 .comment       0x00000049       0x4a c:/nxp/mcuxpressoide_11.6.0_8187/ide/plugins/com.nxp.mcuxpresso.tools.win32_11.6.0.202112161359/tools/bin/../lib/gcc/arm-none-eabi/10.3.1/../../../../arm-none-eabi/lib/thumb/v6-m/nofp\libcr_c.a(atan.o)
 .comment       0x00000049       0x4a c:/nxp/mcuxpressoide_11.6.0_8187/ide/plugins/com.nxp.mcuxpresso.tools.win32_11.6.0.202112161359/tools/bin/../lib/gcc/arm-none-eabi/10.3.1/../../../../arm-none-eabi/lib/thumb/v6-m/nofp\libcr_c.a(ctype.o)
 .comment       0x00000049       0x4a c:/nxp/mcuxpressoide_11.6.0_8187/ide/plugins/com.nxp.mcuxpresso.tools.win32_11.6.0.202112161359/tools/bin/../lib/gcc/arm-none-eabi/10.3.1/../../../../arm-none-eabi/lib/thumb/v6-m/nofp\libcr_c.a(fclose.o)
 .comment       0x00000049       0x4a c:/nxp/mcuxpressoide_11.6.0_8187/ide/plugins/com.nxp.mcuxpresso.tools.win32_11.6.0.202112161359/tools/bin/../lib/gcc/arm-none-eabi/10.3.1/../../../../arm-none-eabi/lib/thumb/v6-m/nofp\libcr_c.a(fflush.o)
 .comment       0x00000049       0x4a c:/nxp/mcuxpressoide_11.6.0_8187/ide/plugins/com.nxp.mcuxpresso.tools.win32_11.6.0.202112161359/tools/bin/../lib/gcc/arm-none-eabi/10.3.1/../../../../arm-none-eabi/lib/thumb/v6-m/nofp\libcr_c.a(remove.o)
 .comment       0x00000049       0x4a c:/nxp/mcuxpressoide_11.6.0_8187/ide/plugins/com.nxp.mcuxpresso.tools.win32_11.6.0.202112161359/tools/bin/../lib/gcc/arm-none-eabi/10.3.1/../../../../arm-none-eabi/lib/thumb/v6-m/nofp\libcr_c.a(_cr_check_heap.o)
 .comment       0x00000049       0x4a c:/nxp/mcuxpressoide_11.6.0_8187/ide/plugins/com.nxp.mcuxpresso.tools.win32_11.6.0.202112161359/tools/bin/../lib/gcc/arm-none-eabi/10.3.1/../../../../arm-none-eabi/lib/thumb/v6-m/nofp\libcr_c.a(_do_fflush.o)
 .comment       0x00000049       0x4a c:/nxp/mcuxpressoide_11.6.0_8187/ide/plugins/com.nxp.mcuxpresso.tools.win32_11.6.0.202112161359/tools/bin/../lib/gcc/arm-none-eabi/10.3.1/thumb/v6-m/nofp\libcr_eabihelpers.a(double.o)
 .comment       0x00000049       0x4a c:/nxp/mcuxpressoide_11.6.0_8187/ide/plugins/com.nxp.mcuxpresso.tools.win32_11.6.0.202112161359/tools/bin/../lib/gcc/arm-none-eabi/10.3.1/thumb/v6-m/nofp\libcr_eabihelpers.a(float.o)

.ARM.attributes
                0x00000000       0x2a
 .ARM.attributes
                0x00000000       0x2c ./utilities/fsl_debug_console.o
 .ARM.attributes
                0x0000002c       0x2c ./startup/startup_mkl25z4.o
 .ARM.attributes
                0x00000058       0x2c ./source/Command_Processor.o
 .ARM.attributes
                0x00000084       0x2c ./source/PES_Final_Project.o
 .ARM.attributes
                0x000000b0       0x2c ./source/PWM.o
 .ARM.attributes
                0x000000dc       0x2c ./source/Systick.o
 .ARM.attributes
                0x00000108       0x2c ./source/TSI.o
 .ARM.attributes
                0x00000134       0x2c ./source/UART.o
 .ARM.attributes
                0x00000160       0x2c ./source/accelerometer.o
 .ARM.attributes
                0x0000018c       0x2c ./source/cbfifo.o
 .ARM.attributes
                0x000001b8       0x2c ./source/i2c.o
 .ARM.attributes
                0x000001e4       0x2c ./source/mtb.o
 .ARM.attributes
                0x00000210       0x2c ./source/semihost_hardfault.o
 .ARM.attributes
                0x0000023c       0x2c ./source/test_cases.o
 .ARM.attributes
                0x00000268       0x2c ./drivers/fsl_clock.o
 .ARM.attributes
                0x00000294       0x2c ./drivers/fsl_lpsci.o
 .ARM.attributes
                0x000002c0       0x2c ./drivers/fsl_uart.o
 .ARM.attributes
                0x000002ec       0x2c ./board/board.o
 .ARM.attributes
                0x00000318       0x2c ./board/clock_config.o
 .ARM.attributes
                0x00000344       0x2c ./board/peripherals.o
 .ARM.attributes
                0x00000370       0x2c ./board/pin_mux.o
 .ARM.attributes
                0x0000039c       0x2c ./CMSIS/system_MKL25Z4.o
 .ARM.attributes
                0x000003c8       0x2c c:/nxp/mcuxpressoide_11.6.0_8187/ide/plugins/com.nxp.mcuxpresso.tools.win32_11.6.0.202112161359/tools/bin/../lib/gcc/arm-none-eabi/10.3.1/../../../../arm-none-eabi/lib/thumb/v6-m/nofp\libcr_semihost_nf.a(__ciob.o)
 .ARM.attributes
                0x000003f4       0x2c c:/nxp/mcuxpressoide_11.6.0_8187/ide/plugins/com.nxp.mcuxpresso.tools.win32_11.6.0.202112161359/tools/bin/../lib/gcc/arm-none-eabi/10.3.1/../../../../arm-none-eabi/lib/thumb/v6-m/nofp\libcr_semihost_nf.a(_cr__main.o)
 .ARM.attributes
                0x00000420       0x2c c:/nxp/mcuxpressoide_11.6.0_8187/ide/plugins/com.nxp.mcuxpresso.tools.win32_11.6.0.202112161359/tools/bin/../lib/gcc/arm-none-eabi/10.3.1/../../../../arm-none-eabi/lib/thumb/v6-m/nofp\libcr_semihost_nf.a(_cr_assert.o)
 .ARM.attributes
                0x0000044c       0x1c c:/nxp/mcuxpressoide_11.6.0_8187/ide/plugins/com.nxp.mcuxpresso.tools.win32_11.6.0.202112161359/tools/bin/../lib/gcc/arm-none-eabi/10.3.1/../../../../arm-none-eabi/lib/thumb/v6-m/nofp\libcr_semihost_nf.a(__sys_appexit.o)
 .ARM.attributes
                0x00000468       0x2c c:/nxp/mcuxpressoide_11.6.0_8187/ide/plugins/com.nxp.mcuxpresso.tools.win32_11.6.0.202112161359/tools/bin/../lib/gcc/arm-none-eabi/10.3.1/../../../../arm-none-eabi/lib/thumb/v6-m/nofp\libcr_c.a(memcpy.o)
 .ARM.attributes
                0x00000494       0x2c c:/nxp/mcuxpressoide_11.6.0_8187/ide/plugins/com.nxp.mcuxpresso.tools.win32_11.6.0.202112161359/tools/bin/../lib/gcc/arm-none-eabi/10.3.1/../../../../arm-none-eabi/lib/thumb/v6-m/nofp\libcr_c.a(memset.o)
 .ARM.attributes
                0x000004c0       0x2c c:/nxp/mcuxpressoide_11.6.0_8187/ide/plugins/com.nxp.mcuxpresso.tools.win32_11.6.0.202112161359/tools/bin/../lib/gcc/arm-none-eabi/10.3.1/../../../../arm-none-eabi/lib/thumb/v6-m/nofp\libcr_c.a(__fillbuf.o)
 .ARM.attributes
                0x000004ec       0x2c c:/nxp/mcuxpressoide_11.6.0_8187/ide/plugins/com.nxp.mcuxpresso.tools.win32_11.6.0.202112161359/tools/bin/../lib/gcc/arm-none-eabi/10.3.1/../../../../arm-none-eabi/lib/thumb/v6-m/nofp\libcr_c.a(_deferredlazyseek.o)
 .ARM.attributes
                0x00000518       0x2c c:/nxp/mcuxpressoide_11.6.0_8187/ide/plugins/com.nxp.mcuxpresso.tools.win32_11.6.0.202112161359/tools/bin/../lib/gcc/arm-none-eabi/10.3.1/../../../../arm-none-eabi/lib/thumb/v6-m/nofp\libcr_c.a(_fflush.o)
 .ARM.attributes
                0x00000544       0x2c c:/nxp/mcuxpressoide_11.6.0_8187/ide/plugins/com.nxp.mcuxpresso.tools.win32_11.6.0.202112161359/tools/bin/../lib/gcc/arm-none-eabi/10.3.1/../../../../arm-none-eabi/lib/thumb/v6-m/nofp\libcr_c.a(_writebuf.o)
 .ARM.attributes
                0x00000570       0x2c c:/nxp/mcuxpressoide_11.6.0_8187/ide/plugins/com.nxp.mcuxpresso.tools.win32_11.6.0.202112161359/tools/bin/../lib/gcc/arm-none-eabi/10.3.1/../../../../arm-none-eabi/lib/thumb/v6-m/nofp\libcr_c.a(alloc.o)
 .ARM.attributes
                0x0000059c       0x2c c:/nxp/mcuxpressoide_11.6.0_8187/ide/plugins/com.nxp.mcuxpresso.tools.win32_11.6.0.202112161359/tools/bin/../lib/gcc/arm-none-eabi/10.3.1/../../../../arm-none-eabi/lib/thumb/v6-m/nofp\libcr_c.a(atan2.o)
 .ARM.attributes
                0x000005c8       0x2c c:/nxp/mcuxpressoide_11.6.0_8187/ide/plugins/com.nxp.mcuxpresso.tools.win32_11.6.0.202112161359/tools/bin/../lib/gcc/arm-none-eabi/10.3.1/../../../../arm-none-eabi/lib/thumb/v6-m/nofp\libcr_c.a(errno.o)
 .ARM.attributes
                0x000005f4       0x2c c:/nxp/mcuxpressoide_11.6.0_8187/ide/plugins/com.nxp.mcuxpresso.tools.win32_11.6.0.202112161359/tools/bin/../lib/gcc/arm-none-eabi/10.3.1/../../../../arm-none-eabi/lib/thumb/v6-m/nofp\libcr_c.a(fabs.o)
 .ARM.attributes
                0x00000620       0x2c c:/nxp/mcuxpressoide_11.6.0_8187/ide/plugins/com.nxp.mcuxpresso.tools.win32_11.6.0.202112161359/tools/bin/../lib/gcc/arm-none-eabi/10.3.1/../../../../arm-none-eabi/lib/thumb/v6-m/nofp\libcr_c.a(fpprintf.o)
 .ARM.attributes
                0x0000064c       0x2c c:/nxp/mcuxpressoide_11.6.0_8187/ide/plugins/com.nxp.mcuxpresso.tools.win32_11.6.0.202112161359/tools/bin/../lib/gcc/arm-none-eabi/10.3.1/../../../../arm-none-eabi/lib/thumb/v6-m/nofp\libcr_c.a(fputs.o)
 .ARM.attributes
                0x00000678       0x2c c:/nxp/mcuxpressoide_11.6.0_8187/ide/plugins/com.nxp.mcuxpresso.tools.win32_11.6.0.202112161359/tools/bin/../lib/gcc/arm-none-eabi/10.3.1/../../../../arm-none-eabi/lib/thumb/v6-m/nofp\libcr_c.a(fseek.o)
 .ARM.attributes
                0x000006a4       0x2c c:/nxp/mcuxpressoide_11.6.0_8187/ide/plugins/com.nxp.mcuxpresso.tools.win32_11.6.0.202112161359/tools/bin/../lib/gcc/arm-none-eabi/10.3.1/../../../../arm-none-eabi/lib/thumb/v6-m/nofp\libcr_c.a(ftell.o)
 .ARM.attributes
                0x000006d0       0x2c c:/nxp/mcuxpressoide_11.6.0_8187/ide/plugins/com.nxp.mcuxpresso.tools.win32_11.6.0.202112161359/tools/bin/../lib/gcc/arm-none-eabi/10.3.1/../../../../arm-none-eabi/lib/thumb/v6-m/nofp\libcr_c.a(initio.o)
 .ARM.attributes
                0x000006fc       0x2c c:/nxp/mcuxpressoide_11.6.0_8187/ide/plugins/com.nxp.mcuxpresso.tools.win32_11.6.0.202112161359/tools/bin/../lib/gcc/arm-none-eabi/10.3.1/../../../../arm-none-eabi/lib/thumb/v6-m/nofp\libcr_c.a(printf.o)
 .ARM.attributes