Archive member included to satisfy reference by file (symbol)

c:/nxp/mcuxpressoide_11.6.0_8187/ide/plugins/com.nxp.mcuxpresso.tools.win32_11.6.0.202112161359/tools/bin/../lib/gcc/arm-none-eabi/10.3.1/../../../../arm-none-eabi/lib/thumb/v6-m/nofp\libcr_semihost_nf.a(__ciob.o)
                              ./source/Command_Processor.o (__Ciob)
c:/nxp/mcuxpressoide_11.6.0_8187/ide/plugins/com.nxp.mcuxpresso.tools.win32_11.6.0.202112161359/tools/bin/../lib/gcc/arm-none-eabi/10.3.1/../../../../arm-none-eabi/lib/thumb/v6-m/nofp\libcr_semihost_nf.a(_cr__main.o)
                              ./startup/startup_mkl25z4.o (__main)
c:/nxp/mcuxpressoide_11.6.0_8187/ide/plugins/com.nxp.mcuxpresso.tools.win32_11.6.0.202112161359/tools/bin/../lib/gcc/arm-none-eabi/10.3.1/../../../../arm-none-eabi/lib/thumb/v6-m/nofp\libcr_c.a(memcpy.o)
                              ./source/test_cases.o (memcpy)
c:/nxp/mcuxpressoide_11.6.0_8187/ide/plugins/com.nxp.mcuxpresso.tools.win32_11.6.0.202112161359/tools/bin/../lib/gcc/arm-none-eabi/10.3.1/../../../../arm-none-eabi/lib/thumb/v6-m/nofp\libcr_c.a(memset.o)
                              ./source/Command_Processor.o (memset)
c:/nxp/mcuxpressoide_11.6.0_8187/ide/plugins/com.nxp.mcuxpresso.tools.win32_11.6.0.202112161359/tools/bin/../lib/gcc/arm-none-eabi/10.3.1/../../../../arm-none-eabi/lib/thumb/v6-m/nofp\libcr_c.a(__fillbuf.o)
                              ./source/Command_Processor.o (__filbuf)
c:/nxp/mcuxpressoide_11.6.0_8187/ide/plugins/com.nxp.mcuxpresso.tools.win32_11.6.0.202112161359/tools/bin/../lib/gcc/arm-none-eabi/10.3.1/../../../../arm-none-eabi/lib/thumb/v6-m/nofp\libcr_c.a(_deferredlazyseek.o)
                              c:/nxp/mcuxpressoide_11.6.0_8187/ide/plugins/com.nxp.mcuxpresso.tools.win32_11.6.0.202112161359/tools/bin/../lib/gcc/arm-none-eabi/10.3.1/../../../../arm-none-eabi/lib/thumb/v6-m/nofp\libcr_c.a(__fillbuf.o) (_deferredlazyseek)
c:/nxp/mcuxpressoide_11.6.0_8187/ide/plugins/com.nxp.mcuxpresso.tools.win32_11.6.0.202112161359/tools/bin/../lib/gcc/arm-none-eabi/10.3.1/../../../../arm-none-eabi/lib/thumb/v6-m/nofp\libcr_c.a(_fflush.o)
                              c:/nxp/mcuxpressoide_11.6.0_8187/ide/plugins/com.nxp.mcuxpresso.tools.win32_11.6.0.202112161359/tools/bin/../lib/gcc/arm-none-eabi/10.3.1/../../../../arm-none-eabi/lib/thumb/v6-m/nofp\libcr_c.a(__fillbuf.o) (_fflush)
c:/nxp/mcuxpressoide_11.6.0_8187/ide/plugins/com.nxp.mcuxpresso.tools.win32_11.6.0.202112161359/tools/bin/../lib/gcc/arm-none-eabi/10.3.1/../../../../arm-none-eabi/lib/thumb/v6-m/nofp\libcr_c.a(_writebuf.o)
                              c:/nxp/mcuxpressoide_11.6.0_8187/ide/plugins/com.nxp.mcuxpresso.tools.win32_11.6.0.202112161359/tools/bin/../lib/gcc/arm-none-eabi/10.3.1/../../../../arm-none-eabi/lib/thumb/v6-m/nofp\libcr_c.a(_deferredlazyseek.o) (_Cwritebuf)
c:/nxp/mcuxpressoide_11.6.0_8187/ide/plugins/com.nxp.mcuxpresso.tools.win32_11.6.0.202112161359/tools/bin/../lib/gcc/arm-none-eabi/10.3.1/../../../../arm-none-eabi/lib/thumb/v6-m/nofp\libcr_c.a(alloc.o)
                              c:/nxp/mcuxpressoide_11.6.0_8187/ide/plugins/com.nxp.mcuxpresso.tools.win32_11.6.0.202112161359/tools/bin/../lib/gcc/arm-none-eabi/10.3.1/../../../../arm-none-eabi/lib/thumb/v6-m/nofp\libcr_c.a(__fillbuf.o) (_Csys_alloc)
c:/nxp/mcuxpressoide_11.6.0_8187/ide/plugins/com.nxp.mcuxpresso.tools.win32_11.6.0.202112161359/tools/bin/../lib/gcc/arm-none-eabi/10.3.1/../../../../arm-none-eabi/lib/thumb/v6-m/nofp\libcr_c.a(atan2.o)
                              ./source/accelerometer.o (atan2)
c:/nxp/mcuxpressoide_11.6.0_8187/ide/plugins/com.nxp.mcuxpresso.tools.win32_11.6.0.202112161359/tools/bin/../lib/gcc/arm-none-eabi/10.3.1/../../../../arm-none-eabi/lib/thumb/v6-m/nofp\libcr_c.a(errno.o)
                              c:/nxp/mcuxpressoide_11.6.0_8187/ide/plugins/com.nxp.mcuxpresso.tools.win32_11.6.0.202112161359/tools/bin/../lib/gcc/arm-none-eabi/10.3.1/../../../../arm-none-eabi/lib/thumb/v6-m/nofp\libcr_c.a(atan2.o) (errno)
c:/nxp/mcuxpressoide_11.6.0_8187/ide/plugins/com.nxp.mcuxpresso.tools.win32_11.6.0.202112161359/tools/bin/../lib/gcc/arm-none-eabi/10.3.1/../../../../arm-none-eabi/lib/thumb/v6-m/nofp\libcr_c.a(fabs.o)
                              ./source/Command_Processor.o (fabs)
c:/nxp/mcuxpressoide_11.6.0_8187/ide/plugins/com.nxp.mcuxpresso.tools.win32_11.6.0.202112161359/tools/bin/../lib/gcc/arm-none-eabi/10.3.1/../../../../arm-none-eabi/lib/thumb/v6-m/nofp\libcr_c.a(fpprintf.o)
                              ./source/Command_Processor.o (printf)
c:/nxp/mcuxpressoide_11.6.0_8187/ide/plugins/com.nxp.mcuxpresso.tools.win32_11.6.0.202112161359/tools/bin/../lib/gcc/arm-none-eabi/10.3.1/../../../../arm-none-eabi/lib/thumb/v6-m/nofp\libcr_c.a(fseek.o)
                              c:/nxp/mcuxpressoide_11.6.0_8187/ide/plugins/com.nxp.mcuxpresso.tools.win32_11.6.0.202112161359/tools/bin/../lib/gcc/arm-none-eabi/10.3.1/../../../../arm-none-eabi/lib/thumb/v6-m/nofp\libcr_c.a(_deferredlazyseek.o) (fseek)
[...]
Memory Configuration

Name             Origin             Length             Attributes
PROGRAM_FLASH    0x00000000         0x00020000         xr
SRAM             0x1ffff000         0x00004000         xrw
*default*        0x00000000         0xffffffff

Linker script and memory map

LOAD ./utilities/fsl_debug_console.o
LOAD ./startup/startup_mkl25z4.o
LOAD ./source/Command_Processor.o
LOAD ./source/PES_Final_Project.o
LOAD ./source/PWM.o
LOAD ./source/Systick.o
LOAD ./source/TSI.o
LOAD ./source/UART.o
LOAD ./source/accelerometer.o
LOAD ./source/cbfifo.o
LOAD ./source/i2c.o
LOAD ./source/mtb.o
LOAD ./source/semihost_hardfault.o
LOAD ./source/test_cases.o
LOAD ./drivers/fsl_clock.o
LOAD ./drivers/fsl_common.o
LOAD ./drivers/fsl_flash.o
LOAD ./drivers/fsl_gpio.o
LOAD ./drivers/fsl_lpsci.o
LOAD ./drivers/fsl_smc.o
LOAD ./drivers/fsl_uart.o
LOAD ./board/board.o
LOAD ./board/clock_config.o
LOAD ./board/peripherals.o
LOAD ./board/pin_mux.o
LOAD ./CMSIS/system_MKL25Z4.o
START GROUP
LOAD c:/nxp/mcuxpressoide_11.6.0_8187/ide/plugins/com.nxp.mcuxpresso.tools.win32_11.6.0.202112161359/tools/bin/../lib/gcc/arm-none-eabi/10.3.1/../../../../arm-none-eabi/lib/thumb/v6-m/nofp\libcr_semihost_nf.a
LOAD c:/nxp/mcuxpressoide_11.6.0_8187/ide/plugins/com.nxp.mcuxpresso.tools.win32_11.6.0.202112161359/tools/bin/../lib/gcc/arm-none-eabi/10.3.1/../../../../arm-none-eabi/lib/thumb/v6-m/nofp\libcr_c.a
LOAD c:/nxp/mcuxpressoide_11.6.0_8187/ide/plugins/com.nxp.mcuxpresso.tools.win32_11.6.0.202112161359/tools/bin/../lib/gcc/arm-none-eabi/10.3.1/thumb/v6-m/nofp\libcr_eabihelpers.a
LOAD c:/nxp/mcuxpressoide_11.6.0_8187/ide/plugins/com.nxp.mcuxpresso.tools.win32_11.6.0.202112161359/tools/bin/../lib/gcc/arm-none-eabi/10.3.1/thumb/v6-m/nofp\libgcc.a
END GROUP
                0x00000000                __base_PROGRAM_FLASH = 0x0
                0x00000000                __base_Flash = 0x0
                0x00020000                __top_PROGRAM_FLASH = 0x20000
                0x00020000                __top_Flash = 0x20000
                0x1ffff000                __base_SRAM = 0x1ffff000
                0x1ffff000                __base_RAM = 0x1ffff000
                0x20003000                __top_SRAM = 0x20003000
                0x20003000                __top_RAM = 0x20003000

.text           0x00000000     0x7b5c
 FILL mask 0xff
                0x00000000                __vectors_start__ = ABSOLUTE (.)
 *(SORT_BY_ALIGNMENT(.isr_vector))
 .isr_vector    0x00000000       0xc0 ./startup/startup_mkl25z4.o
                0x00000000                g_pfnVectors
                0x00000000                __Vectors
                0x000000c0                . = ALIGN (0x4)
                0x000000c0                __section_table_start = .
                0x000000c0                __data_section_table = .
                0x000000c0        0x4 LONG 0x7b5c LOADADDR (.data)
                0x000000c4        0x4 LONG 0x1ffff080 ADDR (.data)
                0x000000c8        0x4 LONG 0x8 SIZEOF (.data)
                0x000000cc                __data_section_table_end = .
                0x000000cc                __bss_section_table = .
                0x000000cc        0x4 LONG 0x1ffff088 ADDR (.bss)
                0x000000d0        0x4 LONG 0x434 SIZEOF (.bss)
                0x000000d4                __bss_section_table_end = .
                0x000000d4                __section_table_end = .
 *(SORT_BY_ALIGNMENT(.after_vectors*))
 .after_vectors.reset
                0x000000d4       0x84 ./startup/startup_mkl25z4.o
                0x000000d4                ResetISR
 .after_vectors.init_data
                0x00000158       0x42 ./startup/startup_mkl25z4.o
                0x00000158                data_init
 .after_vectors.init_bss
                0x0000019a       0x36 ./startup/startup_mkl25z4.o
                0x0000019a                bss_init
 .after_vectors
                0x000001d0      0x1e4 ./startup/startup_mkl25z4.o
                0x000001d0                NMI_Handler
                0x000001dc                SVC_Handler
                0x000001e2                PendSV_Handler
                0x000001ee                SPI1_DriverIRQHandler
                0x000001ee                LPTMR0_DriverIRQHandler
                0x000001ee                DMA0_DriverIRQHandler
                0x000001ee                I2C0_DriverIRQHandler
                0x000001ee                Reserved39_DriverIRQHandler
                0x000001ee                PORTD_DriverIRQHandler
                0x000001ee                DMA2_DriverIRQHandler
                0x000001ee                CMP0_DriverIRQHandler
                0x000001ee                TPM2_DriverIRQHandler
                0x000001ee                ADC0_DriverIRQHandler
                0x000001ee                SPI0_DriverIRQHandler
                0x000001ee                TSI0_DriverIRQHandler
                0x000001ee                RTC_Seconds_DriverIRQHandler
                0x000001ee                I2C1_DriverIRQHandler
                0x000001ee                LLWU_DriverIRQHandler
                0x000001ee                MCG_DriverIRQHandler
                0x000001ee                DMA1_DriverIRQHandler
                0x000001ee                PIT_DriverIRQHandler
                0x000001ee                RTC_DriverIRQHandler
                0x000001ee                FTFA_DriverIRQHandler
                0x000001ee                IntDefaultHandler
                0x000001ee                USB0_DriverIRQHandler
                0x000001ee                DAC0_DriverIRQHandler
                0x000001ee                TPM1_DriverIRQHandler
                0x000001ee                LVD_LVW_DriverIRQHandler
                0x000001ee                TPM0_DriverIRQHandler
                0x000001ee                PORTA_DriverIRQHandler
                0x000001ee                Reserved45_DriverIRQHandler
                0x000001ee                Reserved20_DriverIRQHandler
                0x000001ee                DMA3_DriverIRQHandler
                0x000001f4                DMA0_IRQHandler
                0x00000202                DMA1_IRQHandler
                0x00000210                DMA2_IRQHandler
                0x0000021e                DMA3_IRQHandler
                0x0000022c                Reserved20_IRQHandler
                0x0000023a                FTFA_IRQHandler
                0x00000248                LVD_LVW_IRQHandler
                0x00000256                LLWU_IRQHandler
                0x00000264                I2C0_IRQHandler
                0x00000272                I2C1_IRQHandler
                0x00000280                SPI0_IRQHandler
                0x0000028e                SPI1_IRQHandler
                0x000002aa                UART1_IRQHandler
                0x000002b8                UART2_IRQHandler
                0x000002c6                ADC0_IRQHandler
                0x000002d4                CMP0_IRQHandler
                0x000002e2                TPM0_IRQHandler
                0x000002f0                TPM1_IRQHandler
                0x000002fe                TPM2_IRQHandler
                0x0000030c                RTC_IRQHandler
                0x0000031a                RTC_Seconds_IRQHandler
                0x00000328                PIT_IRQHandler
                0x00000336                Reserved39_IRQHandler
                0x00000344                USB0_IRQHandler
                0x00000352                DAC0_IRQHandler
                0x00000360                TSI0_IRQHandler
                0x0000036e                MCG_IRQHandler
                0x0000037c                LPTMR0_IRQHandler
                0x0000038a                Reserved45_IRQHandler
                0x00000398                PORTA_IRQHandler
                0x000003a6                PORTD_IRQHandler
                0x00000400                . = 0x400
 *fill*         0x000003b4       0x4c ff
                0x00000400                PROVIDE (__FLASH_CONFIG_START__ = .)
 *(SORT_BY_ALIGNMENT(.FlashConfig))
 .FlashConfig   0x00000400       0x10 ./startup/startup_mkl25z4.o
                0x00000400                Flash_Config
                0x00000410                PROVIDE (__FLASH_CONFIG_END__ = .)
                0x00000001                ASSERT (! ((__FLASH_CONFIG_START__ == __FLASH_CONFIG_END__)), Linker Flash Config Support Enabled, but no .FlashConfig section provided within application)
 *(SORT_BY_ALIGNMENT(.text*))
 .text.DbgConsole_Init
                0x00000410       0xf4 ./utilities/fsl_debug_console.o
                0x00000410                DbgConsole_Init
 .text.roll_sp  0x00000504       0x74 ./source/Command_Processor.o
                0x00000504                roll_sp
 .text.pitch_sp
                0x00000578       0x50 ./source/Command_Processor.o
                0x00000578                pitch_sp
 .text.calibrate_roll
                0x000005c8       0x28 ./source/Command_Processor.o
                0x000005c8                calibrate_roll
 .text.calibrate_reset
                0x000005f0       0x2c ./source/Command_Processor.o
                0x000005f0                calibrate_reset
 .text.display_angles
                0x0000061c       0x8c ./source/Command_Processor.o
                0x0000061c                display_angles
 .text.help     0x000006a8       0x4c ./source/Command_Processor.o
                0x000006a8                help
 .text.position_tracking
                0x000006f4      0x468 ./source/Command_Processor.o
                0x000006f4                position_tracking
 .text.process_command
                0x00000b5c      0x194 ./source/Command_Processor.o
                0x00000b5c                process_command
 .text.command_processor
                0x00000cf0      0x140 ./source/Command_Processor.o
                0x00000cf0                command_processor
 .text.main     0x00000e30       0x5c ./source/PES_Final_Project.o
                0x00000e30                main
 .text.Init_RGB_LED_PWM
                0x00000e8c      0x13c ./source/PWM.o
                0x00000e8c                Init_RGB_LED_PWM
 .text.NVIC_SetPriority
                0x00000fc8       0xdc ./source/Systick.o
 .text.Init_SysTick
                0x000010a4       0x30 ./source/Systick.o
                0x000010a4                Init_SysTick
 .text.SysTick_Handler
                0x000010d4       0x18 ./source/Systick.o
                0x000010d4                SysTick_Handler
 .text.reset_timer
                0x000010ec       0x1c ./source/Systick.o
                0x000010ec                reset_timer
 .text.get_timer
                0x00001108       0x1c ./source/Systick.o
                0x00001108                get_timer
 .text.Touch_Init
                0x00001124       0x30 ./source/TSI.o
                0x00001124                Touch_Init
 .text.Touch_Scan_LH
                0x00001154       0x54 ./source/TSI.o
                0x00001154                Touch_Scan_LH
 .text.NVIC_EnableIRQ
                0x000011a8       0x2c ./source/UART.o
 .text.NVIC_ClearPendingIRQ
                0x000011d4       0x30 ./source/UART.o
 .text.NVIC_SetPriority
                0x00001204       0xdc ./source/UART.o
 .text.Init_UART0
                0x000012e0      0x174 ./source/UART.o
                0x000012e0                Init_UART0
 .text.UART0_IRQHandler
                0x00001454       0xb8 ./source/UART.o
                0x00001454                UART0_IRQHandler
 .text.__sys_write
                0x0000150c       0x80 ./source/UART.o
                0x0000150c                __sys_write
 .text.__sys_readc
                0x0000158c       0x3c ./source/UART.o
                0x0000158c                __sys_readc
 .text.read_full_xyz
                0x000015c8       0xd8 ./source/accelerometer.o
                0x000015c8                read_full_xyz
 .text.convert_xyz_to_roll
                0x000016a0       0xbc ./source/accelerometer.o
                0x000016a0                convert_xyz_to_roll
 .text.convert_xyz_to_pitch
                0x0000175c      0x110 ./source/accelerometer.o
                0x0000175c                convert_xyz_to_pitch
 .text.i2c_init
                0x0000186c       0x84 ./source/i2c.o
                0x0000186c                i2c_init
 .text.i2c_busy
                0x000018f0      0x174 ./source/i2c.o
                0x000018f0                i2c_busy
 .text.i2c_wait
                0x00001a64       0x6c ./source/i2c.o
                0x00001a64                i2c_wait
 .text.i2c_start
                0x00001ad0       0x30 ./source/i2c.o
                0x00001ad0                i2c_start
 .text.i2c_read_setup
                0x00001b00       0x68 ./source/i2c.o
                0x00001b00                i2c_read_setup
 .text.i2c_repeated_read
                0x00001b68       0x80 ./source/i2c.o
                0x00001b68                i2c_repeated_read
 .text.i2c_write_byte
                0x00001be8       0x80 ./source/i2c.o
                0x00001be8                i2c_write_byte
 .text.HardFault_Handler
                0x00001c68       0x30 ./source/semihost_hardfault.o
                0x00001c68                HardFault_Handler
 .text.cbfifo_test1
                0x00001c98       0x54 ./source/test_cases.o
                0x00001c98                cbfifo_test1
 .text.cbfifo_test2
                0x00001cec       0x30 ./source/test_cases.o
                0x00001cec                cbfifo_test2
 .text.cbfifo_test3
                0x00001d1c       0x30 ./source/test_cases.o
                0x00001d1c                cbfifo_test3
 .text.cbfifo_test4
                0x00001d4c       0x78 ./source/test_cases.o
                0x00001d4c                cbfifo_test4
 .text.cbfifo_test5
                0x00001dc4       0x74 ./source/test_cases.o
                0x00001dc4                cbfifo_test5
 .text.cbfifo_test6
                0x00001e38       0xac ./source/test_cases.o
                0x00001e38                cbfifo_test6
 .text.cbfifo_test7
                0x00001ee4       0x50 ./source/test_cases.o
                0x00001ee4                cbfifo_test7
 .text.cbfifo_test8
                0x00001f34       0x3c ./source/test_cases.o
                0x00001f34                cbfifo_test8
 .text.cbfifo_test9
                0x00001f70       0x3c ./source/test_cases.o
                0x00001f70                cbfifo_test9
 .text.test_cbfifo
                0x00001fac       0xb4 ./source/test_cases.o
                0x00001fac                test_cbfifo
 .text.test_accelerometer
                0x00002060       0x44 ./source/test_cases.o
                0x00002060                test_accelerometer
 .text.test_systick
                0x000020a4       0x70 ./source/test_cases.o
                0x000020a4                test_systick
 .text.test_TSI
                0x00002114       0x9c ./source/test_cases.o
                0x00002114                test_TSI
 .text.CLOCK_SetEr32kClock
                0x000021b0       0x34 ./drivers/fsl_clock.o
 .text.CLOCK_SetPllFllSelClock
                0x000021e4       0x38 ./drivers/fsl_clock.o
 .text.CLOCK_GetMcgExtClkFreq
                0x0000221c       0x14 ./drivers/fsl_clock.o
 .text.CLOCK_GetFllExtRefClkFreq
                0x00002230       0xa8 ./drivers/fsl_clock.o
 .text.CLOCK_GetFllRefClkFreq
                0x000022d8       0x2c ./drivers/fsl_clock.o
 .text.CLOCK_GetOscRangeFromFreq
                0x00002304       0x4c ./drivers/fsl_clock.o
 .text.CLOCK_GetPllFllSelClkFreq
                0x00002350       0x4c ./drivers/fsl_clock.o
                0x00002350                CLOCK_GetPllFllSelClkFreq
 .text.CLOCK_SetSimConfig
                0x0000239c       0x38 ./drivers/fsl_clock.o
                0x0000239c                CLOCK_SetSimConfig
 .text.CLOCK_GetFllFreq
                0x000023d4       0x84 ./drivers/fsl_clock.o
                0x000023d4                CLOCK_GetFllFreq
 .text.CLOCK_GetPll0Freq
                0x00002458       0x60 ./drivers/fsl_clock.o
                0x00002458                CLOCK_GetPll0Freq
 .text.CLOCK_SetInternalRefClkConfig
                0x000024b8      0x124 ./drivers/fsl_clock.o
                0x000024b8                CLOCK_SetInternalRefClkConfig
 .text.CLOCK_EnablePll0
                0x000025dc       0x80 ./drivers/fsl_clock.o
                0x000025dc                CLOCK_EnablePll0
 .text.CLOCK_InitOsc0
                0x0000265c       0x94 ./drivers/fsl_clock.o
                0x0000265c                CLOCK_InitOsc0
 .text.CLOCK_SetPbeMode
                0x000026f0       0xa0 ./drivers/fsl_clock.o
                0x000026f0                CLOCK_SetPbeMode
 .text.CLOCK_BootToPeeMode
                0x00002790       0x5c ./drivers/fsl_clock.o
                0x00002790                CLOCK_BootToPeeMode
 .text.CLOCK_EnableClock
                0x000027ec       0x34 ./drivers/fsl_lpsci.o
 .text.LPSCI_GetInstance
                0x00002820       0x34 ./drivers/fsl_lpsci.o
                0x00002820                LPSCI_GetInstance
 .text.LPSCI_Init
                0x00002854      0x234 ./drivers/fsl_lpsci.o
                0x00002854                LPSCI_Init
 .text.LPSCI_ClearStatusFlags
                0x00002a88       0x94 ./drivers/fsl_lpsci.o
                0x00002a88                LPSCI_ClearStatusFlags
 .text.LPSCI_ReadBlocking
                0x00002b1c       0xb0 ./drivers/fsl_lpsci.o
                0x00002b1c                LPSCI_ReadBlocking
 .text.UART0_DriverIRQHandler
                0x00002bcc       0x24 ./drivers/fsl_lpsci.o
                0x00002bcc                UART0_DriverIRQHandler
 .text.CLOCK_EnableClock
                0x00002bf0       0x34 ./drivers/fsl_uart.o
 .text.UART_GetInstance
                0x00002c24       0x40 ./drivers/fsl_uart.o
                0x00002c24                UART_GetInstance
 .text.UART_Init
                0x00002c64      0x1b8 ./drivers/fsl_uart.o
                0x00002c64                UART_Init
 .text.UART_ReadBlocking
                0x00002e1c       0x88 ./drivers/fsl_uart.o
                0x00002e1c                UART_ReadBlocking
 .text.UART1_DriverIRQHandler
                0x00002ea4       0x24 ./drivers/fsl_uart.o
                0x00002ea4                UART1_DriverIRQHandler
 .text.UART2_DriverIRQHandler
                0x00002ec8       0x24 ./drivers/fsl_uart.o
                0x00002ec8                UART2_DriverIRQHandler
 .text.CLOCK_SetLpsci0Clock
                0x00002eec       0x38 ./board/board.o
 .text.BOARD_InitDebugConsole
                0x00002f24       0x30 ./board/board.o
                0x00002f24                BOARD_InitDebugConsole
 .text.CLOCK_SetSimSafeDivs
                0x00002f54       0x20 ./board/clock_config.o
 .text.CLOCK_SetXtal0Freq
                0x00002f74       0x1c ./board/clock_config.o
 .text.CLOCK_CONFIG_SetFllExtRefDiv
                0x00002f90       0x3c ./board/clock_config.o
 .text.BOARD_BootClockRUN
                0x00002fcc       0x64 ./board/clock_config.o
                0x00002fcc                BOARD_BootClockRUN
 .text.CLOCK_EnableClock
                0x00003030       0x34 ./board/pin_mux.o
 .text.PORT_SetPinMux
                0x00003064       0x40 ./board/pin_mux.o
 .text.BOARD_InitPins
                0x000030a4       0x4c ./board/pin_mux.o
                0x000030a4                BOARD_InitPins
 .text.SystemInit
                0x000030f0       0x18 ./CMSIS/system_MKL25Z4.o
                0x000030f0                SystemInit
 .text.__filbuf
                0x00003108      0x188 c:/nxp/mcuxpressoide_11.6.0_8187/ide/plugins/com.nxp.mcuxpresso.tools.win32_11.6.0.202112161359/tools/bin/../lib/gcc/arm-none-eabi/10.3.1/../../../../arm-none-eabi/lib/thumb/v6-m/nofp\libcr_c.a(__fillbuf.o)
                0x00003108                __filbuf
 .text._deferredlazyseek
                0x00003290       0x40 c:/nxp/mcuxpressoide_11.6.0_8187/ide/plugins/com.nxp.mcuxpresso.tools.win32_11.6.0.202112161359/tools/bin/../lib/gcc/arm-none-eabi/10.3.1/../../../../arm-none-eabi/lib/thumb/v6-m/nofp\libcr_c.a(_deferredlazyseek.o)
                0x00003290                _deferredlazyseek
 .text.__flsbuf
                0x000032d0      0x150 c:/nxp/mcuxpressoide_11.6.0_8187/ide/plugins/com.nxp.mcuxpresso.tools.win32_11.6.0.202112161359/tools/bin/../lib/gcc/arm-none-eabi/10.3.1/../../../../arm-none-eabi/lib/thumb/v6-m/nofp\libcr_c.a(_deferredlazyseek.o)
                0x000032d0                __flsbuf
 .text._fflush  0x00003420       0x60 c:/nxp/mcuxpressoide_11.6.0_8187/ide/plugins/com.nxp.mcuxpresso.tools.win32_11.6.0.202112161359/tools/bin/../lib/gcc/arm-none-eabi/10.3.1/../../../../arm-none-eabi/lib/thumb/v6-m/nofp\libcr_c.a(_fflush.o)
                0x00003420                _fflush
 .text._Cwritebuf
                0x00003480       0x68 c:/nxp/mcuxpressoide_11.6.0_8187/ide/plugins/com.nxp.mcuxpresso.tools.win32_11.6.0.202112161359/tools/bin/../lib/gcc/arm-none-eabi/10.3.1/../../../../arm-none-eabi/lib/thumb/v6-m/nofp\libcr_c.a(_writebuf.o)
                0x00003480                _Cwritebuf
 .text.malloc   0x000034e8       0xcc c:/nxp/mcuxpressoide_11.6.0_8187/ide/plugins/com.nxp.mcuxpresso.tools.win32_11.6.0.202112161359/tools/bin/../lib/gcc/arm-none-eabi/10.3.1/../../../../arm-none-eabi/lib/thumb/v6-m/nofp\libcr_c.a(alloc.o)
                0x000034e8                malloc
 .text._Csys_alloc
                0x000035b4       0x20 c:/nxp/mcuxpressoide_11.6.0_8187/ide/plugins/com.nxp.mcuxpresso.tools.win32_11.6.0.202112161359/tools/bin/../lib/gcc/arm-none-eabi/10.3.1/../../../../arm-none-eabi/lib/thumb/v6-m/nofp\libcr_c.a(alloc.o)
                0x000035b4                _Csys_alloc
 .text.atan2    0x000035d4      0x108 c:/nxp/mcuxpressoide_11.6.0_8187/ide/plugins/com.nxp.mcuxpresso.tools.win32_11.6.0.202112161359/tools/bin/../lib/gcc/arm-none-eabi/10.3.1/../../../../arm-none-eabi/lib/thumb/v6-m/nofp\libcr_c.a(atan2.o)
                0x000035d4                atan2
 .text.sprintf  0x000036dc       0x6c c:/nxp/mcuxpressoide_11.6.0_8187/ide/plugins/com.nxp.mcuxpresso.tools.win32_11.6.0.202112161359/tools/bin/../lib/gcc/arm-none-eabi/10.3.1/../../../../arm-none-eabi/lib/thumb/v6-m/nofp\libcr_c.a(fpprintf.o)
                0x000036dc                sprintf
 .text.fp_display
                0x00003748      0x97c c:/nxp/mcuxpressoide_11.6.0_8187/ide/plugins/com.nxp.mcuxpresso.tools.win32_11.6.0.202112161359/tools/bin/../lib/gcc/arm-none-eabi/10.3.1/../../../../arm-none-eabi/lib/thumb/v6-m/nofp\libcr_c.a(fpprintf.o)
 .text.vsnprintf
                0x000040c4       0x70 c:/nxp/mcuxpressoide_11.6.0_8187/ide/plugins/com.nxp.mcuxpresso.tools.win32_11.6.0.202112161359/tools/bin/../lib/gcc/arm-none-eabi/10.3.1/../../../../arm-none-eabi/lib/thumb/v6-m/nofp\libcr_c.a(fpprintf.o)
                0x000040c4                vsnprintf
 .text.printf   0x00004134       0x50 c:/nxp/mcuxpressoide_11.6.0_8187/ide/plugins/com.nxp.mcuxpresso.tools.win32_11.6.0.202112161359/tools/bin/../lib/gcc/arm-none-eabi/10.3.1/../../../../arm-none-eabi/lib/thumb/v6-m/nofp\libcr_c.a(fpprintf.o)
                0x00004134                printf
 .text.fseek    0x00004184       0xf0 c:/nxp/mcuxpressoide_11.6.0_8187/ide/plugins/com.nxp.mcuxpresso.tools.win32_11.6.0.202112161359/tools/bin/../lib/gcc/arm-none-eabi/10.3.1/../../../../arm-none-eabi/lib/thumb/v6-m/nofp\libcr_c.a(fseek.o)
                0x00004184                fseek
 .text.ftell    0x00004274       0x48 c:/nxp/mcuxpressoide_11.6.0_8187/ide/plugins/com.nxp.mcuxpresso.tools.win32_11.6.0.202112161359/tools/bin/../lib/gcc/arm-none-eabi/10.3.1/../../../../arm-none-eabi/lib/thumb/v6-m/nofp\libcr_c.a(ftell.o)
                0x00004274                ftell
 .text._initio  0x000042bc       0x7c c:/nxp/mcuxpressoide_11.6.0_8187/ide/plugins/com.nxp.mcuxpresso.tools.win32_11.6.0.202112161359/tools/bin/../lib/gcc/arm-none-eabi/10.3.1/../../../../arm-none-eabi/lib/thumb/v6-m/nofp\libcr_c.a(initio.o)
                0x000042bc                _initio
 .text.__vfprintf
                0x00004338      0xd40 c:/nxp/mcuxpressoide_11.6.0_8187/ide/plugins/com.nxp.mcuxpresso.tools.win32_11.6.0.202112161359/tools/bin/../lib/gcc/arm-none-eabi/10.3.1/../../../../arm-none-eabi/lib/thumb/v6-m/nofp\libcr_c.a(printf.o)
                0x00004338                __vfprintf
 .text.ch_val   0x00005078       0x30 c:/nxp/mcuxpressoide_11.6.0_8187/ide/plugins/com.nxp.mcuxpresso.tools.win32_11.6.0.202112161359/tools/bin/../lib/gcc/arm-none-eabi/10.3.1/../../../../arm-none-eabi/lib/thumb/v6-m/nofp\libcr_c.a(scanf.o)
 .text._strtoul
                0x000050a8       0xcc c:/nxp/mcuxpressoide_11.6.0_8187/ide/plugins/com.nxp.mcuxpresso.tools.win32_11.6.0.202112161359/tools/bin/../lib/gcc/arm-none-eabi/10.3.1/../../../../arm-none-eabi/lib/thumb/v6-m/nofp\libcr_c.a(scanf.o)
 .text.strtol   0x00005174       0x8c c:/nxp/mcuxpressoide_11.6.0_8187/ide/plugins/com.nxp.mcuxpresso.tools.win32_11.6.0.202112161359/tools/bin/../lib/gcc/arm-none-eabi/10.3.1/../../../../arm-none-eabi/lib/thumb/v6-m/nofp\libcr_c.a(scanf.o)
                0x00005174                strtol
 .text.atoi     0x00005200       0x18 c:/nxp/mcuxpressoide_11.6.0_8187/ide/plugins/com.nxp.mcuxpresso.tools.win32_11.6.0.202112161359/tools/bin/../lib/gcc/arm-none-eabi/10.3.1/../../../../arm-none-eabi/lib/thumb/v6-m/nofp\libcr_c.a(scanf.o)
                0x00005200                atoi
 .text.setvbuf  0x00005218       0x4c c:/nxp/mcuxpressoide_11.6.0_8187/ide/plugins/com.nxp.mcuxpresso.tools.win32_11.6.0.202112161359/tools/bin/../lib/gcc/arm-none-eabi/10.3.1/../../../../arm-none-eabi/lib/thumb/v6-m/nofp\libcr_c.a(setvbuf.o)
                0x00005218                setvbuf
 .text.sqrt     0x00005264      0x134 c:/nxp/mcuxpressoide_11.6.0_8187/ide/plugins/com.nxp.mcuxpresso.tools.win32_11.6.0.202112161359/tools/bin/../lib/gcc/arm-none-eabi/10.3.1/../../../../arm-none-eabi/lib/thumb/v6-m/nofp\libcr_c.a(sqrt.o)
                0x00005264                sqrt
 .text.strlen   0x00005398       0x58 c:/nxp/mcuxpressoide_11.6.0_8187/ide/plugins/com.nxp.mcuxpresso.tools.win32_11.6.0.202112161359/tools/bin/../lib/gcc/arm-none-eabi/10.3.1/../../../../arm-none-eabi/lib/thumb/v6-m/nofp\libcr_c.a(strlen.o)
                0x00005398                strlen
 .text._sbrk    0x000053f0       0x44 c:/nxp/mcuxpressoide_11.6.0_8187/ide/plugins/com.nxp.mcuxpresso.tools.win32_11.6.0.202112161359/tools/bin/../lib/gcc/arm-none-eabi/10.3.1/../../../../arm-none-eabi/lib/thumb/v6-m/nofp\libcr_c.a(_cr_sbrk.o)
                0x000053f0                _sbrk
 .text._fdopen  0x00005434       0x74 c:/nxp/mcuxpressoide_11.6.0_8187/ide/plugins/com.nxp.mcuxpresso.tools.win32_11.6.0.202112161359/tools/bin/../lib/gcc/arm-none-eabi/10.3.1/../../../../arm-none-eabi/lib/thumb/v6-m/nofp\libcr_c.a(_fdopen.o)
                0x00005434                _fdopen
 .text._frexpl  0x000054a8       0x80 c:/nxp/mcuxpressoide_11.6.0_8187/ide/plugins/com.nxp.mcuxpresso.tools.win32_11.6.0.202112161359/tools/bin/../lib/gcc/arm-none-eabi/10.3.1/../../../../arm-none-eabi/lib/thumb/v6-m/nofp\libcr_c.a(_frexpl.o)
                0x000054a8                _frexpl
 .text._ldexpl  0x00005528       0x58 c:/nxp/mcuxpressoide_11.6.0_8187/ide/plugins/com.nxp.mcuxpresso.tools.win32_11.6.0.202112161359/tools/bin/../lib/gcc/arm-none-eabi/10.3.1/../../../../arm-none-eabi/lib/thumb/v6-m/nofp\libcr_c.a(_ldexpl.o)
                0x00005528                _ldexpl
 .text.atan     0x00005580      0x204 c:/nxp/mcuxpressoide_11.6.0_8187/ide/plugins/com.nxp.mcuxpresso.tools.win32_11.6.0.202112161359/tools/bin/../lib/gcc/arm-none-eabi/10.3.1/../../../../arm-none-eabi/lib/thumb/v6-m/nofp\libcr_c.a(atan.o)
                0x00005580                atan
 .text.tolower  0x00005784       0x14 c:/nxp/mcuxpressoide_11.6.0_8187/ide/plugins/com.nxp.mcuxpresso.tools.win32_11.6.0.202112161359/tools/bin/../lib/gcc/arm-none-eabi/10.3.1/../../../../arm-none-eabi/lib/thumb/v6-m/nofp\libcr_c.a(ctype.o)
                0x00005784                tolower
 .text.fclose   0x00005798       0x5c c:/nxp/mcuxpressoide_11.6.0_8187/ide/plugins/com.nxp.mcuxpresso.tools.win32_11.6.0.202112161359/tools/bin/../lib/gcc/arm-none-eabi/10.3.1/../../../../arm-none-eabi/lib/thumb/v6-m/nofp\libcr_c.a(fclose.o)
                0x00005798                fclose
 .text.fflush   0x000057f4       0x44 c:/nxp/mcuxpressoide_11.6.0_8187/ide/plugins/com.nxp.mcuxpresso.tools.win32_11.6.0.202112161359/tools/bin/../lib/gcc/arm-none-eabi/10.3.1/../../../../arm-none-eabi/lib/thumb/v6-m/nofp\libcr_c.a(fflush.o)
                0x000057f4                fflush
 .text.__check_heap_overflow
                0x00005838       0x18 c:/nxp/mcuxpressoide_11.6.0_8187/ide/plugins/com.nxp.mcuxpresso.tools.win32_11.6.0.202112161359/tools/bin/../lib/gcc/arm-none-eabi/10.3.1/../../../../arm-none-eabi/lib/thumb/v6-m/nofp\libcr_c.a(_cr_check_heap.o)
                0x00005838                __check_heap_overflow
 .text._do_fflush
                0x00005850       0x48 c:/nxp/mcuxpressoide_11.6.0_8187/ide/plugins/com.nxp.mcuxpresso.tools.win32_11.6.0.202112161359/tools/bin/../lib/gcc/arm-none-eabi/10.3.1/../../../../arm-none-eabi/lib/thumb/v6-m/nofp\libcr_c.a(_do_fflush.o)
                0x00005850                _do_fflush
 .text.__aeabi_dmul
                0x00005898      0x184 c:/nxp/mcuxpressoide_11.6.0_8187/ide/plugins/com.nxp.mcuxpresso.tools.win32_11.6.0.202112161359/tools/bin/../lib/gcc/arm-none-eabi/10.3.1/thumb/v6-m/nofp\libcr_eabihelpers.a(double.o)
                0x00005898                __aeabi_dmul
 .text.__aeabi_ddiv
                0x00005a1c      0x14c c:/nxp/mcuxpressoide_11.6.0_8187/ide/plugins/com.nxp.mcuxpresso.tools.win32_11.6.0.202112161359/tools/bin/../lib/gcc/arm-none-eabi/10.3.1/thumb/v6-m/nofp\libcr_eabihelpers.a(double.o)
                0x00005a1c                __aeabi_ddiv
 .text.__aeabi_dsub
                0x00005b68      0x1c0 c:/nxp/mcuxpressoide_11.6.0_8187/ide/plugins/com.nxp.mcuxpresso.tools.win32_11.6.0.202112161359/tools/bin/../lib/gcc/arm-none-eabi/10.3.1/thumb/v6-m/nofp\libcr_eabihelpers.a(double.o)
                0x00005b68                __aeabi_dsub
 .text.__aeabi_dadd
                0x00005d28      0x134 c:/nxp/mcuxpressoide_11.6.0_8187/ide/plugins/com.nxp.mcuxpresso.tools.win32_11.6.0.202112161359/tools/bin/../lib/gcc/arm-none-eabi/10.3.1/thumb/v6-m/nofp\libcr_eabihelpers.a(double.o)
                0x00005d28                __aeabi_dadd
 .text.__aeabi_d2f
                0x00005e5c       0x60 c:/nxp/mcuxpressoide_11.6.0_8187/ide/plugins/com.nxp.mcuxpresso.tools.win32_11.6.0.202112161359/tools/bin/../lib/gcc/arm-none-eabi/10.3.1/thumb/v6-m/nofp\libcr_eabihelpers.a(double.o)
                0x00005e5c                __aeabi_d2f
 .text.__aeabi_d2iz
                0x00005ebc       0x50 c:/nxp/mcuxpressoide_11.6.0_8187/ide/plugins/com.nxp.mcuxpresso.tools.win32_11.6.0.202112161359/tools/bin/../lib/gcc/arm-none-eabi/10.3.1/thumb/v6-m/nofp\libcr_eabihelpers.a(double.o)
                0x00005ebc                __aeabi_d2iz
 .text.__aeabi_d2uiz
                0x00005f0c       0x38 c:/nxp/mcuxpressoide_11.6.0_8187/ide/plugins/com.nxp.mcuxpresso.tools.win32_11.6.0.202112161359/tools/bin/../lib/gcc/arm-none-eabi/10.3.1/thumb/v6-m/nofp\libcr_eabihelpers.a(double.o)
                0x00005f0c                __aeabi_d2uiz
 .text.__aeabi_dcmpeq
                0x00005f44       0x30 c:/nxp/mcuxpressoide_11.6.0_8187/ide/plugins/com.nxp.mcuxpresso.tools.win32_11.6.0.202112161359/tools/bin/../lib/gcc/arm-none-eabi/10.3.1/thumb/v6-m/nofp\libcr_eabihelpers.a(double.o)
                0x00005f44                __aeabi_dcmpeq
 .text.__aeabi_dcmplt
                0x00005f74       0x60 c:/nxp/mcuxpressoide_11.6.0_8187/ide/plugins/com.nxp.mcuxpresso.tools.win32_11.6.0.202112161359/tools/bin/../lib/gcc/arm-none-eabi/10.3.1/thumb/v6-m/nofp\libcr_eabihelpers.a(double.o)
                0x00005f74                __aeabi_dcmplt
 .text.__aeabi_dcmpgt
                0x00005fd4       0x5c c:/nxp/mcuxpressoide_11.6.0_8187/ide/plugins/com.nxp.mcuxpresso.tools.win32_11.6.0.202112161359/tools/bin/../lib/gcc/arm-none-eabi/10.3.1/thumb/v6-m/nofp\libcr_eabihelpers.a(double.o)
                0x00005fd4                __aeabi_dcmpgt
 .text.__aeabi_dcmple
                0x00006030       0x5c c:/nxp/mcuxpressoide_11.6.0_8187/ide/plugins/com.nxp.mcuxpresso.tools.win32_11.6.0.202112161359/tools/bin/../lib/gcc/arm-none-eabi/10.3.1/thumb/v6-m/nofp\libcr_eabihelpers.a(double.o)
                0x00006030                __aeabi_dcmple
 .text.__aeabi_dcmpge
                0x0000608c       0x5c c:/nxp/mcuxpressoide_11.6.0_8187/ide/plugins/com.nxp.mcuxpresso.tools.win32_11.6.0.202112161359/tools/bin/../lib/gcc/arm-none-eabi/10.3.1/thumb/v6-m/nofp\libcr_eabihelpers.a(double.o)
                0x0000608c                __aeabi_dcmpge
 .text.__aeabi_fmul
                0x000060e8       0xc0 c:/nxp/mcuxpressoide_11.6.0_8187/ide/plugins/com.nxp.mcuxpresso.tools.win32_11.6.0.202112161359/tools/bin/../lib/gcc/arm-none-eabi/10.3.1/thumb/v6-m/nofp\libcr_eabihelpers.a(float.o)
                0x000060e8                __aeabi_fmul
 .text.__aeabi_fsub
                0x000061a8      0x128 c:/nxp/mcuxpressoide_11.6.0_8187/ide/plugins/com.nxp.mcuxpresso.tools.win32_11.6.0.202112161359/tools/bin/../lib/gcc/arm-none-eabi/10.3.1/thumb/v6-m/nofp\libcr_eabihelpers.a(float.o)
                0x000061a8                __aeabi_fsub
 .text.__aeabi_fadd
                0x000062d0       0xac c:/nxp/mcuxpressoide_11.6.0_8187/ide/plugins/com.nxp.mcuxpresso.tools.win32_11.6.0.202112161359/tools/bin/../lib/gcc/arm-none-eabi/10.3.1/thumb/v6-m/nofp\libcr_eabihelpers.a(float.o)
                0x000062d0                __aeabi_fadd
 .text.__aeabi_f2d
                0x0000637c       0x40 c:/nxp/mcuxpressoide_11.6.0_8187/ide/plugins/com.nxp.mcuxpresso.tools.win32_11.6.0.202112161359/tools/bin/../lib/gcc/arm-none-eabi/10.3.1/thumb/v6-m/nofp\libcr_eabihelpers.a(float.o)
                0x0000637c                __aeabi_f2d
 .text.__sys_appexit
                0x000063bc        0xc c:/nxp/mcuxpressoide_11.6.0_8187/ide/plugins/com.nxp.mcuxpresso.tools.win32_11.6.0.202112161359/tools/bin/../lib/gcc/arm-none-eabi/10.3.1/../../../../arm-none-eabi/lib/thumb/v6-m/nofp\libcr_semihost_nf.a(__sys_appexit.o)
                0x000063bc                __sys_appexit
                0x000063bc                __exit
 .text.UART_EnableTx
                0x000063c8       0x40 ./utilities/fsl_debug_console.o
 .text.UART_EnableRx
                0x00006408       0x40 ./utilities/fsl_debug_console.o
 .text.LPSCI_EnableTx
                0x00006448       0x40 ./utilities/fsl_debug_console.o
 .text.LPSCI_EnableRx
                0x00006488       0x40 ./utilities/fsl_debug_console.o
 .text.Delay    0x000064c8       0x30 ./source/accelerometer.o
                0x000064c8                Delay
 .text.init_mma
                0x000064f8       0x16 ./source/accelerometer.o
                0x000064f8                init_mma
 .text.cbfifo_init
                0x0000650e       0x36 ./source/cbfifo.o
                0x0000650e                cbfifo_init
 .text.cbfifo_empty
                0x00006544       0x1a ./source/cbfifo.o
                0x00006544                cbfifo_empty
 .text.cbfifo_enqueue
                0x0000655e      0x25a ./source/cbfifo.o
                0x0000655e                cbfifo_enqueue
 .text.cbfifo_dequeue
                0x000067b8      0x122 ./source/cbfifo.o
                0x000067b8                cbfifo_dequeue
 .text.cbfifo_length
                0x000068da       0x14 ./source/cbfifo.o
                0x000068da                cbfifo_length
 .text.OSC_SetExtRefClkConfig
                0x000068ee       0x3e ./drivers/fsl_clock.o
 .text.OSC_SetCapLoad
                0x0000692c       0x42 ./drivers/fsl_clock.o
 .text.CLOCK_GetPll0RefFreq
                0x0000696e       0x10 ./drivers/fsl_clock.o
 .text.CLOCK_SetExternalRefClkConfig
                0x0000697e       0x16 ./drivers/fsl_clock.o
                0x0000697e                CLOCK_SetExternalRefClkConfig
 .text.LPSCI_GetDefaultConfig
                0x00006994       0x30 ./drivers/fsl_lpsci.o
                0x00006994                LPSCI_GetDefaultConfig
 .text.LPSCI_GetStatusFlags
                0x000069c4       0x26 ./drivers/fsl_lpsci.o
                0x000069c4                LPSCI_GetStatusFlags
 .text.LPSCI_WriteBlocking
                0x000069ea       0x3c ./drivers/fsl_lpsci.o
                0x000069ea                LPSCI_WriteBlocking
 .text.UART_GetDefaultConfig
                0x00006a26       0x30 ./drivers/fsl_uart.o
                0x00006a26                UART_GetDefaultConfig
 .text.UART_GetStatusFlags
                0x00006a56       0x26 ./drivers/fsl_uart.o
                0x00006a56                UART_GetStatusFlags
 .text.UART_WriteBlocking
                0x00006a7c       0x3c ./drivers/fsl_uart.o
                0x00006a7c                UART_WriteBlocking
 .text.BOARD_InitBootClocks
                0x00006ab8        0xe ./board/clock_config.o
                0x00006ab8                BOARD_InitBootClocks
 .text.BOARD_InitBootPeripherals
                0x00006ac6        0xa ./board/peripherals.o
                0x00006ac6                BOARD_InitBootPeripherals
 .text.BOARD_InitBootPins
                0x00006ad0        0xe ./board/pin_mux.o
                0x00006ad0                BOARD_InitBootPins
 .text.__main   0x00006ade        0xc c:/nxp/mcuxpressoide_11.6.0_8187/ide/plugins/com.nxp.mcuxpresso.tools.win32_11.6.0.202112161359/tools/bin/../lib/gcc/arm-none-eabi/10.3.1/../../../../arm-none-eabi/lib/thumb/v6-m/nofp\libcr_semihost_nf.a(_cr__main.o)
                0x00006ade                __CR_SEMIHOST
                0x00006ade                __main
 .text.memcpy   0x00006aea        0x8 c:/nxp/mcuxpressoide_11.6.0_8187/ide/plugins/com.nxp.mcuxpresso.tools.win32_11.6.0.202112161359/tools/bin/../lib/gcc/arm-none-eabi/10.3.1/../../../../arm-none-eabi/lib/thumb/v6-m/nofp\libcr_c.a(memcpy.o)
                0x00006aea                memcpy
 .text.memset   0x00006af2        0x8 c:/nxp/mcuxpressoide_11.6.0_8187/ide/plugins/com.nxp.mcuxpresso.tools.win32_11.6.0.202112161359/tools/bin/../lib/gcc/arm-none-eabi/10.3.1/../../../../arm-none-eabi/lib/thumb/v6-m/nofp\libcr_c.a(memset.o)
                0x00006af2                memset
 .text._Csys_read_
                0x00006afa       0x24 c:/nxp/mcuxpressoide_11.6.0_8187/ide/plugins/com.nxp.mcuxpresso.tools.win32_11.6.0.202112161359/tools/bin/../lib/gcc/arm-none-eabi/10.3.1/../../../../arm-none-eabi/lib/thumb/v6-m/nofp\libcr_c.a(__fillbuf.o)
                0x00006afa                _Csys_read_
 .text.free     0x00006b1e       0x2c c:/nxp/mcuxpressoide_11.6.0_8187/ide/plugins/com.nxp.mcuxpresso.tools.win32_11.6.0.202112161359/tools/bin/../lib/gcc/arm-none-eabi/10.3.1/../../../../arm-none-eabi/lib/thumb/v6-m/nofp\libcr_c.a(alloc.o)
                0x00006b1e                free
 .text.fabs     0x00006b4a       0x22 c:/nxp/mcuxpressoide_11.6.0_8187/ide/plugins/com.nxp.mcuxpresso.tools.win32_11.6.0.202112161359/tools/bin/../lib/gcc/arm-none-eabi/10.3.1/../../../../arm-none-eabi/lib/thumb/v6-m/nofp\libcr_c.a(fabs.o)
                0x00006b4a                fabs
 .text.fp_round
                0x00006b6c       0x4a c:/nxp/mcuxpressoide_11.6.0_8187/ide/plugins/com.nxp.mcuxpresso.tools.win32_11.6.0.202112161359/tools/bin/../lib/gcc/arm-none-eabi/10.3.1/../../../../arm-none-eabi/lib/thumb/v6-m/nofp\libcr_c.a(fpprintf.o)
 .text.pr_dec.constprop.0
                0x00006bb6       0x30 c:/nxp/mcuxpressoide_11.6.0_8187/ide/plugins/com.nxp.mcuxpresso.tools.win32_11.6.0.202112161359/tools/bin/../lib/gcc/arm-none-eabi/10.3.1/../../../../arm-none-eabi/lib/thumb/v6-m/nofp\libcr_c.a(fpprintf.o)
 .text.strcasecmp
                0x00006be6       0x32 c:/nxp/mcuxpressoide_11.6.0_8187/ide/plugins/com.nxp.mcuxpresso.tools.win32_11.6.0.202112161359/tools/bin/../lib/gcc/arm-none-eabi/10.3.1/../../../../arm-none-eabi/lib/thumb/v6-m/nofp\libcr_c.a(strcasecmp.o)
                0x00006be6                strcasecmp
 .text.remove   0x00006c18       0x12 c:/nxp/mcuxpressoide_11.6.0_8187/ide/plugins/com.nxp.mcuxpresso.tools.win32_11.6.0.202112161359/tools/bin/../lib/gcc/arm-none-eabi/10.3.1/../../../../arm-none-eabi/lib/thumb/v6-m/nofp\libcr_c.a(remove.o)
                0x00006c18                remove
 .text.__aeabi_division_idivmod
                0x00006c2a       0x78 c:/nxp/mcuxpressoide_11.6.0_8187/ide/plugins/com.nxp.mcuxpresso.tools.win32_11.6.0.202112161359/tools/bin/../lib/gcc/arm-none-eabi/10.3.1/thumb/v6-m/nofp\libcr_eabihelpers.a(division_32.o)
                0x00006c2a                __aeabi_idivmod
                0x00006c2a                __aeabi_idiv
                0x00006c30                __aeabi_uidivmod
                0x00006c30                __aeabi_uidiv
 .text.__aeabi_division_idiv0
                0x00006ca2        0x2 c:/nxp/mcuxpressoide_11.6.0_8187/ide/plugins/com.nxp.mcuxpresso.tools.win32_11.6.0.202112161359/tools/bin/../lib/gcc/arm-none-eabi/10.3.1/thumb/v6-m/nofp\libcr_eabihelpers.a(division_idiv0.o)
                0x00006ca2                __aeabi_idiv0
 .text.__bhs_ui2d
                0x00006ca4       0x5e c:/nxp/mcuxpressoide_11.6.0_8187/ide/plugins/com.nxp.mcuxpresso.tools.win32_11.6.0.202112161359/tools/bin/../lib/gcc/arm-none-eabi/10.3.1/thumb/v6-m/nofp\libcr_eabihelpers.a(double.o)
                0x00006ca4                __bhs_ui2d
 .text.__aeabi_i2d
                0x00006d02       0x18 c:/nxp/mcuxpressoide_11.6.0_8187/ide/plugins/com.nxp.mcuxpresso.tools.win32_11.6.0.202112161359/tools/bin/../lib/gcc/arm-none-eabi/10.3.1/thumb/v6-m/nofp\libcr_eabihelpers.a(double.o)
                0x00006d02                __aeabi_i2d
 .text.__aeabi_ui2d
                0x00006d1a        0xc c:/nxp/mcuxpressoide_11.6.0_8187/ide/plugins/com.nxp.mcuxpresso.tools.win32_11.6.0.202112161359/tools/bin/../lib/gcc/arm-none-eabi/10.3.1/thumb/v6-m/nofp\libcr_eabihelpers.a(double.o)
                0x00006d1a                __aeabi_ui2d
 .text.__bhs_ui2f
                0x00006d26       0x60 c:/nxp/mcuxpressoide_11.6.0_8187/ide/plugins/com.nxp.mcuxpresso.tools.win32_11.6.0.202112161359/tools/bin/../lib/gcc/arm-none-eabi/10.3.1/thumb/v6-m/nofp\libcr_eabihelpers.a(float.o)
                0x00006d26                __bhs_ui2f
 .text.__aeabi_i2f
                0x00006d86       0x18 c:/nxp/mcuxpressoide_11.6.0_8187/ide/plugins/com.nxp.mcuxpresso.tools.win32_11.6.0.202112161359/tools/bin/../lib/gcc/arm-none-eabi/10.3.1/thumb/v6-m/nofp\libcr_eabihelpers.a(float.o)
                0x00006d86                __aeabi_i2f
 .text.__aeabi_fcmpeq
                0x00006d9e       0x20 c:/nxp/mcuxpressoide_11.6.0_8187/ide/plugins/com.nxp.mcuxpresso.tools.win32_11.6.0.202112161359/tools/bin/../lib/gcc/arm-none-eabi/10.3.1/thumb/v6-m/nofp\libcr_eabihelpers.a(float.o)
                0x00006d9e                __aeabi_fcmpeq
 .text.__aeabi_fcmple
                0x00006dbe       0x44 c:/nxp/mcuxpressoide_11.6.0_8187/ide/plugins/com.nxp.mcuxpresso.tools.win32_11.6.0.202112161359/tools/bin/../lib/gcc/arm-none-eabi/10.3.1/thumb/v6-m/nofp\libcr_eabihelpers.a(float.o)
                0x00006dbe                __aeabi_fcmple
 .text.__aeabi_llong_lmul
                0x00006e02       0x2e c:/nxp/mcuxpressoide_11.6.0_8187/ide/plugins/com.nxp.mcuxpresso.tools.win32_11.6.0.202112161359/tools/bin/../lib/gcc/arm-none-eabi/10.3.1/thumb/v6-m/nofp\libcr_eabihelpers.a(llong.o)
                0x00006e02                __aeabi_lmul
 .text.__aeabi_memcpy
                0x00006e30       0x2c c:/nxp/mcuxpressoide_11.6.0_8187/ide/plugins/com.nxp.mcuxpresso.tools.win32_11.6.0.202112161359/tools/bin/../lib/gcc/arm-none-eabi/10.3.1/thumb/v6-m/nofp\libcr_eabihelpers.a(memcpy.o)
                0x00006e30                __aeabi_memcpy4
                0x00006e30                __aeabi_memcpy8
                0x00006e30                __aeabi_memcpy
 .text.__aeabi_memset_lowlevel
                0x00006e5c       0x2a c:/nxp/mcuxpressoide_11.6.0_8187/ide/plugins/com.nxp.mcuxpresso.tools.win32_11.6.0.202112161359/tools/bin/../lib/gcc/arm-none-eabi/10.3.1/thumb/v6-m/nofp\libcr_eabihelpers.a(memcpy.o)
                0x00006e5c                __aeabi_lowlevel_memset
 .text.__gnu_thumb1_case_shi
                0x00006e86       0x10 c:/nxp/mcuxpressoide_11.6.0_8187/ide/plugins/com.nxp.mcuxpresso.tools.win32_11.6.0.202112161359/tools/bin/../lib/gcc/arm-none-eabi/10.3.1/thumb/v6-m/nofp\libcr_eabihelpers.a(thumb1_switch_helpers.o)
                0x00006e86                __gnu_thumb1_case_shi
 .text.__sys_close
                0x00006e96        0xc c:/nxp/mcuxpressoide_11.6.0_8187/ide/plugins/com.nxp.mcuxpresso.tools.win32_11.6.0.202112161359/tools/bin/../lib/gcc/arm-none-eabi/10.3.1/../../../../arm-none-eabi/lib/thumb/v6-m/nofp\libcr_semihost_nf.a(__sys_close.o)
                0x00006e96                __sys_close
 .text.__sys_flen
                0x00006ea2        0xc c:/nxp/mcuxpressoide_11.6.0_8187/ide/plugins/com.nxp.mcuxpresso.tools.win32_11.6.0.202112161359/tools/bin/../lib/gcc/arm-none-eabi/10.3.1/../../../../arm-none-eabi/lib/thumb/v6-m/nofp\libcr_semihost_nf.a(__sys_flen.o)
                0x00006ea2                __sys_flen
 .text.__sys_istty
                0x00006eae        0xc c:/nxp/mcuxpressoide_11.6.0_8187/ide/plugins/com.nxp.mcuxpresso.tools.win32_11.6.0.202112161359/tools/bin/../lib/gcc/arm-none-eabi/10.3.1/../../../../arm-none-eabi/lib/thumb/v6-m/nofp\libcr_semihost_nf.a(__sys_istty.o)
                0x00006eae                __sys_istty
 .text.__sys_read
                0x00006eba        0xc c:/nxp/mcuxpressoide_11.6.0_8187/ide/plugins/com.nxp.mcuxpresso.tools.win32_11.6.0.202112161359/tools/bin/../lib/gcc/arm-none-eabi/10.3.1/../../../../arm-none-eabi/lib/thumb/v6-m/nofp\libcr_semihost_nf.a(__sys_read.o)
                0x00006eba                __sys_read
 .text.__sys_remove
                0x00006ec6        0xc c:/nxp/mcuxpressoide_11.6.0_8187/ide/plugins/com.nxp.mcuxpresso.tools.win32_11.6.0.202112161359/tools/bin/../lib/gcc/arm-none-eabi/10.3.1/../../../../arm-none-eabi/lib/thumb/v6-m/nofp\libcr_semihost_nf.a(__sys_remove.o)
                0x00006ec6                __sys_remove
 .text.__sys_seek
                0x00006ed2        0xc c:/nxp/mcuxpressoide_11.6.0_8187/ide/plugins/com.nxp.mcuxpresso.tools.win32_11.6.0.202112161359/tools/bin/../lib/gcc/arm-none-eabi/10.3.1/../../../../arm-none-eabi/lib/thumb/v6-m/nofp\libcr_semihost_nf.a(__sys_seek.o)
                0x00006ed2                __sys_seek
 .text.__sys_tmpnam
                0x00006ede        0xc c:/nxp/mcuxpressoide_11.6.0_8187/ide/plugins/com.nxp.mcuxpresso.tools.win32_11.6.0.202112161359/tools/bin/../lib/gcc/arm-none-eabi/10.3.1/../../../../arm-none-eabi/lib/thumb/v6-m/nofp\libcr_semihost_nf.a(__sys_tmpnam.o)
                0x00006ede                __sys_tmpnam
 *(SORT_BY_ALIGNMENT(.rodata) SORT_BY_ALIGNMENT(.rodata.*) SORT_BY_ALIGNMENT(.constdata) SORT_BY_ALIGNMENT(.constdata.*))
 *fill*         0x00006eea        0x6 ff
 .rodata.a.0    0x00006ef0       0x20 c:/nxp/mcuxpressoide_11.6.0_8187/ide/plugins/com.nxp.mcuxpresso.tools.win32_11.6.0.202112161359/tools/bin/../lib/gcc/arm-none-eabi/10.3.1/../../../../arm-none-eabi/lib/thumb/v6-m/nofp\libcr_c.a(atan.o)
 .rodata.roll_sp.str1.4
                0x00006f10       0x20 ./source/Command_Processor.o
 .rodata.pitch_sp.str1.4
                0x00006f30       0x21 ./source/Command_Processor.o
 *fill*         0x00006f51        0x3 ff
 .rodata.calibrate_reset.str1.4
                0x00006f54       0x36 ./source/Command_Processor.o
 *fill*         0x00006f8a        0x2 ff
 .rodata.display_angles.str1.4
                0x00006f8c       0x81 ./source/Command_Processor.o
 *fill*         0x0000700d        0x3 ff
 .rodata.str1.4
                0x00007010      0x2b9 ./source/Command_Processor.o
 *fill*         0x000072c9        0x3 ff
 .rodata.commands
                0x000072cc       0x48 ./source/Command_Processor.o
 .rodata.help.str1.4
                0x00007314        0x3 ./source/Command_Processor.o
 *fill*         0x00007317        0x1 ff
 .rodata.position_tracking.str1.4
                0x00007318      0x191 ./source/Command_Processor.o
 *fill*         0x000074a9        0x3 ff
 .rodata.process_command.str1.4
                0x000074ac       0x17 ./source/Command_Processor.o
                                 0x1b (size before relaxing)
 *fill*         0x000074c3        0x1 ff
 .rodata.command_processor.str1.4
                0x000074c4       0x37 ./source/Command_Processor.o
 *fill*         0x000074fb        0x1 ff
 .rodata.main.str1.4
                0x000074fc       0x2b ./source/PES_Final_Project.o
 *fill*         0x00007527        0x1 ff
 .rodata.cbfifo_test1.str1.4
                0x00007528       0x1d ./source/test_cases.o
 .rodata.cbfifo_test4.str1.4
                0x00007545       0x1d ./source/test_cases.o
 *fill*         0x00007545        0x3 ff
 .rodata.cbfifo_test5.str1.4
                0x00007548      0x101 ./source/test_cases.o
 *fill*         0x00007649        0x3 ff
 .rodata.cbfifo_test6.str1.4
                0x0000764c       0x38 ./source/test_cases.o
 .rodata.test_cbfifo.str1.4
                0x00007684       0x6e ./source/test_cases.o
 *fill*         0x000076f2        0x2 ff
 .rodata.test_accelerometer.str1.4
                0x000076f4       0x86 ./source/test_cases.o
 *fill*         0x0000777a        0x2 ff
 .rodata.test_systick.str1.4
                0x0000777c       0x85 ./source/test_cases.o
 *fill*         0x00007801        0x3 ff
 .rodata.test_TSI.str1.4
                0x00007804      0x10c ./source/test_cases.o
 .rodata.fllFactorTable.1
                0x00007910       0x10 ./drivers/fsl_clock.o
 .rodata.s_uartBases
                0x00007920        0xc ./drivers/fsl_uart.o
 .rodata.s_uartClock
                0x0000792c        0xc ./drivers/fsl_uart.o
 .rodata.mcgConfig_BOARD_BootClockRUN
                0x00007938        0xa ./board/clock_config.o
                0x00007938                mcgConfig_BOARD_BootClockRUN
 *fill*         0x00007942        0x2 ff
 .rodata.simConfig_BOARD_BootClockRUN
                0x00007944        0x8 ./board/clock_config.o
                0x00007944                simConfig_BOARD_BootClockRUN
 .rodata.oscConfig_BOARD_BootClockRUN
                0x0000794c        0x8 ./board/clock_config.o
                0x0000794c                oscConfig_BOARD_BootClockRUN
 .rodata.__num_Ciob_streams
                0x00007954        0x4 c:/nxp/mcuxpressoide_11.6.0_8187/ide/plugins/com.nxp.mcuxpresso.tools.win32_11.6.0.202112161359/tools/bin/../lib/gcc/arm-none-eabi/10.3.1/../../../../arm-none-eabi/lib/thumb/v6-m/nofp\libcr_semihost_nf.a(__ciob.o)
                0x00007954                __num_Ciob_streams
 .rodata._Csys_alloc.str1.1
                0x00007958       0x18 c:/nxp/mcuxpressoide_11.6.0_8187/ide/plugins/com.nxp.mcuxpresso.tools.win32_11.6.0.202112161359/tools/bin/../lib/gcc/arm-none-eabi/10.3.1/../../../../arm-none-eabi/lib/thumb/v6-m/nofp\libcr_c.a(alloc.o)
 .rodata.fp_display.str1.1
                0x00007970       0x34 c:/nxp/mcuxpressoide_11.6.0_8187/ide/plugins/com.nxp.mcuxpresso.tools.win32_11.6.0.202112161359/tools/bin/../lib/gcc/arm-none-eabi/10.3.1/../../../../arm-none-eabi/lib/thumb/v6-m/nofp\libcr_c.a(fpprintf.o)
                                 0x35 (size before relaxing)
 .rodata._initio.str1.1
                0x000079a4        0x4 c:/nxp/mcuxpressoide_11.6.0_8187/ide/plugins/com.nxp.mcuxpresso.tools.win32_11.6.0.202112161359/tools/bin/../lib/gcc/arm-none-eabi/10.3.1/../../../../arm-none-eabi/lib/thumb/v6-m/nofp\libcr_c.a(initio.o)
 .rodata.__vfprintf.str1.1
                0x000079a8       0x31 c:/nxp/mcuxpressoide_11.6.0_8187/ide/plugins/com.nxp.mcuxpresso.tools.win32_11.6.0.202112161359/tools/bin/../lib/gcc/arm-none-eabi/10.3.1/../../../../arm-none-eabi/lib/thumb/v6-m/nofp\libcr_c.a(printf.o)
                                 0x38 (size before relaxing)
 .rodata.__ctype
                0x000079d9      0x180 c:/nxp/mcuxpressoide_11.6.0_8187/ide/plugins/com.nxp.mcuxpresso.tools.win32_11.6.0.202112161359/tools/bin/../lib/gcc/arm-none-eabi/10.3.1/../../../../arm-none-eabi/lib/thumb/v6-m/nofp\libcr_c.a(ctype.o)
                0x000079d9                __ctype
                0x00007b5c                . = ALIGN (0x4)
 *fill*         0x00007b59        0x3 ff
                0x00007b5c                _etext = .

.glue_7         0x00007b5c        0x0
 .glue_7        0x00007b5c        0x0 linker stubs

.glue_7t        0x00007b5c        0x0
 .glue_7t       0x00007b5c        0x0 linker stubs

.vfp11_veneer   0x00007b5c        0x0
 .vfp11_veneer  0x00007b5c        0x0 linker stubs

.v4_bx          0x00007b5c        0x0
 .v4_bx         0x00007b5c        0x0 linker stubs

.iplt           0x00007b5c        0x0
 .iplt          0x00007b5c        0x0 ./utilities/fsl_debug_console.o

.rel.dyn        0x00007b5c        0x0
 .rel.iplt      0x00007b5c        0x0 ./utilities/fsl_debug_console.o

.m_usb_data
 *(SORT_BY_ALIGNMENT(m_usb_bdt))

.mtb_buffer_default
                0x1ffff000       0x80
 *(SORT_BY_ALIGNMENT(.mtb*))
 .mtb.$RAM1     0x1ffff000       0x80 ./source/mtb.o
                0x1ffff000                __mtb_buffer__

.uninit_RESERVED
                0x1ffff080        0x0
                0x1ffff080                _start_uninit_RESERVED = .
 *(SORT_BY_ALIGNMENT(.bss.$RESERVED*))
                0x1ffff080                . = ALIGN (0x4)
                0x1ffff080                _end_uninit_RESERVED = .

.data           0x1ffff080        0x8 load address 0x00007b5c
 FILL mask 0xff
                0x1ffff080                _data = .
                [!provide]                PROVIDE (__start_data_RAM = .)
                [!provide]                PROVIDE (__start_data_SRAM = .)
 *(SORT_BY_ALIGNMENT(vtable))
 *(SORT_BY_ALIGNMENT(.ramfunc*))
 *(SORT_BY_ALIGNMENT(CodeQuickAccess))
 *(SORT_BY_ALIGNMENT(DataQuickAccess))
 *(SORT_BY_ALIGNMENT(RamFunction))
 *(SORT_BY_ALIGNMENT(.data*))
 .data.s_slowIrcFreq
                0x1ffff080        0x4 ./drivers/fsl_clock.o
 .data.SystemCoreClock
                0x1ffff084        0x4 ./CMSIS/system_MKL25Z4.o
                0x1ffff084                SystemCoreClock
                0x1ffff088                . = ALIGN (0x4)
                0x1ffff088                _edata = .
                [!provide]                PROVIDE (__end_data_RAM = .)
                [!provide]                PROVIDE (__end_data_SRAM = .)

.igot.plt       0x1ffff088        0x0 load address 0x00007b64
 .igot.plt      0x1ffff088        0x0 ./utilities/fsl_debug_console.o

.bss            0x1ffff088      0x434
                0x1ffff088                _bss = .
                [!provide]                PROVIDE (__start_bss_RAM = .)
                [!provide]                PROVIDE (__start_bss_SRAM = .)
 *(SORT_BY_ALIGNMENT(.bss*))
 .bss.s_debugConsole
                0x1ffff088       0x10 ./utilities/fsl_debug_console.o
 .bss.roll_calibr
                0x1ffff098        0x4 ./source/Command_Processor.o
                0x1ffff098                roll_calibr
 .bss.TimerMS_62_5
                0x1ffff09c        0x4 ./source/Systick.o
                0x1ffff09c                TimerMS_62_5
 .bss.Start_Timer
                0x1ffff0a0        0x4 ./source/Systick.o
                0x1ffff0a0                Start_Timer
 .bss.TxQ       0x1ffff0a4      0x10c ./source/UART.o
                0x1ffff0a4                TxQ
 .bss.RxQ       0x1ffff1b0      0x10c ./source/UART.o
                0x1ffff1b0                RxQ
 .bss.roll      0x1ffff2bc        0x4 ./source/accelerometer.o
                0x1ffff2bc                roll
 .bss.pitch     0x1ffff2c0        0x4 ./source/accelerometer.o
                0x1ffff2c0                pitch
 .bss.lock_detect
                0x1ffff2c4        0x4 ./source/i2c.o
                0x1ffff2c4                lock_detect
 .bss.i2c_lock  0x1ffff2c8        0x4 ./source/i2c.o
                0x1ffff2c8                i2c_lock
 .bss.RX        0x1ffff2cc      0x10c ./source/test_cases.o
                0x1ffff2cc                RX
 .bss.g_xtal0Freq
                0x1ffff3d8        0x4 ./drivers/fsl_clock.o
                0x1ffff3d8                g_xtal0Freq
 .bss.s_lpsciHandle
                0x1ffff3dc        0x4 ./drivers/fsl_lpsci.o
 .bss.s_lpsciIsr
                0x1ffff3e0        0x4 ./drivers/fsl_lpsci.o
 .bss.s_uartHandle
                0x1ffff3e4        0xc ./drivers/fsl_uart.o
 .bss.s_uartIsr
                0x1ffff3f0        0x4 ./drivers/fsl_uart.o
 .bss.__Ciob    0x1ffff3f4       0xb4 c:/nxp/mcuxpressoide_11.6.0_8187/ide/plugins/com.nxp.mcuxpresso.tools.win32_11.6.0.202112161359/tools/bin/../lib/gcc/arm-none-eabi/10.3.1/../../../../arm-none-eabi/lib/thumb/v6-m/nofp\libcr_semihost_nf.a(__ciob.o)
                0x1ffff3f4                __Ciob
 .bss.errno     0x1ffff4a8        0x4 c:/nxp/mcuxpressoide_11.6.0_8187/ide/plugins/com.nxp.mcuxpresso.tools.win32_11.6.0.202112161359/tools/bin/../lib/gcc/arm-none-eabi/10.3.1/../../../../arm-none-eabi/lib/thumb/v6-m/nofp\libcr_c.a(errno.o)
                0x1ffff4a8                errno
 .bss.__end_of_heap
                0x1ffff4ac        0x4 c:/nxp/mcuxpressoide_11.6.0_8187/ide/plugins/com.nxp.mcuxpresso.tools.win32_11.6.0.202112161359/tools/bin/../lib/gcc/arm-none-eabi/10.3.1/../../../../arm-none-eabi/lib/thumb/v6-m/nofp\libcr_c.a(__init_alloc.o)
                0x1ffff4ac                __end_of_heap
 .bss.__heaps   0x1ffff4b0        0x4 c:/nxp/mcuxpressoide_11.6.0_8187/ide/plugins/com.nxp.mcuxpresso.tools.win32_11.6.0.202112161359/tools/bin/../lib/gcc/arm-none-eabi/10.3.1/../../../../arm-none-eabi/lib/thumb/v6-m/nofp\libcr_c.a(__init_alloc.o)
                0x1ffff4b0                __heaps
 .bss.acc_X     0x1ffff4b4        0x2 ./source/accelerometer.o
                0x1ffff4b4                acc_X
 .bss.acc_Y     0x1ffff4b6        0x2 ./source/accelerometer.o
                0x1ffff4b6                acc_Y
 .bss.acc_Z     0x1ffff4b8        0x2 ./source/accelerometer.o
                0x1ffff4b8                acc_Z
 *(SORT_BY_ALIGNMENT(COMMON))
                0x1ffff4bc                . = ALIGN (0x4)
 *fill*         0x1ffff4ba        0x2 
                0x1ffff4bc                _ebss = .
                [!provide]                PROVIDE (__end_bss_RAM = .)
                [!provide]                PROVIDE (__end_bss_SRAM = .)
                [!provide]                PROVIDE (end = .)

.noinit         0x1ffff4bc        0x0
                0x1ffff4bc                _noinit = .
                [!provide]                PROVIDE (__start_noinit_RAM = .)
                [!provide]                PROVIDE (__start_noinit_SRAM = .)
 *(SORT_BY_ALIGNMENT(.noinit*))
                0x1ffff4bc                . = ALIGN (0x4)
                0x1ffff4bc                _end_noinit = .
                [!provide]                PROVIDE (__end_noinit_RAM = .)
                [!provide]                PROVIDE (__end_noinit_SRAM = .)

.ARM.extab
 *(SORT_BY_ALIGNMENT(.ARM.extab*) SORT_BY_ALIGNMENT(.gnu.linkonce.armextab.*))

.ARM.exidx      0x00007b64        0x0
                0x00007b64                __exidx_start = .
 *(SORT_BY_ALIGNMENT(.ARM.exidx*) SORT_BY_ALIGNMENT(.gnu.linkonce.armexidx.*))
                0x00007b64                __exidx_end = .
                0x00000400                _HeapSize = 0x400

.heap           0x1ffff4bc      0x400
                0x1ffff4bc                _pvHeapStart = .
                0x1ffff8bc                . = (. + _HeapSize)
 *fill*         0x1ffff4bc      0x400 
                0x1ffff8bc                . = ALIGN (0x4)
                0x1ffff8bc                _pvHeapLimit = .
                0x00000400                _StackSize = 0x400

.heap2stackfill
                0x1ffff8bc      0x400
                0x1ffffcbc                . = (. + _StackSize)
 *fill*         0x1ffff8bc      0x400 

.stack          0x20002c00        0x0
                0x20002c00                _vStackBase = .
                0x20002c00                . = ALIGN (0x4)
                0x20003000                _vStackTop = (. + _StackSize)
                0x00000000                _image_start = LOADADDR (.text)
                0x00007b64                _image_end = (LOADADDR (.data) + SIZEOF (.data))
                0x00007b64                _image_size = (_image_end - _image_start)
OUTPUT(PES_Final_Project.axf elf32-littlearm)
LOAD linker stubs

.debug_info     0x00000000     0x94c7
 .debug_info    0x00000000      0x84b ./utilities/fsl_debug_console.o
 .debug_info    0x0000084b      0x501 ./startup/startup_mkl25z4.o
 .debug_info    0x00000d4c      0x6f2 ./source/Command_Processor.o
 .debug_info    0x0000143e       0x90 ./source/PES_Final_Project.o
 .debug_info    0x000014ce      0x419 ./source/PWM.o
 .debug_info    0x000018e7      0x431 ./source/Systick.o
 .debug_info    0x00001d18      0x308 ./source/TSI.o
 .debug_info    0x00002020      0x86b ./source/UART.o
 .debug_info    0x0000288b      0x219 ./source/accelerometer.o
 .debug_info    0x00002aa4      0x48a ./source/cbfifo.o
 .debug_info    0x00002f2e      0x52d ./source/i2c.o
 .debug_info    0x0000345b       0x4f ./source/mtb.o
 .debug_info    0x000034aa       0x38 ./source/semihost_hardfault.o
 .debug_info    0x000034e2      0x615 ./source/test_cases.o
 .debug_info    0x00003af7     0x1a56 ./drivers/fsl_clock.o
 .debug_info    0x0000554d     0x1409 ./drivers/fsl_lpsci.o
 .debug_info    0x00006956     0x13aa ./drivers/fsl_uart.o
 .debug_info    0x00007d00      0x397 ./board/board.o
 .debug_info    0x00008097      0xab8 ./board/clock_config.o
 .debug_info    0x00008b4f       0x38 ./board/peripherals.o
 .debug_info    0x00008b87      0x543 ./board/pin_mux.o
 .debug_info    0x000090ca      0x3fd ./CMSIS/system_MKL25Z4.o

.debug_abbrev   0x00000000     0x208a
 .debug_abbrev  0x00000000      0x1d4 ./utilities/fsl_debug_console.o
 .debug_abbrev  0x000001d4      0x186 ./startup/startup_mkl25z4.o
 .debug_abbrev  0x0000035a      0x223 ./source/Command_Processor.o
 .debug_abbrev  0x0000057d       0x46 ./source/PES_Final_Project.o
 .debug_abbrev  0x000005c3       0xed ./source/PWM.o
 .debug_abbrev  0x000006b0      0x17d ./source/Systick.o
 .debug_abbrev  0x0000082d       0xfa ./source/TSI.o
 .debug_abbrev  0x00000927      0x1f5 ./source/UART.o
 .debug_abbrev  0x00000b1c      0x108 ./source/accelerometer.o
 .debug_abbrev  0x00000c24      0x1a6 ./source/cbfifo.o
 .debug_abbrev  0x00000dca      0x176 ./source/i2c.o
 .debug_abbrev  0x00000f40       0x43 ./source/mtb.o
 .debug_abbrev  0x00000f83       0x2e ./source/semihost_hardfault.o
 .debug_abbrev  0x00000fb1      0x15a ./source/test_cases.o
 .debug_abbrev  0x0000110b      0x354 ./drivers/fsl_clock.o
 .debug_abbrev  0x0000145f      0x328 ./drivers/fsl_lpsci.o
 .debug_abbrev  0x00001787      0x30e ./drivers/fsl_uart.o
 .debug_abbrev  0x00001a95      0x118 ./board/board.o
 .debug_abbrev  0x00001bad      0x1fe ./board/clock_config.o
 .debug_abbrev  0x00001dab       0x2e ./board/peripherals.o
 .debug_abbrev  0x00001dd9      0x186 ./board/pin_mux.o
 .debug_abbrev  0x00001f5f      0x12b ./CMSIS/system_MKL25Z4.o

.debug_aranges  0x00000000      0x9b8
 .debug_aranges
                0x00000000       0x48 ./utilities/fsl_debug_console.o
 .debug_aranges
                0x00000048      0x160 ./startup/startup_mkl25z4.o
 .debug_aranges
                0x000001a8       0x60 ./source/Command_Processor.o
 .debug_aranges
                0x00000208       0x20 ./source/PES_Final_Project.o
 .debug_aranges
                0x00000228       0x20 ./source/PWM.o
 .debug_aranges
                0x00000248       0x40 ./source/Systick.o
 .debug_aranges
                0x00000288       0x28 ./source/TSI.o
 .debug_aranges
                0x000002b0       0x50 ./source/UART.o
 .debug_aranges
                0x00000300       0x40 ./source/accelerometer.o
 .debug_aranges
                0x00000340       0x48 ./source/cbfifo.o
 .debug_aranges
                0x00000388       0x58 ./source/i2c.o
 .debug_aranges
                0x000003e0       0x18 ./source/mtb.o
 .debug_aranges
                0x000003f8       0x20 ./source/semihost_hardfault.o
 .debug_aranges
                0x00000418       0x80 ./source/test_cases.o
 .debug_aranges
                0x00000498      0x1d8 ./drivers/fsl_clock.o
 .debug_aranges
                0x00000670      0x118 ./drivers/fsl_lpsci.o
 .debug_aranges
                0x00000788      0x130 ./drivers/fsl_uart.o
 .debug_aranges
                0x000008b8       0x28 ./board/board.o
 .debug_aranges
                0x000008e0       0x58 ./board/clock_config.o
 .debug_aranges
                0x00000938       0x20 ./board/peripherals.o
 .debug_aranges
                0x00000958       0x38 ./board/pin_mux.o
 .debug_aranges
                0x00000990       0x28 ./CMSIS/system_MKL25Z4.o

.debug_ranges   0x00000000      0x850
 .debug_ranges  0x00000000       0x38 ./utilities/fsl_debug_console.o
 .debug_ranges  0x00000038      0x150 ./startup/startup_mkl25z4.o
 .debug_ranges  0x00000188       0x50 ./source/Command_Processor.o
 .debug_ranges  0x000001d8       0x10 ./source/PES_Final_Project.o
 .debug_ranges  0x000001e8       0x10 ./source/PWM.o
 .debug_ranges  0x000001f8       0x30 ./source/Systick.o
 .debug_ranges  0x00000228       0x18 ./source/TSI.o
 .debug_ranges  0x00000240       0x40 ./source/UART.o
 .debug_ranges  0x00000280       0x30 ./source/accelerometer.o
 .debug_ranges  0x000002b0       0x38 ./source/cbfifo.o
 .debug_ranges  0x000002e8       0x48 ./source/i2c.o
 .debug_ranges  0x00000330       0x10 ./source/semihost_hardfault.o
 .debug_ranges  0x00000340       0x70 ./source/test_cases.o
 .debug_ranges  0x000003b0      0x1c8 ./drivers/fsl_clock.o
 .debug_ranges  0x00000578      0x108 ./drivers/fsl_lpsci.o
 .debug_ranges  0x00000680      0x120 ./drivers/fsl_uart.o
 .debug_ranges  0x000007a0       0x18 ./board/board.o
 .debug_ranges  0x000007b8       0x48 ./board/clock_config.o
 .debug_ranges  0x00000800       0x10 ./board/peripherals.o
 .debug_ranges  0x00000810       0x28 ./board/pin_mux.o
 .debug_ranges  0x00000838       0x18 ./CMSIS/system_MKL25Z4.o

.debug_line     0x00000000     0x5844
 .debug_line    0x00000000      0x389 ./utilities/fsl_debug_console.o
 .debug_line    0x00000389      0x249 ./startup/startup_mkl25z4.o
 .debug_line    0x000005d2      0x691 ./source/Command_Processor.o
 .debug_line    0x00000c63       0x63 ./source/PES_Final_Project.o
 .debug_line    0x00000cc6      0x18f ./source/PWM.o
 .debug_line    0x00000e55      0x226 ./source/Systick.o
 .debug_line    0x0000107b      0x177 ./source/TSI.o
 .debug_line    0x000011f2      0x3ef ./source/UART.o
 .debug_line    0x000015e1      0x21e ./source/accelerometer.o
 .debug_line    0x000017ff      0x65f ./source/cbfifo.o
 .debug_line    0x00001e5e      0x2cd ./source/i2c.o
 .debug_line    0x0000212b       0x30 ./source/mtb.o
 .debug_line    0x0000215b       0x59 ./source/semihost_hardfault.o
 .debug_line    0x000021b4      0x496 ./source/test_cases.o
 .debug_line    0x0000264a     0x117b ./drivers/fsl_clock.o
 .debug_line    0x000037c5      0xbbb ./drivers/fsl_lpsci.o
 .debug_line    0x00004380      0xbaf ./drivers/fsl_uart.o
 .debug_line    0x00004f2f      0x1ca ./board/board.o
 .debug_line    0x000050f9      0x2cd ./board/clock_config.o
 .debug_line    0x000053c6       0x4b ./board/peripherals.o
 .debug_line    0x00005411      0x223 ./board/pin_mux.o
 .debug_line    0x00005634      0x210 ./CMSIS/system_MKL25Z4.o

.debug_str      0x00000000     0x3e1c
 .debug_str     0x00000000      0x9f5 ./utilities/fsl_debug_console.o
                                0xa66 (size before relaxing)
 .debug_str     0x000009f5      0x380 ./startup/startup_mkl25z4.o
                                0x4c5 (size before relaxing)
 .debug_str     0x00000d75      0x208 ./source/Command_Processor.o
                                0x408 (size before relaxing)
 .debug_str     0x00000f7d       0x23 ./source/PES_Final_Project.o
                                0x1e6 (size before relaxing)
 .debug_str     0x00000fa0      0x10c ./source/PWM.o
                                0x301 (size before relaxing)
 .debug_str     0x000010ac      0x2cb ./source/Systick.o
                                0x4a1 (size before relaxing)
 .debug_str     0x00001377       0x47 ./source/TSI.o
                                0x2d9 (size before relaxing)
 .debug_str     0x000013be       0x67 ./source/UART.o
                                0x5c9 (size before relaxing)
 .debug_str     0x00001425       0x71 ./source/accelerometer.o
                                0x251 (size before relaxing)
 .debug_str     0x00001496       0xc0 ./source/cbfifo.o
                                0x2c4 (size before relaxing)
 .debug_str     0x00001556       0xae ./source/i2c.o
                                0x360 (size before relaxing)
 .debug_str     0x00001604       0x1f ./source/mtb.o
                                0x163 (size before relaxing)
 .debug_str     0x00001623       0x1f ./source/semihost_hardfault.o
                                0x163 (size before relaxing)
 .debug_str     0x00001642      0x194 ./source/test_cases.o
                                0x3e9 (size before relaxing)
 .debug_str     0x000017d6      0xfc2 ./drivers/fsl_clock.o
                               0x17be (size before relaxing)
 .debug_str     0x00002798      0x95a ./drivers/fsl_lpsci.o
                               0x156d (size before relaxing)
 .debug_str     0x000030f2      0x819 ./drivers/fsl_uart.o
                               0x1579 (size before relaxing)
 .debug_str     0x0000390b       0x4c ./board/board.o
                                0x2fb (size before relaxing)
 .debug_str     0x00003957      0x2f8 ./board/clock_config.o
                                0xda8 (size before relaxing)
 .debug_str     0x00003c4f       0x31 ./board/peripherals.o
                                0x163 (size before relaxing)
 .debug_str     0x00003c80      0x14d ./board/pin_mux.o
                                0x595 (size before relaxing)
 .debug_str     0x00003dcd       0x4f ./CMSIS/system_MKL25Z4.o
                                0x30f (size before relaxing)

.comment        0x00000000       0x49
 .comment       0x00000000       0x49 ./utilities/fsl_debug_console.o
                                 0x4a (size before relaxing)
 .comment       0x00000049       0x4a ./startup/startup_mkl25z4.o
 .comment       0x00000049       0x4a ./source/Command_Processor.o
 .comment       0x00000049       0x4a ./source/PES_Final_Project.o
 .comment       0x00000049       0x4a ./source/PWM.o
 .comment       0x00000049       0x4a ./source/Systick.o
 .comment       0x00000049       0x4a ./source/TSI.o
 .comment       0x00000049       0x4a ./source/UART.o
 .comment       0x00000049       0x4a ./source/accelerometer.o
 .comment       0x00000049       0x4a ./source/cbfifo.o
 .comment       0x00000049       0x4a ./source/i2c.o
 .comment       0x00000049       0x4a ./source/mtb.o
 .comment       0x00000049       0x4a ./source/semihost_hardfault.o
 .comment       0x00000049       0x4a ./source/test_cases.o
 .comment       0x00000049       0x4a ./drivers/fsl_clock.o
 .comment       0x00000049       0x4a ./drivers/fsl_lpsci.o
 .comment       0x00000049       0x4a ./drivers/fsl_uart.o
 .comment       0x00000049       0x4a ./board/board.o
 .comment       0x00000049       0x4a ./board/clock_config.o
 .comment       0x00000049       0x4a ./board/peripherals.o
 .comment       0x00000049       0x4a ./board/pin_mux.o
 .comment       0x00000049       0x4a ./CMSIS/system_MKL25Z4.o
 .comment       0x00000049       0x4a c:/nxp/mcuxpressoide_11.6.0_8187/ide/plugins/com.nxp.mcuxpresso.tools.win32_11.6.0.202112161359/tools/bin/../lib/gcc/arm-none-eabi/10.3.1/../../../../arm-none-eabi/lib/thumb/v6-m/nofp\libcr_semihost_nf.a(__ciob.o)
 .comment       0x00000049       0x4a c:/nxp/mcuxpressoide_11.6.0_8187/ide/plugins/com.nxp.mcuxpresso.tools.win32_11.6.0.202112161359/tools/bin/../lib/gcc/arm-none-eabi/10.3.1/../../../../arm-none-eabi/lib/thumb/v6-m/nofp\libcr_semihost_nf.a(_cr__main.o)
 .comment       0x00000049       0x4a c:/nxp/mcuxpressoide_11.6.0_8187/ide/plugins/com.nxp.mcuxpresso.tools.win32_11.6.0.202112161359/tools/bin/../lib/gcc/arm-none-eabi/10.3.1/../../../../arm-none-eabi/lib/thumb/v6-m/nofp\libcr_c.a(memcpy.o)
 .comment       0x00000049       0x4a c:/nxp/mcuxpressoide_11.6.0_8187/ide/plugins/com.nxp.mcuxpresso.tools.win32_11.6.0.202112161359/tools/bin/../lib/gcc/arm-none-eabi/10.3.1/../../../../arm-none-eabi/lib/thumb/v6-m/nofp\libcr_c.a(memset.o)
 .comment       0x00000049       0x4a c:/nxp/mcuxpressoide_11.6.0_8187/ide/plugins/com.nxp.mcuxpresso.tools.win32_11.6.0.202112161359/tools/bin/../lib/gcc/arm-none-eabi/10.3.1/../../../../arm-none-eabi/lib/thumb/v6-m/nofp\libcr_c.a(__fillbuf.o)
 .comment       0x00000049       0x4a c:/nxp/mcuxpressoide_11.6.0_8187/ide/plugins/com.nxp.mcuxpresso.tools.win32_11.6.0.202112161359/tools/bin/../lib/gcc/arm-none-eabi/10.3.1/../../../../arm-none-eabi/lib/thumb/v6-m/nofp\libcr_c.a(_deferredlazyseek.o)
 .comment       0x00000049       0x4a c:/nxp/mcuxpressoide_11.6.0_8187/ide/plugins/com.nxp.mcuxpresso.tools.win32_11.6.0.202112161359/tools/bin/../lib/gcc/arm-none-eabi/10.3.1/../../../../arm-none-eabi/lib/thumb/v6-m/nofp\libcr_c.a(_fflush.o)
 .comment       0x00000049       0x4a c:/nxp/mcuxpressoide_11.6.0_8187/ide/plugins/com.nxp.mcuxpresso.tools.win32_11.6.0.202112161359/tools/bin/../lib/gcc/arm-none-eabi/10.3.1/../../../../arm-none-eabi/lib/thumb/v6-m/nofp\libcr_c.a(_writebuf.o)
 .comment       0x00000049       0x4a c:/nxp/mcuxpressoide_11.6.0_8187/ide/plugins/com.nxp.mcuxpresso.tools.win32_11.6.0.202112161359/tools/bin/../lib/gcc/arm-none-eabi/10.3.1/../../../../arm-none-eabi/lib/thumb/v6-m/nofp\libcr_c.a(alloc.o)
 .comment       0x00000049       0x4a c:/nxp/mcuxpressoide_11.6.0_8187/ide/plugins/com.nxp.mcuxpresso.tools.win32_11.6.0.202112161359/tools/bin/../lib/gcc/arm-none-eabi/10.3.1/../../../../arm-none-eabi/lib/thumb/v6-m/nofp\libcr_c.a(atan2.o)
 .comment       0x00000049       0x4a c:/nxp/mcuxpressoide_11.6.0_8187/ide/plugins/com.nxp.mcuxpresso.tools.win32_11.6.0.202112161359/tools/bin/../lib/gcc/arm-none-eabi/10.3.1/../../../../arm-none-eabi/lib/thumb/v6-m/nofp\libcr_c.a(errno.o)
 .comment       0x00000049       0x4a c:/nxp/mcuxpressoide_11.6.0_8187/ide/plugins/com.nxp.mcuxpresso.tools.win32_11.6.0.202112161359/tools/bin/../lib/gcc/arm-none-eabi/10.3.1/../../../../arm-none-eabi/lib/thumb/v6-m/nofp\libcr_c.a(fabs.o)
 .comment       0x00000049       0x4a c:/nxp/mcuxpressoide_11.6.0_8187/ide/plugins/com.nxp.mcuxpresso.tools.win32_11.6.0.202112161359/tools/bin/../lib/gcc/arm-none-eabi/10.3.1/../../../../arm-none-eabi/lib/thumb/v6-m/nofp\libcr_c.a(fpprintf.o)
 .comment       0x00000049       0x4a c:/nxp/mcuxpressoide_11.6.0_8187/ide/plugins/com.nxp.mcuxpresso.tools.win32_11.6.0.202112161359/tools/bin/../lib/gcc/arm-none-eabi/10.3.1/../../../../arm-none-eabi/lib/thumb/v6-m/nofp\libcr_c.a(fseek.o)
 .comment       0x00000049       0x4a c:/nxp/mcuxpressoide_11.6.0_8187/ide/plugins/com.nxp.mcuxpresso.tools.win32_11.6.0.202112161359/tools/bin/../lib/gcc/arm-none-eabi/10.3.1/../../../../arm-none-eabi/lib/thumb/v6-m/nofp\libcr_c.a(ftell.o)
 .comment       0x00000049       0x4a c:/nxp/mcuxpressoide_11.6.0_8187/ide/plugins/com.nxp.mcuxpresso.tools.win32_11.6.0.202112161359/tools/bin/../lib/gcc/arm-none-eabi/10.3.1/../../../../arm-none-eabi/lib/thumb/v6-m/nofp\libcr_c.a(initio.o)
 .comment       0x00000049       0x4a c:/nxp/mcuxpressoide_11.6.0_8187/ide/plugins/com.nxp.mcuxpresso.tools.win32_11.6.0.202112161359/tools/bin/../lib/gcc/arm-none-eabi/10.3.1/../../../../arm-none-eabi/lib/thumb/v6-m/nofp\libcr_c.a(printf.o)
 .comment       0x00000049       0x4a c:/nxp/mcuxpressoide_11.6.0_8187/ide/plugins/com.nxp.mcuxpresso.tools.win32_11.6.0.202112161359/tools/bin/../lib/gcc/arm-none-eabi/10.3.1/../../../../arm-none-eabi/lib/thumb/v6-m/nofp\libcr_c.a(scanf.o)
 .comment       0x00000049       0x4a c:/nxp/mcuxpressoide_11.6.0_8187/ide/plugins/com.nxp.mcuxpresso.tools.win32_11.6.0.202112161359/tools/bin/../lib/gcc/arm-none-eabi/10.3.1/../../../../arm-none-eabi/lib/thumb/v6-m/nofp\libcr_c.a(setvbuf.o)
 .comment       0x00000049       0x4a c:/nxp/mcuxpressoide_11.6.0_8187/ide/plugins/com.nxp.mcuxpresso.tools.win32_11.6.0.202112161359/tools/bin/../lib/gcc/arm-none-eabi/10.3.1/../../../../arm-none-eabi/lib/thumb/v6-m/nofp\libcr_c.a(sqrt.o)
 .comment       0x00000049       0x4a c:/nxp/mcuxpressoide_11.6.0_8187/ide/plugins/com.nxp.mcuxpresso.tools.win32_11.6.0.202112161359/tools/bin/../lib/gcc/arm-none-eabi/10.3.1/../../../../arm-none-eabi/lib/thumb/v6-m/nofp\libcr_c.a(strcasecmp.o)
 .comment       0x00000049       0x4a c:/nxp/mcuxpressoide_11.6.0_8187/ide/plugins/com.nxp.mcuxpresso.tools.win32_11.6.0.202112161359/tools/bin/../lib/gcc/arm-none-eabi/10.3.1/../../../../arm-none-eabi/lib/thumb/v6-m/nofp\libcr_c.a(strlen.o)
 .comment       0x00000049       0x4a c:/nxp/mcuxpressoide_11.6.0_8187/ide/plugins/com.nxp.mcuxpresso.tools.win32_11.6.0.202112161359/tools/bin/../lib/gcc/arm-none-eabi/10.3.1/../../../../arm-none-eabi/lib/thumb/v6-m/nofp\libcr_c.a(__init_alloc.o)
 .comment       0x00000049       0x4a c:/nxp/mcuxpressoide_11.6.0_8187/ide/plugins/com.nxp.mcuxpresso.tools.win32_11.6.0.202112161359/tools/bin/../lib/gcc/arm-none-eabi/10.3.1/../../../../arm-none-eabi/lib/thumb/v6-m/nofp\libcr_c.a(_cr_sbrk.o)
 .comment       0x00000049       0x4a c:/nxp/mcuxpressoide_11.6.0_8187/ide/plugins/com.nxp.mcuxpresso.tools.win32_11.6.0.202112161359/tools/bin/../lib/gcc/arm-none-eabi/10.3.1/../../../../arm-none-eabi/lib/thumb/v6-m/nofp\libcr_c.a(_fdopen.o)
 .comment       0x00000049       0x4a c:/nxp/mcuxpressoide_11.6.0_8187/ide/plugins/com.nxp.mcuxpresso.tools.win32_11.6.0.202112161359/tools/bin/../lib/gcc/arm-none-eabi/10.3.1/../../../../arm-none-eabi/lib/thumb/v6-m/nofp\libcr_c.a(_frexpl.o)
 .comment       0x00000049       0x4a c:/nxp/mcuxpressoide_11.6.0_8187/ide/plugins/com.nxp.mcuxpresso.tools.win32_11.6.0.202112161359/tools/bin/../lib/gcc/arm-none-eabi/10.3.1/../../../../arm-none-eabi/lib/thumb/v6-m/nofp\libcr_c.a(_ldexpl.o)
 .comment       0x00000049       0x4a c:/nxp/mcuxpressoide_11.6.0_8187/ide/plugins/com.nxp.mcuxpresso.tools.win32_11.6.0.202112161359/tools/bin/../lib/gcc/arm-none-eabi/10.3.1/../../../../arm-none-eabi/lib/thumb/v6-m/nofp\libcr_c.a(atan.o)
 .comment       0x00000049       0x4a c:/nxp/mcuxpressoide_11.6.0_8187/ide/plugins/com.nxp.mcuxpresso.tools.win32_11.6.0.202112161359/tools/bin/../lib/gcc/arm-none-eabi/10.3.1/../../../../arm-none-eabi/lib/thumb/v6-m/nofp\libcr_c.a(ctype.o)
 .comment       0x00000049       0x4a c:/nxp/mcuxpressoide_11.6.0_8187/ide/plugins/com.nxp.mcuxpresso.tools.win32_11.6.0.202112161359/tools/bin/../lib/gcc/arm-none-eabi/10.3.1/../../../../arm-none-eabi/lib/thumb/v6-m/nofp\libcr_c.a(fclose.o)
 .comment       0x00000049       0x4a c:/nxp/mcuxpressoide_11.6.0_8187/ide/plugins/com.nxp.mcuxpresso.tools.win32_11.6.0.202112161359/tools/bin/../lib/gcc/arm-none-eabi/10.3.1/../../../../arm-none-eabi/lib/thumb/v6-m/nofp\libcr_c.a(fflush.o)
 .comment       0x00000049       0x4a c:/nxp/mcuxpressoide_11.6.0_8187/ide/plugins/com.nxp.mcuxpresso.tools.win32_11.6.0.202112161359/tools/bin/../lib/gcc/arm-none-eabi/10.3.1/../../../../arm-none-eabi/lib/thumb/v6-m/nofp\libcr_c.a(remove.o)
 .comment       0x00000049       0x4a c:/nxp/mcuxpressoide_11.6.0_8187/ide/plugins/com.nxp.mcuxpresso.tools.win32_11.6.0.202112161359/tools/bin/../lib/gcc/arm-none-eabi/10.3.1/../../../../arm-none-eabi/lib/thumb/v6-m/nofp\libcr_c.a(_cr_check_heap.o)
 .comment       0x00000049       0x4a c:/nxp/mcuxpressoide_11.6.0_8187/ide/plugins/com.nxp.mcuxpresso.tools.win32_11.6.0.202112161359/tools/bin/../lib/gcc/arm-none-eabi/10.3.1/../../../../arm-none-eabi/lib/thumb/v6-m/nofp\libcr_c.a(_do_fflush.o)
 .comment       0x00000049       0x4a c:/nxp/mcuxpressoide_11.6.0_8187/ide/plugins/com.nxp.mcuxpresso.tools.win32_11.6.0.202112161359/tools/bin/../lib/gcc/arm-none-eabi/10.3.1/thumb/v6-m/nofp\libcr_eabihelpers.a(double.o)
 .comment       0x00000049       0x4a c:/nxp/mcuxpressoide_11.6.0_8187/ide/plugins/com.nxp.mcuxpresso.tools.win32_11.6.0.202112161359/tools/bin/../lib/gcc/arm-none-eabi/10.3.1/thumb/v6-m/nofp\libcr_eabihelpers.a(float.o)

.ARM.attributes
                0x00000000       0x2a
 .ARM.attributes
                0x00000000       0x2c ./utilities/fsl_debug_console.o
 .ARM.attributes
                0x0000002c       0x2c ./startup/startup_mkl25z4.o
 .ARM.attributes
                0x00000058       0x2c ./source/Command_Processor.o
 .ARM.attributes
                0x00000084       0x2c ./source/PES_Final_Project.o
 .ARM.attributes
                0x000000b0       0x2c ./source/PWM.o
 .ARM.attributes
                0x000000dc       0x2c ./source/Systick.o
 .ARM.attributes
                0x00000108       0x2c ./source/TSI.o
 .ARM.attributes
                0x00000134       0x2c ./source/UART.o
 .ARM.attributes
                0x00000160       0x2c ./source/accelerometer.o
 .ARM.attributes
                0x0000018c       0x2c ./source/cbfifo.o
 .ARM.attributes
                0x000001b8       0x2c ./source/i2c.o
 .ARM.attributes
                0x000001e4       0x2c ./source/mtb.o
 .ARM.attributes
                0x00000210       0x2c ./source/semihost_hardfault.o
 .ARM.attributes
                0x0000023c       0x2c ./source/test_cases.o
 .ARM.attributes
                0x00000268       0x2c ./drivers/fsl_clock.o
 .ARM.attributes
                0x00000294       0x2c ./drivers/fsl_lpsci.o
 .ARM.attributes
                0x000002c0       0x2c ./drivers/fsl_uart.o
 .ARM.attributes
                0x000002ec       0x2c ./board/board.o
 .ARM.attributes
                0x00000318       0x2c ./board/clock_config.o
 .ARM.attributes
                0x00000344       0x2c ./board/peripherals.o
 .ARM.attributes
                0x00000370       0x2c ./board/pin_mux.o
 .ARM.attributes
                0x0000039c       0x2c ./CMSIS/system_MKL25Z4.o
 .ARM.attributes
                0x000003c8       0x2c c:/nxp/mcuxpressoide_11.6.0_8187/ide/plugins/com.nxp.mcuxpresso.tools.win32_11.6.0.202112161359/tools/bin/../lib/gcc/arm-none-eabi/10.3.1/../../../../arm-none-eabi/lib/thumb/v6-m/nofp\libcr_semihost_nf.a(__ciob.o)
 .ARM.attributes
                0x000003f4       0x2c c:/nxp/mcuxpressoide_11.6.0_8187/ide/plugins/com.nxp.mcuxpresso.tools.win32_11.6.0.202112161359/tools/bin/../lib/gcc/arm-none-eabi/10.3.1/../../../../arm-none-eabi/lib/thumb/v6-m/nofp\libcr_semihost_nf.a(_cr__main.o)
 .ARM.attributes
                0x00000420       0x2c c:/nxp/mcuxpressoide_11.6.0_8187/ide/plugins/com.nxp.mcuxpresso.tools.win32_11.6.0.202112161359/tools/bin/../lib/gcc/arm-none-eabi/10.3.1/../../../../arm-none-eabi/lib/thumb/v6-m/nofp\libcr_c.a(memcpy.o)
 .ARM.attributes
                0x0000044c       0x2c c:/nxp/mcuxpressoide_11.6.0_8187/ide/plugins/com.nxp.mcuxpresso.tools.win32_11.6.0.202112161359/tools/bin/../lib/gcc/arm-none-eabi/10.3.1/../../../../arm-none-eabi/lib/thumb/v6-m/nofp\libcr_c.a(memset.o)
 .ARM.attributes
                0x00000478       0x2c c:/nxp/mcuxpressoide_11.6.0_8187/ide/plugins/com.nxp.mcuxpresso.tools.win32_11.6.0.202112161359/tools/bin/../lib/gcc/arm-none-eabi/10.3.1/../../../../arm-none-eabi/lib/thumb/v6-m/nofp\libcr_c.a(__fillbuf.o)
 .ARM.attributes
                0x000004a4       0x2c c:/nxp/mcuxpressoide_11.6.0_8187/ide/plugins/com.nxp.mcuxpresso.tools.win32_11.6.0.202112161359/tools/bin/../lib/gcc/arm-none-eabi/10.3.1/../../../../arm-none-eabi/lib/thumb/v6-m/nofp\libcr_c.a(_deferredlazyseek.o)
 .ARM.attributes
                0x000004d0       0x2c c:/nxp/mcuxpressoide_11.6.0_8187/ide/plugins/com.nxp.mcuxpresso.tools.win32_11.6.0.202112161359/tools/bin/../lib/gcc/arm-none-eabi/10.3.1/../../../../arm-none-eabi/lib/thumb/v6-m/nofp\libcr_c.a(_fflush.o)
 .ARM.attributes
                0x000004fc       0x2c c:/nxp/mcuxpressoide_11.6.0_8187/ide/plugins/com.nxp.mcuxpresso.tools.win32_11.6.0.202112161359/tools/bin/../lib/gcc/arm-none-eabi/10.3.1/../../../../arm-none-eabi/lib/thumb/v6-m/nofp\libcr_c.a(_writebuf.o)
 .ARM.attributes
                0x00000528       0x2c c:/nxp/mcuxpressoide_11.6.0_8187/ide/plugins/com.nxp.mcuxpresso.tools.win32_11.6.0.202112161359/tools/bin/../lib/gcc/arm-none-eabi/10.3.1/../../../../arm-none-eabi/lib/thumb/v6-m/nofp\libcr_c.a(alloc.o)
 .ARM.attributes
                0x00000554       0x2c c:/nxp/mcuxpressoide_11.6.0_8187/ide/plugins/com.nxp.mcuxpresso.tools.win32_11.6.0.202112161359/tools/bin/../lib/gcc/arm-none-eabi/10.3.1/../../../../arm-none-eabi/lib/thumb/v6-m/nofp\libcr_c.a(atan2.o)
 .ARM.attributes
                0x00000580       0x2c c:/nxp/mcuxpressoide_11.6.0_8187/ide/plugins/com.nxp.mcuxpresso.tools.win32_11.6.0.202112161359/tools/bin/../lib/gcc/arm-none-eabi/10.3.1/../../../../arm-none-eabi/lib/thumb/v6-m/nofp\libcr_c.a(errno.o)
 .ARM.attributes
                0x000005ac       0x2c c:/nxp/mcuxpressoide_11.6.0_8187/ide/plugins/com.nxp.mcuxpresso.tools.win32_11.6.0.202112161359/tools/bin/../lib/gcc/arm-none-eabi/10.3.1/../../../../arm-none-eabi/lib/thumb/v6-m/nofp\libcr_c.a(fabs.o)
 .ARM.attributes
                0x000005d8       0x2c c:/nxp/mcuxpressoide_11.6.0_8187/ide/plugins/com.nxp.mcuxpresso.tools.win32_11.6.0.202112161359/tools/bin/../lib/gcc/arm-none-eabi/10.3.1/../../../../arm-none-eabi/lib/thumb/v6-m/nofp\libcr_c.a(fpprintf.o)
 .ARM.attributes
                0x00000604       0x2c c:/nxp/mcuxpressoide_11.6.0_8187/ide/plugins/com.nxp.mcuxpresso.tools.win32_11.6.0.202112161359/tools/bin/../lib/gcc/arm-none-eabi/10.3.1/../../../../arm-none-eabi/lib/thumb/v6-m/nofp\libcr_c.a(fseek.o)
 .ARM.attributes
                0x00000630       0x2c c:/nxp/mcuxpressoide_11.6.0_8187/ide/plugins/com.nxp.mcuxpresso.tools.win32_11.6.0.202112161359/tools/bin/../lib/gcc/arm-none-eabi/10.3.1/../../../../arm-none-eabi/lib/thumb/v6-m/nofp\libcr_c.a(ftell.o)
 .ARM.attributes
                0x0000065c       0x2c c:/nxp/mcuxpressoide_11.6.0_8187/ide/plugins/com.nxp.mcuxpresso.tools.win32_11.6.0.202112161359/tools/bin/../lib/gcc/arm-none-eabi/10.3.1/../../../../arm-none-eabi/lib/thumb/v6-m/nofp\libcr_c.a(initio.o)
 .ARM.attributes
                0x00000688       0x2c c:/nxp/mcuxpressoide_11.6.0_8187/ide/plugins/com.nxp.mcuxpresso.tools.win32_11.6.0.202112161359/tools/bin/../lib/gcc/arm-none-eabi/10.3.1/../../../../arm-none-eabi/lib/thumb/v6-m/nofp\libcr_c.a(printf.o)
 .ARM.attributes
                0x000006b4       0x2c c:/nxp/mcuxpressoide_11.6.0_8187/ide/plugins/com.nxp.mcuxpresso.tools.win32_11.6.0.202112161359/tools/bin/../lib/gcc/arm-none-eabi/10.3.1/../../../../arm-none-eabi/lib/thumb/v6-m/nofp\libcr_c.a(scanf.o)
 .ARM.attributes
                0x000006e0       0x2c c:/nxp/mcuxpressoide_11.6.0_8187/ide/plugins/com.nxp.mcuxpresso.tools.win32_11.6.0.202112161359/tools/bin/../lib/gcc/arm-none-eabi/10.3.1/../../../../arm-none-eabi/lib/thumb/v6-m/nofp\libcr_c.a(setvbuf.o)
 .ARM.attributes
                0x0000070c       0x2c c:/nxp/mcuxpressoide_11.6.0_8187/ide/plugins/com.nxp.mcuxpresso.tools.win32_11.6.0.202112161359/tools/bin/../lib/gcc/arm-none-eabi/10.3.1/../../../../arm-none-eabi/lib/thumb/v6-m/nofp\libcr_c.a(sqrt.o)
 .ARM.attributes
                0x00000738       0x2c c:/nxp/mcuxpressoide_11.6.0_8187/ide/plugins/com.nxp.mcuxpresso.tools.win32_11.6.0.202112161359/tools/bin/../lib/gcc/arm-none-eabi/10.3.1/../../../../arm-none-eabi/lib/thumb/v6-m/nofp\libcr_c.a(strcasecmp.o)
 .ARM.attributes
                0x00000764       0x2c c:/nxp/mcuxpressoide_11.6.0_8187/ide/plugins/com.nxp.mcuxpresso.tools.win32_11.6.0.202112161359/tools/bin/../lib/gcc/arm-none-eabi/10.3.1/../../../../arm-none-eabi/lib/thumb/v6-m/nofp\libcr_c.a(strlen.o)
 .ARM.attributes
                0x00000790       0x2c c:/nxp/mcuxpressoide_11.6.0_8187/ide/plugins/com.nxp.mcuxpresso.tools.win32_11.6.0.202112161359/tools/bin/../lib/gcc/arm-none-eabi/10.3.1/../../../../arm-none-eabi/lib/thumb/v6-m/nofp\libcr_c.a(__init_alloc.o)
 .ARM.attributes
                0x000007bc       0x2c c:/nxp/mcuxpressoide_11.6.0_8187/ide/plugins/com.nxp.mcuxpresso.tools.win32_11.6.0.202112161359/tools/bin/../lib/gcc/arm-none-eabi/10.3.1/../../../../arm-none-eabi/lib/thumb/v6-m/nofp\libcr_c.a(_cr_sbrk.o)
 .ARM.attributes
                0x000007e8       0x2c c:/nxp/mcuxpressoide_11.6.0_8187/ide/plugins/com.nxp.mcuxpresso.tools.win32_11.6.0.202112161359/tools/bin/../lib/gcc/arm-none-eabi/10.3.1/../../../../arm-none-eabi/lib/thumb/v6-m/nofp\libcr_c.a(_fdopen.o)
 .ARM.attributes
                0x00000814       0x2c c:/nxp/mcuxpressoide_11.6.0_8187/ide/plugins/com.nxp.mcuxpresso.tools.win32_11.6.0.202112161359/tools/bin/../lib/gcc/arm-none-eabi/10.3.1/../../../../arm-none-eabi/lib/thumb/v6-m/nofp\libcr_c.a(_frexpl.o)
 .ARM.attributes
                0x00000840       0x2c c:/nxp/mcuxpressoide_11.6.0_8187/ide/plugins/com.nxp.mcuxpresso.tools.win32_11.6.0.202112161359/tools/bin/../lib/gcc/arm-none-eabi/10.3.1/../../../../arm-none-eabi/lib/thumb/v6-m/nofp\libcr_c.a(_ldexpl.o)
 .ARM.attributes
                0x0000086c       0x2c c:/nxp/mcuxpressoide_11.6.0_8187/ide/plugins/com.nxp.mcuxpresso.tools.win32_11.6.0.202112161359/tools/bin/../lib/gcc/arm-none-eabi/10.3.1/../../../../arm-none-eabi/lib/thumb/v6-m/nofp\libcr_c.a(atan.o)
 .ARM.attributes
                0x00000898       0x2c c:/nxp/mcuxpressoide_11.6.0_8187/ide/plugins/com.nxp.mcuxpresso.tools.win32_11.6.0.202112161359/tools/bin/../lib/gcc/arm-none-eabi/10.3.1/../../../../arm-none-eabi/lib/thumb/v6-m/nofp\libcr_c.a(ctype.o)
 .ARM.attributes
                0x000008c4       0x2c c:/nxp/mcuxpressoide_11.6.0_8187/ide/plugins/com.nxp.mcuxpresso.tools.win32_11.6.0.202112161359/tools/bin/../lib/gcc/arm-none-eabi/10.3.1/../../../../arm-none-eabi/lib/thumb/v6-m/nofp\libcr_c.a(fclose.o)
 .ARM.attributes
                0x000008f0       0x2c c:/nxp/mcuxpressoide_11.6.0_8187/ide/plugins/com.nxp.mcuxpresso.tools.win32_11.6.0.202112161359/tools/bin/../lib/gcc/arm-none-eabi/10.3.1/../../../../arm-none-eabi/lib/thumb/v6-m/nofp\libcr_c.a(fflush.o)
 .ARM.attributes
                0x0000091c       0x2c c:/nxp/mcuxpressoide_11.6.0_8187/ide/plugins/com.nxp.mcuxpresso.tools.win32_11.6.0.202112161359/tools/bin/../lib/gcc/arm-none-eabi/10.3.1/../../../../arm-none-eabi/lib/thumb/v6-m/nofp\libcr_c.a(remove.o)
 .ARM.attributes
                0x00000948       0x2c c:/nxp/mcuxpressoide_11.6.0_8187/ide/plugins/com.nxp.mcuxpresso.tools.win32_11.6.0.202112161359/tools/bin/../lib/gcc/arm-none-eabi/10.3.1/../../../../arm-none-eabi/lib/thumb/v6-m/nofp\libcr_c.a(_cr_check_heap.o)
 .ARM.attributes
                0x00000974       0x2c c:/nxp/mcuxpressoide_11.6.0_8187/ide/plugins/com.nxp.mcuxpresso.tools.win32_11.6.0.202112161359/tools/bin/../lib/gcc/arm-none-eabi/10.3.1/../../../../arm-none-eabi/lib/thumb/v6-m/nofp\libcr_c.a(_do_fflush.o)
 .ARM.attributes
                0x000009a0       0x1c c:/nxp/mcuxpressoide_11.6.0_8187/ide/plugins/com.nxp.mcuxpresso.tools.win32_11.6.0.202112161359/tools/bin/../lib/gcc/arm-none-eabi/10.3.1/thumb/v6-m/nofp\libcr_eabihelpers.a(division_32.o)
 .ARM.attributes
                0x000009bc       0x1c c:/nxp/mcuxpressoide_11.6.0_8187/ide/plugins/com.nxp.mcuxpresso.tools.win32_11.6.0.202112161359/tools/bin/../lib/gcc/arm-none-eabi/10.3.1/thumb/v6-m/nofp\libcr_eabihelpers.a(division_idiv0.o)
 .ARM.attributes
                0x000009d8       0x2c c:/nxp/mcuxpressoide_11.6.0_8187/ide/plugins/com.nxp.mcuxpresso.tools.win32_11.6.0.202112161359/tools/bin/../lib/gcc/arm-none-eabi/10.3.1/thumb/v6-m/nofp\libcr_eabihelpers.a(double.o)
 .ARM.attributes
                0x00000a04       0x2c c:/nxp/mcuxpressoide_11.6.0_8187/ide/plugins/com.nxp.mcuxpresso.tools.win32_11.6.0.202112161359/tools/bin/../lib/gcc/arm-none-eabi/10.3.1/thumb/v6-m/nofp\libcr_eabihelpers.a(float.o)
 .ARM.attributes
                0x00000a30       0x1c c:/nxp/mcuxpressoide_11.6.0_8187/ide/plugins/com.nxp.mcuxpresso.tools.win32_11.6.0.202112161359/tools/bin/../lib/gcc/arm-none-eabi/10.3.1/thumb/v6-m/nofp\libcr_eabihelpers.a(llong.o)
 .ARM.attributes
                0x00000a4c       0x1c c:/nxp/mcuxpressoide_11.6.0_8187/ide/plugins/com.nxp.mcuxpresso.tools.win32_11.6.0.202112161359/tools/bin/../lib/gcc/arm-none-eabi/10.3.1/thumb/v6-m/nofp\libcr_eabihelpers.a(memcpy.o)
 .ARM.attributes
                0x00000a68       0x1c c:/nxp/mcuxpressoide_11.6.0_8187/ide/plugins/com.nxp.mcuxpresso.tools.win32_11.6.0.202112161359/tools/bin/../lib/gcc/arm-none-eabi/10.3.1/thumb/v6-m/nofp\libcr_eabihelpers.a(thumb1_switch_helpers.o)
 .ARM.attributes
                0x00000a84       0x1c c:/nxp/mcuxpressoide_11.6.0_8187/ide/plugins/com.nxp.mcuxpresso.tools.win32_11.6.0.202112161359/tools/bin/../lib/gcc/arm-none-eabi/10.3.1/../../../../arm-none-eabi/lib/thumb/v6-m/nofp\libcr_semihost_nf.a(__sys_appexit.o)
 .ARM.attributes
                0x00000aa0       0x1c c:/nxp/mcuxpressoide_11.6.0_8187/ide/plugins/com.nxp.mcuxpresso.tools.win32_11.6.0.202112161359/tools/bin/../lib/gcc/arm-none-eabi/10.3.1/../../../../arm-none-eabi/lib/thumb/v6-m/nofp\libcr_semihost_nf.a(__sys_close.o)
 .ARM.attributes
                0x00000abc       0x1c c:/nxp/mcuxpressoide_11.6.0_8187/ide/plugins/com.nxp.mcuxpresso.tools.win32_11.6.0.202112161359/tools/bin/../lib/gcc/arm-none-eabi/10.3.1/../../../../arm-none-eabi/lib/thumb/v6-m/nofp\libcr_semihost_nf.a(__sys_flen.o)
 .ARM.attributes
                0x00000ad8       0x1c c:/nxp/mcuxpressoide_11.6.0_8187/ide/plugins/com.nxp.mcuxpresso.tools.win32_11.6.0.202112161359/tools/bin/../lib/gcc/arm-none-eabi/10.3.1/../../../../arm-none-eabi/lib/thumb/v6-m/nofp\libcr_semihost_nf.a(__sys_istty.o)
 .ARM.attributes
                0x00000af4       0x1c c:/nxp/mcuxpressoide_11.6.0_8187/ide/plugins/com.nxp.mcuxpresso.tools.win32_11.6.0.202112161359/tools/bin/../lib/gcc/arm-none-eabi/10.3.1/../../../../arm-none-eabi/lib/thumb/v6-m/nofp\libcr_semihost_nf.a(__sys_read.o)
 .ARM.attributes
                0x00000b10       0x1c c:/nxp/mcuxpressoide_11.6.0_8187/ide/plugins/com.nxp.mcuxpresso.tools.win32_11.6.0.202112161359/tools/bin/../lib/gcc/arm-none-eabi/10.3.1/../../../../arm-none-eabi/lib/thumb/v6-m/nofp\libcr_semihost_nf.a(__sys_remove.o)
 .ARM.attributes
                0x00000b2c       0x1c c:/nxp/mcuxpressoide_11.6.0_8187/ide/plugins/com.nxp.mcuxpresso.tools.win32_11.6.0.202112161359/tools/bin/../lib/gcc/arm-none-eabi/10.3.1/../../../../arm-none-eabi/lib/thumb/v6-m/nofp\libcr_semihost_nf.a(__sys_seek.o)
 .ARM.attributes