../source/test_cases.c:27:5:cbfifo_test1	56	static
../source/test_cases.c:43:5:cbfifo_test2	16	static
../source/test_cases.c:56:5:cbfifo_test3	16	static
../source/test_cases.c:69:5:cbfifo_test4	88	static
../source/test_cases.c:91:5:cbfifo_test5	288	static
../source/test_cases.c:107:5:cbfifo_test6	112	static
../source/test_cases.c:131:5:cbfifo_test7	72	static
../source/test_cases.c:145:5:cbfifo_test8	120	static
../source/test_cases.c:161:5:cbfifo_test9	24	static
../source/test_cases.c:173:6:test_cbfifo	48	static
../source/test_cases.c:197:6:test_accelerometer	8	static
../source/test_cases.c:211:6:test_systick	8	static
../source/test_cases.c:224:6:test_TSI	24	static
